Archive member included to satisfy reference by file (symbol)

../../DaisyExamples/libDaisy/build/libdaisy.a(daisy_pod.o)
                              build/SynthV1.o (daisy::DaisyPod::StartAudio(void (*)(float const*, float*, unsigned int)))
../../DaisyExamples/libDaisy/build/libdaisy.a(daisy_seed.o)
                              ../../DaisyExamples/libDaisy/build/libdaisy.a(daisy_pod.o) (daisy::DaisySeed::Configure())
../../DaisyExamples/libDaisy/build/libdaisy.a(codec_ak4556.o)
                              ../../DaisyExamples/libDaisy/build/libdaisy.a(daisy_seed.o) (daisy::Ak4556::Init(dsy_gpio_pin))
../../DaisyExamples/libDaisy/build/libdaisy.a(codec_wm8731.o)
                              ../../DaisyExamples/libDaisy/build/libdaisy.a(daisy_seed.o) (daisy::Wm8731::Init(daisy::Wm8731::Config const&, daisy::I2CHandle))
../../DaisyExamples/libDaisy/build/libdaisy.a(sdram.o)
                              ../../DaisyExamples/libDaisy/build/libdaisy.a(daisy_seed.o) (SdramHandle::Init())
../../DaisyExamples/libDaisy/build/libdaisy.a(audio.o)
                              ../../DaisyExamples/libDaisy/build/libdaisy.a(daisy_seed.o) (daisy::AudioHandle::Init(daisy::AudioHandle::Config const&, daisy::SaiHandle))
../../DaisyExamples/libDaisy/build/libdaisy.a(ctrl.o)
                              ../../DaisyExamples/libDaisy/build/libdaisy.a(daisy_pod.o) (daisy::AnalogControl::Init(unsigned short*, float, bool, bool, float))
../../DaisyExamples/libDaisy/build/libdaisy.a(encoder.o)
                              ../../DaisyExamples/libDaisy/build/libdaisy.a(daisy_pod.o) (daisy::Encoder::Init(dsy_gpio_pin, dsy_gpio_pin, dsy_gpio_pin, float))
../../DaisyExamples/libDaisy/build/libdaisy.a(midi.o)
                              build/SynthV1.o (daisy::MidiUartTransport::Config::Config())
../../DaisyExamples/libDaisy/build/libdaisy.a(midi_parser.o)
                              ../../DaisyExamples/libDaisy/build/libdaisy.a(daisy_pod.o) (daisy::MidiParser::Reset())
../../DaisyExamples/libDaisy/build/libdaisy.a(rgb_led.o)
                              ../../DaisyExamples/libDaisy/build/libdaisy.a(daisy_pod.o) (daisy::RgbLed::Init(dsy_gpio_pin, dsy_gpio_pin, dsy_gpio_pin, bool))
../../DaisyExamples/libDaisy/build/libdaisy.a(switch.o)
                              ../../DaisyExamples/libDaisy/build/libdaisy.a(daisy_pod.o) (daisy::Switch::Init(dsy_gpio_pin, float))
../../DaisyExamples/libDaisy/build/libdaisy.a(adc.o)
                              ../../DaisyExamples/libDaisy/build/libdaisy.a(daisy_pod.o) (daisy::AdcChannelConfig::InitSingle(dsy_gpio_pin, daisy::AdcChannelConfig::ConversionSpeed))
../../DaisyExamples/libDaisy/build/libdaisy.a(gpio.o)
                              ../../DaisyExamples/libDaisy/build/libdaisy.a(daisy_seed.o) (daisy::GPIO::Init(daisy::Pin, daisy::GPIO::Mode, daisy::GPIO::Pull, daisy::GPIO::Speed))
../../DaisyExamples/libDaisy/build/libdaisy.a(i2c.o)
                              ../../DaisyExamples/libDaisy/build/libdaisy.a(daisy_seed.o) (daisy::I2CHandle::Init(daisy::I2CHandle::Config const&))
../../DaisyExamples/libDaisy/build/libdaisy.a(qspi.o)
                              ../../DaisyExamples/libDaisy/build/libdaisy.a(daisy_seed.o) (daisy::QSPIHandle::Init(daisy::QSPIHandle::Config const&))
../../DaisyExamples/libDaisy/build/libdaisy.a(sai.o)
                              ../../DaisyExamples/libDaisy/build/libdaisy.a(daisy_seed.o) (daisy::SaiHandle::Init(daisy::SaiHandle::Config const&))
../../DaisyExamples/libDaisy/build/libdaisy.a(uart.o)
                              ../../DaisyExamples/libDaisy/build/libdaisy.a(daisy_pod.o) (daisy::UartHandler::Init(daisy::UartHandler::Config const&))
../../DaisyExamples/libDaisy/build/libdaisy.a(dma.o)
                              ../../DaisyExamples/libDaisy/build/libdaisy.a(uart.o) (dsy_dma_invalidate_cache_for_buffer)
../../DaisyExamples/libDaisy/build/libdaisy.a(system.o)
                              ../../DaisyExamples/libDaisy/build/libdaisy.a(daisy_seed.o) (daisy::System::DeInit())
../../DaisyExamples/libDaisy/build/libdaisy.a(system_stm32h7xx.o)
                              build/startup_stm32h750xx.o (SystemInit)
../../DaisyExamples/libDaisy/build/libdaisy.a(usbd_conf.o)
                              ../../DaisyExamples/libDaisy/build/libdaisy.a(system.o) (hpcd_USB_OTG_HS)
../../DaisyExamples/libDaisy/build/libdaisy.a(usbh_conf.o)
                              ../../DaisyExamples/libDaisy/build/libdaisy.a(system.o) (hhcd_USB_OTG_HS)
../../DaisyExamples/libDaisy/build/libdaisy.a(color.o)
                              ../../DaisyExamples/libDaisy/build/libdaisy.a(daisy_pod.o) (daisy::Color::Init(daisy::Color::PresetColor))
../../DaisyExamples/libDaisy/build/libdaisy.a(hal_map.o)
                              ../../DaisyExamples/libDaisy/build/libdaisy.a(gpio.o) (dsy_hal_map_get_port)
../../DaisyExamples/libDaisy/build/libdaisy.a(stm32h7xx_hal.o)
                              ../../DaisyExamples/libDaisy/build/libdaisy.a(system.o) (HAL_Init)
[...]
Memory Configuration

Name             Origin             Length             Attributes
FLASH            0x0000000008000000 0x0000000000020000 xr
DTCMRAM          0x0000000020000000 0x0000000000020000 xrw
SRAM             0x0000000024000000 0x0000000000080000 xrw
RAM_D2           0x0000000030000000 0x0000000000048000 xrw
RAM_D3           0x0000000038000000 0x0000000000010000 xrw
BACKUP_SRAM      0x0000000038800000 0x0000000000001000 xrw
ITCMRAM          0x0000000000000000 0x0000000000010000 xrw
SDRAM            0x00000000c0000000 0x0000000004000000 xrw
QSPIFLASH        0x0000000090000000 0x0000000000800000 xr
*default*        0x0000000000000000 0xffffffffffffffff

Linker script and memory map

LOAD /Library/DaisyToolchain/0.2.0/arm/bin/../lib/gcc/arm-none-eabi/10.3.1/thumb/v7e-m+dp/hard/crti.o
LOAD /Library/DaisyToolchain/0.2.0/arm/bin/../lib/gcc/arm-none-eabi/10.3.1/thumb/v7e-m+dp/hard/crtbegin.o
LOAD /Library/DaisyToolchain/0.2.0/arm/bin/../lib/gcc/arm-none-eabi/10.3.1/../../../../arm-none-eabi/lib/thumb/v7e-m+dp/hard/crt0.o
LOAD build/startup_stm32h750xx.o
LOAD build/SynthV1.o
LOAD ../../DaisyExamples/libDaisy/build/libdaisy.a
LOAD /Library/DaisyToolchain/0.2.0/arm/bin/../lib/gcc/arm-none-eabi/10.3.1/../../../../arm-none-eabi/lib/thumb/v7e-m+dp/hard/libnosys.a
LOAD ../../DaisyExamples/DaisySP/build/libdaisysp.a
LOAD ../../DaisyExamples/DaisySP/DaisySP-LGPL/build/libdaisysp-lgpl.a
LOAD /Library/DaisyToolchain/0.2.0/arm/bin/../lib/gcc/arm-none-eabi/10.3.1/../../../../arm-none-eabi/lib/thumb/v7e-m+dp/hard/libstdc++_nano.a
LOAD /Library/DaisyToolchain/0.2.0/arm/bin/../lib/gcc/arm-none-eabi/10.3.1/../../../../arm-none-eabi/lib/thumb/v7e-m+dp/hard/libm.a
LOAD /Library/DaisyToolchain/0.2.0/arm/bin/../lib/gcc/arm-none-eabi/10.3.1/../../../../arm-none-eabi/lib/thumb/v7e-m+dp/hard/libc_nano.a
START GROUP
LOAD /Library/DaisyToolchain/0.2.0/arm/bin/../lib/gcc/arm-none-eabi/10.3.1/thumb/v7e-m+dp/hard/libgcc.a
LOAD /Library/DaisyToolchain/0.2.0/arm/bin/../lib/gcc/arm-none-eabi/10.3.1/../../../../arm-none-eabi/lib/thumb/v7e-m+dp/hard/libc_nano.a
END GROUP
START GROUP
LOAD /Library/DaisyToolchain/0.2.0/arm/bin/../lib/gcc/arm-none-eabi/10.3.1/thumb/v7e-m+dp/hard/libgcc.a
LOAD /Library/DaisyToolchain/0.2.0/arm/bin/../lib/gcc/arm-none-eabi/10.3.1/../../../../arm-none-eabi/lib/thumb/v7e-m+dp/hard/libc_nano.a
LOAD /Library/DaisyToolchain/0.2.0/arm/bin/../lib/gcc/arm-none-eabi/10.3.1/../../../../arm-none-eabi/lib/thumb/v7e-m+dp/hard/libnosys.a
END GROUP
START GROUP
LOAD /Library/DaisyToolchain/0.2.0/arm/bin/../lib/gcc/arm-none-eabi/10.3.1/thumb/v7e-m+dp/hard/libgcc.a
LOAD /Library/DaisyToolchain/0.2.0/arm/bin/../lib/gcc/arm-none-eabi/10.3.1/../../../../arm-none-eabi/lib/thumb/v7e-m+dp/hard/libc_nano.a
LOAD /Library/DaisyToolchain/0.2.0/arm/bin/../lib/gcc/arm-none-eabi/10.3.1/../../../../arm-none-eabi/lib/thumb/v7e-m+dp/hard/libnosys.a
END GROUP
LOAD /Library/DaisyToolchain/0.2.0/arm/bin/../lib/gcc/arm-none-eabi/10.3.1/thumb/v7e-m+dp/hard/crtend.o
LOAD /Library/DaisyToolchain/0.2.0/arm/bin/../lib/gcc/arm-none-eabi/10.3.1/thumb/v7e-m+dp/hard/crtn.o
                0x0000000020020000                _estack = 0x20020000

.isr_vector     0x0000000008000000      0x298
                0x0000000008000000                . = ALIGN (0x4)
 *(.isr_vector)
 .isr_vector    0x0000000008000000      0x298 build/startup_stm32h750xx.o
                0x0000000008000000                g_pfnVectors
                0x0000000008000298                . = ALIGN (0x4)

.text           0x0000000008000298    0x11bd8
                0x0000000008000298                . = ALIGN (0x4)
                0x0000000008000298                _stext = .
 *(.text)
 .text          0x0000000008000298       0x40 /Library/DaisyToolchain/0.2.0/arm/bin/../lib/gcc/arm-none-eabi/10.3.1/thumb/v7e-m+dp/hard/crtbegin.o
 .text          0x00000000080002d8      0x378 /Library/DaisyToolchain/0.2.0/arm/bin/../lib/gcc/arm-none-eabi/10.3.1/thumb/v7e-m+dp/hard/libgcc.a(_arm_addsubdf3.o)
                0x00000000080002d8                __aeabi_drsub
                0x00000000080002e0                __subdf3
                0x00000000080002e0                __aeabi_dsub
                0x00000000080002e4                __aeabi_dadd
                0x00000000080002e4                __adddf3
                0x000000000800055c                __aeabi_ui2d
                0x000000000800055c                __floatunsidf
                0x000000000800057c                __floatsidf
                0x000000000800057c                __aeabi_i2d
                0x00000000080005a0                __extendsfdf2
                0x00000000080005a0                __aeabi_f2d
                0x00000000080005e4                __aeabi_ul2d
                0x00000000080005e4                __floatundidf
                0x00000000080005f4                __aeabi_l2d
                0x00000000080005f4                __floatdidf
 .text          0x0000000008000650       0x30 /Library/DaisyToolchain/0.2.0/arm/bin/../lib/gcc/arm-none-eabi/10.3.1/thumb/v7e-m+dp/hard/libgcc.a(_aeabi_uldivmod.o)
                0x0000000008000650                __aeabi_uldivmod
 .text          0x0000000008000680      0x2d0 /Library/DaisyToolchain/0.2.0/arm/bin/../lib/gcc/arm-none-eabi/10.3.1/thumb/v7e-m+dp/hard/libgcc.a(_udivmoddi4.o)
                0x0000000008000680                __udivmoddi4
 .text          0x0000000008000950        0x4 /Library/DaisyToolchain/0.2.0/arm/bin/../lib/gcc/arm-none-eabi/10.3.1/thumb/v7e-m+dp/hard/libgcc.a(_dvmd_tls.o)
                0x0000000008000950                __aeabi_ldiv0
                0x0000000008000950                __aeabi_idiv0
 *(.text*)
 .text.Default_Handler
                0x0000000008000954        0x4 build/startup_stm32h750xx.o
                0x0000000008000954                SAI1_IRQHandler
                0x0000000008000954                HASH_RNG_IRQHandler
                0x0000000008000954                EXTI2_IRQHandler
                0x0000000008000954                TIM8_CC_IRQHandler
                0x0000000008000954                HRTIM1_Master_IRQHandler
                0x0000000008000954                DebugMon_Handler
                0x0000000008000954                TIM1_CC_IRQHandler
                0x0000000008000954                BDMA_Channel6_IRQHandler
                0x0000000008000954                DMA2_Stream5_IRQHandler
                0x0000000008000954                HRTIM1_FLT_IRQHandler
                0x0000000008000954                JPEG_IRQHandler
                0x0000000008000954                BDMA_Channel1_IRQHandler
                0x0000000008000954                HRTIM1_TIMD_IRQHandler
                0x0000000008000954                TAMP_STAMP_IRQHandler
                0x0000000008000954                PendSV_Handler
                0x0000000008000954                NMI_Handler
                0x0000000008000954                EXTI3_IRQHandler
                0x0000000008000954                LPTIM4_IRQHandler
                0x0000000008000954                TIM8_TRG_COM_TIM14_IRQHandler
                0x0000000008000954                LPTIM2_IRQHandler
                0x0000000008000954                DFSDM1_FLT1_IRQHandler
                0x0000000008000954                DMAMUX2_OVR_IRQHandler
                0x0000000008000954                TIM8_UP_TIM13_IRQHandler
                0x0000000008000954                I2C3_ER_IRQHandler
                0x0000000008000954                DFSDM1_FLT2_IRQHandler
                0x0000000008000954                MDMA_IRQHandler
                0x0000000008000954                LPTIM3_IRQHandler
                0x0000000008000954                HSEM1_IRQHandler
                0x0000000008000954                EXTI0_IRQHandler
                0x0000000008000954                FPU_IRQHandler
                0x0000000008000954                OTG_HS_WKUP_IRQHandler
                0x0000000008000954                FDCAN1_IT1_IRQHandler
                0x0000000008000954                UsageFault_Handler
                0x0000000008000954                LTDC_ER_IRQHandler
                0x0000000008000954                HRTIM1_TIME_IRQHandler
                0x0000000008000954                TIM6_DAC_IRQHandler
                0x0000000008000954                DCMI_IRQHandler
                0x0000000008000954                HRTIM1_TIMC_IRQHandler
                0x0000000008000954                SAI2_IRQHandler
                0x0000000008000954                DFSDM1_FLT3_IRQHandler
                0x0000000008000954                TIM17_IRQHandler
                0x0000000008000954                CRYP_IRQHandler
                0x0000000008000954                BDMA_Channel7_IRQHandler
                0x0000000008000954                LPTIM5_IRQHandler
                0x0000000008000954                ADC3_IRQHandler
                0x0000000008000954                DMA2_Stream0_IRQHandler
                0x0000000008000954                BDMA_Channel2_IRQHandler
                0x0000000008000954                DMAMUX1_OVR_IRQHandler
                0x0000000008000954                TIM16_IRQHandler
                0x0000000008000954                BDMA_Channel5_IRQHandler
                0x0000000008000954                RCC_IRQHandler
                0x0000000008000954                TIM8_BRK_TIM12_IRQHandler
                0x0000000008000954                TIM1_TRG_COM_IRQHandler
                0x0000000008000954                Default_Handler
                0x0000000008000954                ECC_IRQHandler
                0x0000000008000954                CEC_IRQHandler
                0x0000000008000954                EXTI15_10_IRQHandler
                0x0000000008000954                BDMA_Channel0_IRQHandler
                0x0000000008000954                ADC_IRQHandler
                0x0000000008000954                DMA1_Stream7_IRQHandler
                0x0000000008000954                HRTIM1_TIMA_IRQHandler
                0x0000000008000954                TIM7_IRQHandler
                0x0000000008000954                SDMMC1_IRQHandler
                0x0000000008000954                DMA2_Stream7_IRQHandler
                0x0000000008000954                TIM15_IRQHandler
                0x0000000008000954                PVD_AVD_IRQHandler
                0x0000000008000954                EXTI9_5_IRQHandler
                0x0000000008000954                RTC_WKUP_IRQHandler
                0x0000000008000954                LTDC_IRQHandler
                0x0000000008000954                SAI3_IRQHandler
                0x0000000008000954                ETH_WKUP_IRQHandler
                0x0000000008000954                SPDIF_RX_IRQHandler
                0x0000000008000954                MemManage_Handler
                0x0000000008000954                SVC_Handler
                0x0000000008000954                CRS_IRQHandler
                0x0000000008000954                EXTI4_IRQHandler
                0x0000000008000954                HRTIM1_TIMB_IRQHandler
                0x0000000008000954                FDCAN2_IT1_IRQHandler
                0x0000000008000954                ETH_IRQHandler
                0x0000000008000954                TIM1_UP_IRQHandler
                0x0000000008000954                BDMA_Channel4_IRQHandler
                0x0000000008000954                WWDG_IRQHandler
                0x0000000008000954                SPI6_IRQHandler
                0x0000000008000954                I2C4_EV_IRQHandler
                0x0000000008000954                MDIOS_IRQHandler
                0x0000000008000954                FDCAN2_IT0_IRQHandler
                0x0000000008000954                FDCAN1_IT0_IRQHandler
                0x0000000008000954                OTG_FS_WKUP_IRQHandler
                0x0000000008000954                DMA2D_IRQHandler
                0x0000000008000954                TIM1_BRK_IRQHandler
                0x0000000008000954                EXTI1_IRQHandler
                0x0000000008000954                SDMMC2_IRQHandler
                0x0000000008000954                OTG_FS_EP1_OUT_IRQHandler
                0x0000000008000954                BDMA_Channel3_IRQHandler
                0x0000000008000954                MDIOS_WKUP_IRQHandler
                0x0000000008000954                DFSDM1_FLT0_IRQHandler
                0x0000000008000954                SAI4_IRQHandler
                0x0000000008000954                I2C2_ER_IRQHandler
                0x0000000008000954                DMA2_Stream1_IRQHandler
                0x0000000008000954                FLASH_IRQHandler
                0x0000000008000954                BusFault_Handler
                0x0000000008000954                OTG_FS_IRQHandler
                0x0000000008000954                WAKEUP_PIN_IRQHandler
                0x0000000008000954                OTG_FS_EP1_IN_IRQHandler
                0x0000000008000954                I2C1_ER_IRQHandler
                0x0000000008000954                FMC_IRQHandler
                0x0000000008000954                FDCAN_CAL_IRQHandler
                0x0000000008000954                SWPMI1_IRQHandler
                0x0000000008000954                COMP1_IRQHandler
                0x0000000008000954                LPTIM1_IRQHandler
                0x0000000008000954                I2C4_ER_IRQHandler
                0x0000000008000954                DMA2_Stream6_IRQHandler
                0x0000000008000954                RTC_Alarm_IRQHandler
 .text.Reset_Handler
                0x0000000008000958       0x44 build/startup_stm32h750xx.o
                0x0000000008000958                Reset_Handler
 .text._ZN5daisy8DaisyPodD2Ev
                0x000000000800099c        0x4 build/SynthV1.o
                0x000000000800099c                daisy::DaisyPod::~DaisyPod()
                0x000000000800099c                daisy::DaisyPod::~DaisyPod()
 .text._ZN7daisysp10OscillatorD2Ev
                0x00000000080009a0        0x4 build/SynthV1.o
                0x00000000080009a0                daisysp::Oscillator::~Oscillator()
                0x00000000080009a0                daisysp::Oscillator::~Oscillator()
 .text._ZL13AudioCallbackPKfPfj
                0x00000000080009a4       0x58 build/SynthV1.o
 .text.startup.main
                0x00000000080009fc       0x9c build/SynthV1.o
                0x00000000080009fc                main
 .text.startup._GLOBAL__sub_I_pod
                0x0000000008000a98       0x6c build/SynthV1.o
 .text._ZN5daisy8DaisyPod10StartAudioEPFvPKfPfjE
                0x0000000008000b04        0x4 ../../DaisyExamples/libDaisy/build/libdaisy.a(daisy_pod.o)
                0x0000000008000b04                daisy::DaisyPod::StartAudio(void (*)(float const*, float*, unsigned int))
 .text._ZN5daisy8DaisyPod17SetAudioBlockSizeEj
                0x0000000008000b08       0x2c ../../DaisyExamples/libDaisy/build/libdaisy.a(daisy_pod.o)
                0x0000000008000b08                daisy::DaisyPod::SetAudioBlockSize(unsigned int)
 .text._ZN5daisy8DaisyPod15AudioSampleRateEv
                0x0000000008000b34        0x4 ../../DaisyExamples/libDaisy/build/libdaisy.a(daisy_pod.o)
                0x0000000008000b34                daisy::DaisyPod::AudioSampleRate()
 .text._ZN5daisy8DaisyPod8StartAdcEv
                0x0000000008000b38        0x8 ../../DaisyExamples/libDaisy/build/libdaisy.a(daisy_pod.o)
                0x0000000008000b38                daisy::DaisyPod::StartAdc()
 .text._ZN5daisy8DaisyPod8InitLedsEv
                0x0000000008000b40       0x98 ../../DaisyExamples/libDaisy/build/libdaisy.a(daisy_pod.o)
                0x0000000008000b40                daisy::DaisyPod::InitLeds()
 .text._ZN5daisy8DaisyPod9InitKnobsEv
                0x0000000008000bd8       0x90 ../../DaisyExamples/libDaisy/build/libdaisy.a(daisy_pod.o)
                0x0000000008000bd8                daisy::DaisyPod::InitKnobs()
 .text._ZN5daisy8DaisyPod4InitEb
                0x0000000008000c68      0x128 ../../DaisyExamples/libDaisy/build/libdaisy.a(daisy_pod.o)
                0x0000000008000c68                daisy::DaisyPod::Init(bool)
 .text._ZN5daisy9DaisySeed9ConfigureEv
                0x0000000008000d90        0x4 ../../DaisyExamples/libDaisy/build/libdaisy.a(daisy_seed.o)
                0x0000000008000d90                daisy::DaisySeed::Configure()
 .text._ZN5daisy9DaisySeed10StartAudioEPFvPKfPfjE
                0x0000000008000d94        0x8 ../../DaisyExamples/libDaisy/build/libdaisy.a(daisy_seed.o)
                0x0000000008000d94                daisy::DaisySeed::StartAudio(void (*)(float const*, float*, unsigned int))
 .text._ZN5daisy9DaisySeed15AudioSampleRateEv
                0x0000000008000d9c        0x8 ../../DaisyExamples/libDaisy/build/libdaisy.a(daisy_seed.o)
                0x0000000008000d9c                daisy::DaisySeed::AudioSampleRate()
 .text._ZN5daisy9DaisySeed17SetAudioBlockSizeEj
                0x0000000008000da4       0x38 ../../DaisyExamples/libDaisy/build/libdaisy.a(daisy_seed.o)
                0x0000000008000da4                daisy::DaisySeed::SetAudioBlockSize(unsigned int)
 .text._ZNK5daisy9DaisySeed17AudioCallbackRateEv
                0x0000000008000ddc        0x8 ../../DaisyExamples/libDaisy/build/libdaisy.a(daisy_seed.o)
                0x0000000008000ddc                daisy::DaisySeed::AudioCallbackRate() const
 .text._ZN5daisy9DaisySeed17CheckBoardVersionEv
                0x0000000008000de4       0x6c ../../DaisyExamples/libDaisy/build/libdaisy.a(daisy_seed.o)
                0x0000000008000de4                daisy::DaisySeed::CheckBoardVersion()
 .text._ZN5daisy9DaisySeed14ConfigureAudioEv
                0x0000000008000e50      0x10c ../../DaisyExamples/libDaisy/build/libdaisy.a(daisy_seed.o)
                0x0000000008000e50                daisy::DaisySeed::ConfigureAudio()
 .text._ZN5daisy9DaisySeed4InitEb
                0x0000000008000f5c      0x108 ../../DaisyExamples/libDaisy/build/libdaisy.a(daisy_seed.o)
                0x0000000008000f5c                daisy::DaisySeed::Init(bool)
 .text._ZN5daisy6Ak45564InitE12dsy_gpio_pin
                0x0000000008001064       0x44 ../../DaisyExamples/libDaisy/build/libdaisy.a(codec_ak4556.o)
                0x0000000008001064                daisy::Ak4556::Init(dsy_gpio_pin)
 .text._ZN5daisy6Wm873120WriteControlRegisterEht
                0x00000000080010a8       0x3c ../../DaisyExamples/libDaisy/build/libdaisy.a(codec_wm8731.o)
                0x00000000080010a8                daisy::Wm8731::WriteControlRegister(unsigned char, unsigned short)
 .text._ZN5daisy6Wm87314InitERKNS0_6ConfigENS_9I2CHandleE
                0x00000000080010e4      0x1bc ../../DaisyExamples/libDaisy/build/libdaisy.a(codec_wm8731.o)
                0x00000000080010e4                daisy::Wm8731::Init(daisy::Wm8731::Config const&, daisy::I2CHandle)
 .text._ZN11SdramHandle10DeviceInitEv
                0x00000000080012a0       0x98 ../../DaisyExamples/libDaisy/build/libdaisy.a(sdram.o)
                0x00000000080012a0                SdramHandle::DeviceInit()
 .text._ZN11SdramHandle4InitEv
                0x0000000008001338       0x7c ../../DaisyExamples/libDaisy/build/libdaisy.a(sdram.o)
                0x0000000008001338                SdramHandle::Init()
 .text.HAL_SDRAM_MspInit
                0x00000000080013b4      0x1a8 ../../DaisyExamples/libDaisy/build/libdaisy.a(sdram.o)
                0x00000000080013b4                HAL_SDRAM_MspInit
 .text._ZN5daisy11AudioHandle4Impl16InternalCallbackEPlS2_j
                0x000000000800155c      0xbbc ../../DaisyExamples/libDaisy/build/libdaisy.a(audio.o)
                0x000000000800155c                daisy::AudioHandle::Impl::InternalCallback(long*, long*, unsigned int)
 .text._ZN5daisy11AudioHandle4InitERKNS0_6ConfigENS_9SaiHandleE
                0x0000000008002118       0x70 ../../DaisyExamples/libDaisy/build/libdaisy.a(audio.o)
                0x0000000008002118                daisy::AudioHandle::Init(daisy::AudioHandle::Config const&, daisy::SaiHandle)
 .text._ZNK5daisy11AudioHandle9GetConfigEv
                0x0000000008002188        0x8 ../../DaisyExamples/libDaisy/build/libdaisy.a(audio.o)
                0x0000000008002188                daisy::AudioHandle::GetConfig() const
 .text._ZN5daisy11AudioHandle12SetBlockSizeEj
                0x0000000008002190       0x1c ../../DaisyExamples/libDaisy/build/libdaisy.a(audio.o)
                0x0000000008002190                daisy::AudioHandle::SetBlockSize(unsigned int)
 .text._ZN5daisy11AudioHandle13GetSampleRateEv
                0x00000000080021ac        0x8 ../../DaisyExamples/libDaisy/build/libdaisy.a(audio.o)
                0x00000000080021ac                daisy::AudioHandle::GetSampleRate()
 .text._ZN5daisy11AudioHandle5StartEPFvPKfPfjE
                0x00000000080021b4       0x2c ../../DaisyExamples/libDaisy/build/libdaisy.a(audio.o)
                0x00000000080021b4                daisy::AudioHandle::Start(void (*)(float const*, float*, unsigned int))
 .text.startup._GLOBAL__sub_I__ZN5daisy11AudioHandle4Impl4InitENS0_6ConfigENS_9SaiHandleE
                0x00000000080021e0       0x24 ../../DaisyExamples/libDaisy/build/libdaisy.a(audio.o)
 .text._ZN5daisy13AnalogControl4InitEPtfbbf
                0x0000000008002204       0x64 ../../DaisyExamples/libDaisy/build/libdaisy.a(ctrl.o)
                0x0000000008002204                daisy::AnalogControl::Init(unsigned short*, float, bool, bool, float)
 .text._ZN5daisy13AnalogControl13SetSampleRateEf
                0x0000000008002268       0x58 ../../DaisyExamples/libDaisy/build/libdaisy.a(ctrl.o)
                0x0000000008002268                daisy::AnalogControl::SetSampleRate(float)
 .text._ZN5daisy7Encoder4InitE12dsy_gpio_pinS1_S1_f
                0x00000000080022c0       0x60 ../../DaisyExamples/libDaisy/build/libdaisy.a(encoder.o)
                0x00000000080022c0                daisy::Encoder::Init(dsy_gpio_pin, dsy_gpio_pin, dsy_gpio_pin, float)
 .text._ZN5daisy17MidiUartTransport6ConfigC2Ev
                0x0000000008002320       0x28 ../../DaisyExamples/libDaisy/build/libdaisy.a(midi.o)
                0x0000000008002320                daisy::MidiUartTransport::Config::Config()
                0x0000000008002320                daisy::MidiUartTransport::Config::Config()
 .text._ZN5daisy10MidiParser5ResetEv
                0x0000000008002348        0xc ../../DaisyExamples/libDaisy/build/libdaisy.a(midi_parser.o)
                0x0000000008002348                daisy::MidiParser::Reset()
 .text._ZN5daisy6RgbLed4InitE12dsy_gpio_pinS1_S1_b
                0x0000000008002354       0x50 ../../DaisyExamples/libDaisy/build/libdaisy.a(rgb_led.o)
                0x0000000008002354                daisy::RgbLed::Init(dsy_gpio_pin, dsy_gpio_pin, dsy_gpio_pin, bool)
 .text._ZN5daisy6RgbLed8SetColorENS_5ColorE
                0x00000000080023a4       0x2c ../../DaisyExamples/libDaisy/build/libdaisy.a(rgb_led.o)
                0x00000000080023a4                daisy::RgbLed::SetColor(daisy::Color)
 .text._ZN5daisy6RgbLed6UpdateEv
                0x00000000080023d0       0x1c ../../DaisyExamples/libDaisy/build/libdaisy.a(rgb_led.o)
                0x00000000080023d0                daisy::RgbLed::Update()
 .text._ZN5daisy6Switch4InitE12dsy_gpio_pinf
                0x00000000080023ec       0x34 ../../DaisyExamples/libDaisy/build/libdaisy.a(switch.o)
                0x00000000080023ec                daisy::Switch::Init(dsy_gpio_pin, float)
 .text._ZN5daisy16AdcChannelConfig10InitSingleE12dsy_gpio_pinNS0_15ConversionSpeedE
                0x0000000008002420       0x28 ../../DaisyExamples/libDaisy/build/libdaisy.a(adc.o)
                0x0000000008002420                daisy::AdcChannelConfig::InitSingle(dsy_gpio_pin, daisy::AdcChannelConfig::ConversionSpeed)
 .text._ZN5daisy9AdcHandle4InitEPNS_16AdcChannelConfigEjNS0_12OverSamplingE
                0x0000000008002448      0x41c ../../DaisyExamples/libDaisy/build/libdaisy.a(adc.o)
                0x0000000008002448                daisy::AdcHandle::Init(daisy::AdcChannelConfig*, unsigned int, daisy::AdcHandle::OverSampling)
 .text._ZN5daisy9AdcHandle5StartEv
                0x0000000008002864       0x2c ../../DaisyExamples/libDaisy/build/libdaisy.a(adc.o)
                0x0000000008002864                daisy::AdcHandle::Start()
 .text._ZNK5daisy9AdcHandle6GetPtrEh
                0x0000000008002890       0x14 ../../DaisyExamples/libDaisy/build/libdaisy.a(adc.o)
                0x0000000008002890                daisy::AdcHandle::GetPtr(unsigned char) const
 .text.HAL_ADC_MspInit
                0x00000000080028a4       0x98 ../../DaisyExamples/libDaisy/build/libdaisy.a(adc.o)
                0x00000000080028a4                HAL_ADC_MspInit
 .text.DMA1_Stream2_IRQHandler
                0x000000000800293c        0xc ../../DaisyExamples/libDaisy/build/libdaisy.a(adc.o)
                0x000000000800293c                DMA1_Stream2_IRQHandler
 .text.HAL_ADC_ConvCpltCallback
                0x0000000008002948      0x148 ../../DaisyExamples/libDaisy/build/libdaisy.a(adc.o)
                0x0000000008002948                HAL_ADC_ConvCpltCallback
 .text.HAL_ADC_ErrorCallback
                0x0000000008002a90        0x4 ../../DaisyExamples/libDaisy/build/libdaisy.a(adc.o)
                0x0000000008002a90                HAL_ADC_ErrorCallback
 .text._ZN5daisy4GPIO4InitENS_3PinENS0_4ModeENS0_4PullENS0_5SpeedE
                0x0000000008002a94      0x1cc ../../DaisyExamples/libDaisy/build/libdaisy.a(gpio.o)
                0x0000000008002a94                daisy::GPIO::Init(daisy::Pin, daisy::GPIO::Mode, daisy::GPIO::Pull, daisy::GPIO::Speed)
 .text._ZN5daisy4GPIO4ReadEv
                0x0000000008002c60       0x18 ../../DaisyExamples/libDaisy/build/libdaisy.a(gpio.o)
                0x0000000008002c60                daisy::GPIO::Read()
 .text._ZN5daisy4GPIO5WriteEb
                0x0000000008002c78       0x14 ../../DaisyExamples/libDaisy/build/libdaisy.a(gpio.o)
                0x0000000008002c78                daisy::GPIO::Write(bool)
 .text.dsy_gpio_init
                0x0000000008002c8c      0x1b8 ../../DaisyExamples/libDaisy/build/libdaisy.a(gpio.o)
                0x0000000008002c8c                dsy_gpio_init
 .text.dsy_gpio_write
                0x0000000008002e44       0x24 ../../DaisyExamples/libDaisy/build/libdaisy.a(gpio.o)
                0x0000000008002e44                dsy_gpio_write
 .text._ZN5daisy9I2CHandle4Impl8InitPinsEv
                0x0000000008002e68       0x58 ../../DaisyExamples/libDaisy/build/libdaisy.a(i2c.o)
                0x0000000008002e68                daisy::I2CHandle::Impl::InitPins()
 .text.HAL_I2C_MspInit
                0x0000000008002ec0      0x1b4 ../../DaisyExamples/libDaisy/build/libdaisy.a(i2c.o)
                0x0000000008002ec0                HAL_I2C_MspInit
 .text.dsy_i2c_global_init
                0x0000000008003074       0x78 ../../DaisyExamples/libDaisy/build/libdaisy.a(i2c.o)
                0x0000000008003074                dsy_i2c_global_init
 .text.DMA1_Stream6_IRQHandler
                0x00000000080030ec       0x34 ../../DaisyExamples/libDaisy/build/libdaisy.a(i2c.o)
                0x00000000080030ec                DMA1_Stream6_IRQHandler
 .text.I2C1_EV_IRQHandler
                0x0000000008003120        0xc ../../DaisyExamples/libDaisy/build/libdaisy.a(i2c.o)
                0x0000000008003120                I2C1_EV_IRQHandler
 .text.I2C2_EV_IRQHandler
                0x000000000800312c        0xc ../../DaisyExamples/libDaisy/build/libdaisy.a(i2c.o)
                0x000000000800312c                I2C2_EV_IRQHandler
 .text.I2C3_EV_IRQHandler
                0x0000000008003138        0xc ../../DaisyExamples/libDaisy/build/libdaisy.a(i2c.o)
                0x0000000008003138                I2C3_EV_IRQHandler
 .text._ZN5daisy9I2CHandle4InitERKNS0_6ConfigE
                0x0000000008003144      0x12c ../../DaisyExamples/libDaisy/build/libdaisy.a(i2c.o)
                0x0000000008003144                daisy::I2CHandle::Init(daisy::I2CHandle::Config const&)
 .text._ZN5daisy9I2CHandle16TransmitBlockingEtPhtm
                0x0000000008003270       0x50 ../../DaisyExamples/libDaisy/build/libdaisy.a(i2c.o)
                0x0000000008003270                daisy::I2CHandle::TransmitBlocking(unsigned short, unsigned char*, unsigned short, unsigned long)
 .text.startup._GLOBAL__sub_I__ZN5daisy9I2CHandle4Impl10GlobalInitEv
                0x00000000080032c0       0x18 ../../DaisyExamples/libDaisy/build/libdaisy.a(i2c.o)
 .text._ZN5daisy10QSPIHandle4Impl11WriteEnableEv
                0x00000000080032d8       0x8c ../../DaisyExamples/libDaisy/build/libdaisy.a(qspi.o)
                0x00000000080032d8                daisy::QSPIHandle::Impl::WriteEnable()
 *fill*         0x0000000008003364        0x4 
 .text._ZN5daisy10QSPIHandle4Impl17DummyCyclesConfigENS0_6Config6DeviceE
                0x0000000008003368      0x118 ../../DaisyExamples/libDaisy/build/libdaisy.a(qspi.o)
                0x0000000008003368                daisy::QSPIHandle::Impl::DummyCyclesConfig(daisy::QSPIHandle::Config::Device)
 .text._ZN5daisy10QSPIHandle4Impl10QuadEnableEv
                0x0000000008003480      0x158 ../../DaisyExamples/libDaisy/build/libdaisy.a(qspi.o)
                0x0000000008003480                daisy::QSPIHandle::Impl::QuadEnable()
 .text._ZN5daisy10QSPIHandle4InitERKNS0_6ConfigE
                0x00000000080035d8      0x198 ../../DaisyExamples/libDaisy/build/libdaisy.a(qspi.o)
                0x00000000080035d8                daisy::QSPIHandle::Init(daisy::QSPIHandle::Config const&)
 .text.HAL_QSPI_MspInit
                0x0000000008003770      0x11c ../../DaisyExamples/libDaisy/build/libdaisy.a(qspi.o)
                0x0000000008003770                HAL_QSPI_MspInit
 .text.HAL_QSPI_MspDeInit
                0x000000000800388c       0x54 ../../DaisyExamples/libDaisy/build/libdaisy.a(qspi.o)
                0x000000000800388c                HAL_QSPI_MspDeInit
 .text.QUADSPI_IRQHandler
                0x00000000080038e0        0xc ../../DaisyExamples/libDaisy/build/libdaisy.a(qspi.o)
                0x00000000080038e0                QUADSPI_IRQHandler
 .text.startup._GLOBAL__sub_I__ZN5daisy10QSPIHandle4Impl4InitERKNS0_6ConfigE
                0x00000000080038ec       0x28 ../../DaisyExamples/libDaisy/build/libdaisy.a(qspi.o)
 .text._ZN5daisy9SaiHandle4Impl7InitDmaENS1_15PeripheralBlockE
                0x0000000008003914       0xa0 ../../DaisyExamples/libDaisy/build/libdaisy.a(sai.o)
                0x0000000008003914                daisy::SaiHandle::Impl::InitDma(daisy::SaiHandle::Impl::PeripheralBlock)
 .text._ZN5daisy9SaiHandle4Impl8InitPinsEv
                0x00000000080039b4       0xa8 ../../DaisyExamples/libDaisy/build/libdaisy.a(sai.o)
                0x00000000080039b4                daisy::SaiHandle::Impl::InitPins()
 .text.HAL_SAI_MspInit
                0x0000000008003a5c      0x164 ../../DaisyExamples/libDaisy/build/libdaisy.a(sai.o)
                0x0000000008003a5c                HAL_SAI_MspInit
 .text.DMA1_Stream0_IRQHandler
                0x0000000008003bc0        0xc ../../DaisyExamples/libDaisy/build/libdaisy.a(sai.o)
                0x0000000008003bc0                DMA1_Stream0_IRQHandler
 .text.DMA1_Stream1_IRQHandler
                0x0000000008003bcc        0xc ../../DaisyExamples/libDaisy/build/libdaisy.a(sai.o)
                0x0000000008003bcc                DMA1_Stream1_IRQHandler
 .text.DMA1_Stream3_IRQHandler
                0x0000000008003bd8        0xc ../../DaisyExamples/libDaisy/build/libdaisy.a(sai.o)
                0x0000000008003bd8                DMA1_Stream3_IRQHandler
 .text.DMA1_Stream4_IRQHandler
                0x0000000008003be4        0xc ../../DaisyExamples/libDaisy/build/libdaisy.a(sai.o)
                0x0000000008003be4                DMA1_Stream4_IRQHandler
 .text.HAL_SAI_RxHalfCpltCallback
                0x0000000008003bf0       0x78 ../../DaisyExamples/libDaisy/build/libdaisy.a(sai.o)
                0x0000000008003bf0                HAL_SAI_RxHalfCpltCallback
 .text.HAL_SAI_RxCpltCallback
                0x0000000008003c68       0x70 ../../DaisyExamples/libDaisy/build/libdaisy.a(sai.o)
                0x0000000008003c68                HAL_SAI_RxCpltCallback
 .text._ZN5daisy9SaiHandle4InitERKNS0_6ConfigE
                0x0000000008003cd8      0x1f0 ../../DaisyExamples/libDaisy/build/libdaisy.a(sai.o)
                0x0000000008003cd8                daisy::SaiHandle::Init(daisy::SaiHandle::Config const&)
 .text._ZNK5daisy9SaiHandle9GetConfigEv
                0x0000000008003ec8        0x4 ../../DaisyExamples/libDaisy/build/libdaisy.a(sai.o)
                0x0000000008003ec8                daisy::SaiHandle::GetConfig() const
 .text._ZN5daisy9SaiHandle8StartDmaEPlS1_jPFvS1_S1_jE
                0x0000000008003ecc       0xbc ../../DaisyExamples/libDaisy/build/libdaisy.a(sai.o)
                0x0000000008003ecc                daisy::SaiHandle::StartDma(long*, long*, unsigned int, void (*)(long*, long*, unsigned int))
 .text._ZN5daisy9SaiHandle13GetSampleRateEv
                0x0000000008003f88       0x24 ../../DaisyExamples/libDaisy/build/libdaisy.a(sai.o)
                0x0000000008003f88                daisy::SaiHandle::GetSampleRate()
 .text._ZNK5daisy9SaiHandle9GetOffsetEv
                0x0000000008003fac        0x8 ../../DaisyExamples/libDaisy/build/libdaisy.a(sai.o)
                0x0000000008003fac                daisy::SaiHandle::GetOffset() const
 .text._ZL20UART_CheckRxListenerPN5daisy11UartHandler4ImplE
                0x0000000008003fb4       0x84 ../../DaisyExamples/libDaisy/build/libdaisy.a(uart.o)
 .text._ZN5daisy11UartHandler4Impl10StartDmaTxEPhjPFvPvEPFvS3_NS0_6ResultEES3_
                0x0000000008004038      0x184 ../../DaisyExamples/libDaisy/build/libdaisy.a(uart.o)
                0x0000000008004038                daisy::UartHandler::Impl::StartDmaTx(unsigned char*, unsigned int, void (*)(void*), void (*)(void*, daisy::UartHandler::Result), void*)
 .text._ZN5daisy11UartHandler4Impl10StartDmaRxEPhjPFvPvEPFvS3_NS0_6ResultEES3_
                0x00000000080041bc      0x184 ../../DaisyExamples/libDaisy/build/libdaisy.a(uart.o)
                0x00000000080041bc                daisy::UartHandler::Impl::StartDmaRx(unsigned char*, unsigned int, void (*)(void*), void (*)(void*, daisy::UartHandler::Result), void*)
 .text._ZN5daisy11UartHandler4Impl19DmaTransferFinishedEP20__UART_HandleTypeDefNS0_6ResultE
                0x0000000008004340       0xc0 ../../DaisyExamples/libDaisy/build/libdaisy.a(uart.o)
                0x0000000008004340                daisy::UartHandler::Impl::DmaTransferFinished(__UART_HandleTypeDef*, daisy::UartHandler::Result)
 .text._ZN5daisy11UartHandler4Impl8InitPinsEv
                0x0000000008004400      0x154 ../../DaisyExamples/libDaisy/build/libdaisy.a(uart.o)
                0x0000000008004400                daisy::UartHandler::Impl::InitPins()
 .text.HAL_UART_MspInit
                0x0000000008004554      0x210 ../../DaisyExamples/libDaisy/build/libdaisy.a(uart.o)
                0x0000000008004554                HAL_UART_MspInit
 .text.dsy_uart_global_init
                0x0000000008004764       0xfc ../../DaisyExamples/libDaisy/build/libdaisy.a(uart.o)
                0x0000000008004764                dsy_uart_global_init
 .text.USART1_IRQHandler
                0x0000000008004860       0x2c ../../DaisyExamples/libDaisy/build/libdaisy.a(uart.o)
                0x0000000008004860                USART1_IRQHandler
 .text.USART2_IRQHandler
                0x000000000800488c       0x34 ../../DaisyExamples/libDaisy/build/libdaisy.a(uart.o)
                0x000000000800488c                USART2_IRQHandler
 .text.USART3_IRQHandler
                0x00000000080048c0       0x34 ../../DaisyExamples/libDaisy/build/libdaisy.a(uart.o)
                0x00000000080048c0                USART3_IRQHandler
 .text.UART4_IRQHandler
                0x00000000080048f4       0x34 ../../DaisyExamples/libDaisy/build/libdaisy.a(uart.o)
                0x00000000080048f4                UART4_IRQHandler
 .text.UART5_IRQHandler
                0x0000000008004928       0x34 ../../DaisyExamples/libDaisy/build/libdaisy.a(uart.o)
                0x0000000008004928                UART5_IRQHandler
 .text.USART6_IRQHandler
                0x000000000800495c       0x34 ../../DaisyExamples/libDaisy/build/libdaisy.a(uart.o)
                0x000000000800495c                USART6_IRQHandler
 .text.UART7_IRQHandler
                0x0000000008004990       0x34 ../../DaisyExamples/libDaisy/build/libdaisy.a(uart.o)
                0x0000000008004990                UART7_IRQHandler
 .text.UART8_IRQHandler
                0x00000000080049c4       0x34 ../../DaisyExamples/libDaisy/build/libdaisy.a(uart.o)
                0x00000000080049c4                UART8_IRQHandler
 .text.LPUART1_IRQHandler
                0x00000000080049f8       0x34 ../../DaisyExamples/libDaisy/build/libdaisy.a(uart.o)
                0x00000000080049f8                LPUART1_IRQHandler
 .text.DMA1_Stream5_IRQHandler
                0x0000000008004a2c       0x34 ../../DaisyExamples/libDaisy/build/libdaisy.a(uart.o)
                0x0000000008004a2c                DMA1_Stream5_IRQHandler
 .text.DMA2_Stream4_IRQHandler
                0x0000000008004a60       0x38 ../../DaisyExamples/libDaisy/build/libdaisy.a(uart.o)
                0x0000000008004a60                DMA2_Stream4_IRQHandler
 .text.HAL_UART_TxCpltCallback
                0x0000000008004a98        0x8 ../../DaisyExamples/libDaisy/build/libdaisy.a(uart.o)
                0x0000000008004a98                HAL_UART_TxCpltCallback
 .text.HAL_UART_RxCpltCallback
                0x0000000008004aa0       0x94 ../../DaisyExamples/libDaisy/build/libdaisy.a(uart.o)
                0x0000000008004aa0                HAL_UART_RxCpltCallback
 .text.HAL_UART_RxHalfCpltCallback
                0x0000000008004b34       0x90 ../../DaisyExamples/libDaisy/build/libdaisy.a(uart.o)
                0x0000000008004b34                HAL_UART_RxHalfCpltCallback
 .text.HAL_UART_ErrorCallback
                0x0000000008004bc4        0x8 ../../DaisyExamples/libDaisy/build/libdaisy.a(uart.o)
                0x0000000008004bc4                HAL_UART_ErrorCallback
 .text._ZN5daisy11UartHandler4InitERKNS0_6ConfigE
                0x0000000008004bcc       0xd4 ../../DaisyExamples/libDaisy/build/libdaisy.a(uart.o)
                0x0000000008004bcc                daisy::UartHandler::Init(daisy::UartHandler::Config const&)
 .text.startup._GLOBAL__sub_I__Z19MapInstanceToHandleP13USART_TypeDef
                0x0000000008004ca0      0x194 ../../DaisyExamples/libDaisy/build/libdaisy.a(uart.o)
 .text.dsy_dma_init
                0x0000000008004e34      0x100 ../../DaisyExamples/libDaisy/build/libdaisy.a(dma.o)
                0x0000000008004e34                dsy_dma_init
 .text.dsy_dma_invalidate_cache_for_buffer
                0x0000000008004f34       0x2c ../../DaisyExamples/libDaisy/build/libdaisy.a(dma.o)
                0x0000000008004f34                dsy_dma_invalidate_cache_for_buffer
 .text._ZN5daisy11TimerHandleD2Ev
                0x0000000008004f60        0x4 ../../DaisyExamples/libDaisy/build/libdaisy.a(system.o)
                0x0000000008004f60                daisy::TimerHandle::~TimerHandle()
                0x0000000008004f60                daisy::TimerHandle::~TimerHandle()
 .text.SysTick_Handler
                0x0000000008004f64       0x10 ../../DaisyExamples/libDaisy/build/libdaisy.a(system.o)
                0x0000000008004f64                SysTick_Handler
 .text.OTG_HS_EP1_OUT_IRQHandler
                0x0000000008004f74       0x24 ../../DaisyExamples/libDaisy/build/libdaisy.a(system.o)
                0x0000000008004f74                OTG_HS_EP1_OUT_IRQHandler
 .text.OTG_HS_EP1_IN_IRQHandler
                0x0000000008004f98       0x24 ../../DaisyExamples/libDaisy/build/libdaisy.a(system.o)
                0x0000000008004f98                OTG_HS_EP1_IN_IRQHandler
 .text.OTG_HS_IRQHandler
                0x0000000008004fbc       0x24 ../../DaisyExamples/libDaisy/build/libdaisy.a(system.o)
                0x0000000008004fbc                OTG_HS_IRQHandler
 .text.HardFault_Handler
                0x0000000008004fe0       0xe0 ../../DaisyExamples/libDaisy/build/libdaisy.a(system.o)
                0x0000000008004fe0                HardFault_Handler
 .text._ZN5daisy6System6GetNowEv
                0x00000000080050c0        0x4 ../../DaisyExamples/libDaisy/build/libdaisy.a(system.o)
                0x00000000080050c0                daisy::System::GetNow()
 .text._ZN5daisy6System5DelayEm
                0x00000000080050c4        0x4 ../../DaisyExamples/libDaisy/build/libdaisy.a(system.o)
                0x00000000080050c4                daisy::System::Delay(unsigned long)
 .text._ZN5daisy6System20GetBootloaderVersionEv
                0x00000000080050c8       0x34 ../../DaisyExamples/libDaisy/build/libdaisy.a(system.o)
                0x00000000080050c8                daisy::System::GetBootloaderVersion()
 .text._ZN5daisy6System15ConfigureClocksEv
                0x00000000080050fc      0x194 ../../DaisyExamples/libDaisy/build/libdaisy.a(system.o)
                0x00000000080050fc                daisy::System::ConfigureClocks()
 .text._ZN5daisy6System12ConfigureMpuEv
                0x0000000008005290       0x7c ../../DaisyExamples/libDaisy/build/libdaisy.a(system.o)
                0x0000000008005290                daisy::System::ConfigureMpu()
 .text._ZN5daisy6System4InitERKNS0_6ConfigE
                0x000000000800530c       0xec ../../DaisyExamples/libDaisy/build/libdaisy.a(system.o)
                0x000000000800530c                daisy::System::Init(daisy::System::Config const&)
 .text._ZN5daisy6System12GetPClk1FreqEv
                0x00000000080053f8        0x4 ../../DaisyExamples/libDaisy/build/libdaisy.a(system.o)
                0x00000000080053f8                daisy::System::GetPClk1Freq()
 .text._ZN5daisy6System22GetProgramMemoryRegionEv
                0x00000000080053fc       0x78 ../../DaisyExamples/libDaisy/build/libdaisy.a(system.o)
                0x00000000080053fc                daisy::System::GetProgramMemoryRegion()
 .text.startup._GLOBAL__sub_I__ZN5daisy9boot_infoE
                0x0000000008005474       0x1c ../../DaisyExamples/libDaisy/build/libdaisy.a(system.o)
 .text.SystemInit
                0x0000000008005490       0x9c ../../DaisyExamples/libDaisy/build/libdaisy.a(system_stm32h7xx.o)
                0x0000000008005490                SystemInit
 .text.HAL_PCD_SetupStageCallback
                0x000000000800552c        0xc ../../DaisyExamples/libDaisy/build/libdaisy.a(usbd_conf.o)
                0x000000000800552c                HAL_PCD_SetupStageCallback
 .text.HAL_PCD_DataOutStageCallback
                0x0000000008005538       0x14 ../../DaisyExamples/libDaisy/build/libdaisy.a(usbd_conf.o)
                0x0000000008005538                HAL_PCD_DataOutStageCallback
 .text.HAL_PCD_DataInStageCallback
                0x000000000800554c       0x14 ../../DaisyExamples/libDaisy/build/libdaisy.a(usbd_conf.o)
                0x000000000800554c                HAL_PCD_DataInStageCallback
 .text.HAL_PCD_SOFCallback
                0x0000000008005560        0x8 ../../DaisyExamples/libDaisy/build/libdaisy.a(usbd_conf.o)
                0x0000000008005560                HAL_PCD_SOFCallback
 .text.HAL_PCD_ResetCallback
                0x0000000008005568       0x24 ../../DaisyExamples/libDaisy/build/libdaisy.a(usbd_conf.o)
                0x0000000008005568                HAL_PCD_ResetCallback
 .text.HAL_PCD_SuspendCallback
                0x000000000800558c       0x30 ../../DaisyExamples/libDaisy/build/libdaisy.a(usbd_conf.o)
                0x000000000800558c                HAL_PCD_SuspendCallback
 .text.HAL_PCD_ResumeCallback
                0x00000000080055bc        0x8 ../../DaisyExamples/libDaisy/build/libdaisy.a(usbd_conf.o)
                0x00000000080055bc                HAL_PCD_ResumeCallback
 .text.HAL_PCD_ISOOUTIncompleteCallback
                0x00000000080055c4        0x8 ../../DaisyExamples/libDaisy/build/libdaisy.a(usbd_conf.o)
                0x00000000080055c4                HAL_PCD_ISOOUTIncompleteCallback
 .text.HAL_PCD_ISOINIncompleteCallback
                0x00000000080055cc        0x8 ../../DaisyExamples/libDaisy/build/libdaisy.a(usbd_conf.o)
                0x00000000080055cc                HAL_PCD_ISOINIncompleteCallback
 .text.HAL_PCD_ConnectCallback
                0x00000000080055d4        0x8 ../../DaisyExamples/libDaisy/build/libdaisy.a(usbd_conf.o)
                0x00000000080055d4                HAL_PCD_ConnectCallback
 .text.HAL_PCD_DisconnectCallback
                0x00000000080055dc        0x8 ../../DaisyExamples/libDaisy/build/libdaisy.a(usbd_conf.o)
                0x00000000080055dc                HAL_PCD_DisconnectCallback
 .text.USBD_LL_OpenEP
                0x00000000080055e4       0x24 ../../DaisyExamples/libDaisy/build/libdaisy.a(usbd_conf.o)
                0x00000000080055e4                USBD_LL_OpenEP
 .text.USBD_LL_StallEP
                0x0000000008005608       0x1c ../../DaisyExamples/libDaisy/build/libdaisy.a(usbd_conf.o)
                0x0000000008005608                USBD_LL_StallEP
 .text.USBD_LL_ClearStallEP
                0x0000000008005624       0x1c ../../DaisyExamples/libDaisy/build/libdaisy.a(usbd_conf.o)
                0x0000000008005624                USBD_LL_ClearStallEP
 .text.USBD_LL_IsStallEP
                0x0000000008005640       0x28 ../../DaisyExamples/libDaisy/build/libdaisy.a(usbd_conf.o)
                0x0000000008005640                USBD_LL_IsStallEP
 .text.USBD_LL_SetUSBAddress
                0x0000000008005668       0x1c ../../DaisyExamples/libDaisy/build/libdaisy.a(usbd_conf.o)
                0x0000000008005668                USBD_LL_SetUSBAddress
 .text.USBD_LL_Transmit
                0x0000000008005684       0x1c ../../DaisyExamples/libDaisy/build/libdaisy.a(usbd_conf.o)
                0x0000000008005684                USBD_LL_Transmit
 .text.USBD_LL_PrepareReceive
                0x00000000080056a0       0x1c ../../DaisyExamples/libDaisy/build/libdaisy.a(usbd_conf.o)
                0x00000000080056a0                USBD_LL_PrepareReceive
 .text.HAL_HCD_SOF_Callback
                0x00000000080056bc        0x8 ../../DaisyExamples/libDaisy/build/libdaisy.a(usbh_conf.o)
                0x00000000080056bc                HAL_HCD_SOF_Callback
 .text.HAL_HCD_Connect_Callback
                0x00000000080056c4        0x8 ../../DaisyExamples/libDaisy/build/libdaisy.a(usbh_conf.o)
                0x00000000080056c4                HAL_HCD_Connect_Callback
 .text.HAL_HCD_Disconnect_Callback
                0x00000000080056cc        0x8 ../../DaisyExamples/libDaisy/build/libdaisy.a(usbh_conf.o)
                0x00000000080056cc                HAL_HCD_Disconnect_Callback
 .text.HAL_HCD_HC_NotifyURBChange_Callback
                0x00000000080056d4        0x4 ../../DaisyExamples/libDaisy/build/libdaisy.a(usbh_conf.o)
                0x00000000080056d4                HAL_HCD_HC_NotifyURBChange_Callback
 .text.HAL_HCD_PortEnabled_Callback
                0x00000000080056d8        0x8 ../../DaisyExamples/libDaisy/build/libdaisy.a(usbh_conf.o)
                0x00000000080056d8                HAL_HCD_PortEnabled_Callback
 .text.HAL_HCD_PortDisabled_Callback
                0x00000000080056e0        0x8 ../../DaisyExamples/libDaisy/build/libdaisy.a(usbh_conf.o)
                0x00000000080056e0                HAL_HCD_PortDisabled_Callback
 .text.USBH_LL_Stop
                0x00000000080056e8       0x1c ../../DaisyExamples/libDaisy/build/libdaisy.a(usbh_conf.o)
                0x00000000080056e8                USBH_LL_Stop
 .text._ZN5daisy5Color4InitENS0_11PresetColorE
                0x0000000008005704       0x20 ../../DaisyExamples/libDaisy/build/libdaisy.a(color.o)
                0x0000000008005704                daisy::Color::Init(daisy::Color::PresetColor)
 .text.dsy_hal_map_get_port
                0x0000000008005724       0x10 ../../DaisyExamples/libDaisy/build/libdaisy.a(hal_map.o)
                0x0000000008005724                dsy_hal_map_get_port
 .text.dsy_hal_map_get_pin
                0x0000000008005734       0x10 ../../DaisyExamples/libDaisy/build/libdaisy.a(hal_map.o)
                0x0000000008005734                dsy_hal_map_get_pin
 .text.dsy_hal_map_gpio_clk_enable
                0x0000000008005744      0x150 ../../DaisyExamples/libDaisy/build/libdaisy.a(hal_map.o)
                0x0000000008005744                dsy_hal_map_gpio_clk_enable
 .text.HAL_MspInit
                0x0000000008005894        0x4 ../../DaisyExamples/libDaisy/build/libdaisy.a(stm32h7xx_hal.o)
                0x0000000008005894                HAL_MspInit
 .text.HAL_InitTick
                0x0000000008005898       0x4c ../../DaisyExamples/libDaisy/build/libdaisy.a(stm32h7xx_hal.o)
                0x0000000008005898                HAL_InitTick
 .text.HAL_Init
                0x00000000080058e4       0x60 ../../DaisyExamples/libDaisy/build/libdaisy.a(stm32h7xx_hal.o)
                0x00000000080058e4                HAL_Init
 .text.HAL_IncTick
                0x0000000008005944       0x18 ../../DaisyExamples/libDaisy/build/libdaisy.a(stm32h7xx_hal.o)
                0x0000000008005944                HAL_IncTick
 .text.HAL_GetTick
                0x000000000800595c        0xc ../../DaisyExamples/libDaisy/build/libdaisy.a(stm32h7xx_hal.o)
                0x000000000800595c                HAL_GetTick
 .text.HAL_Delay
                0x0000000008005968       0x24 ../../DaisyExamples/libDaisy/build/libdaisy.a(stm32h7xx_hal.o)
                0x0000000008005968                HAL_Delay
 .text.HAL_GetREVID
                0x000000000800598c        0xc ../../DaisyExamples/libDaisy/build/libdaisy.a(stm32h7xx_hal.o)
                0x000000000800598c                HAL_GetREVID
 .text.HAL_ADC_ConvHalfCpltCallback
                0x0000000008005998        0x4 ../../DaisyExamples/libDaisy/build/libdaisy.a(stm32h7xx_hal_adc.o)
                0x0000000008005998                HAL_ADC_ConvHalfCpltCallback
 .text.ADC_DMAHalfConvCplt
                0x000000000800599c        0xc ../../DaisyExamples/libDaisy/build/libdaisy.a(stm32h7xx_hal_adc.o)
                0x000000000800599c                ADC_DMAHalfConvCplt
 .text.ADC_DMAConvCplt
                0x00000000080059a8       0x6c ../../DaisyExamples/libDaisy/build/libdaisy.a(stm32h7xx_hal_adc.o)
                0x00000000080059a8                ADC_DMAConvCplt
 .text.ADC_DMAError
                0x0000000008005a14       0x1c ../../DaisyExamples/libDaisy/build/libdaisy.a(stm32h7xx_hal_adc.o)
                0x0000000008005a14                ADC_DMAError
 .text.HAL_ADC_ConfigChannel
                0x0000000008005a30      0x3fc ../../DaisyExamples/libDaisy/build/libdaisy.a(stm32h7xx_hal_adc.o)
                0x0000000008005a30                HAL_ADC_ConfigChannel
 .text.ADC_Enable
                0x0000000008005e2c       0xac ../../DaisyExamples/libDaisy/build/libdaisy.a(stm32h7xx_hal_adc.o)
                0x0000000008005e2c                ADC_Enable
 .text.HAL_ADC_Start_DMA
                0x0000000008005ed8      0x114 ../../DaisyExamples/libDaisy/build/libdaisy.a(stm32h7xx_hal_adc.o)
                0x0000000008005ed8                HAL_ADC_Start_DMA
 .text.ADC_Disable
                0x0000000008005fec       0x68 ../../DaisyExamples/libDaisy/build/libdaisy.a(stm32h7xx_hal_adc.o)
                0x0000000008005fec                ADC_Disable
 .text.ADC_ConfigureBoostMode
                0x0000000008006054      0x184 ../../DaisyExamples/libDaisy/build/libdaisy.a(stm32h7xx_hal_adc.o)
                0x0000000008006054                ADC_ConfigureBoostMode
 .text.HAL_ADC_Init
                0x00000000080061d8      0x218 ../../DaisyExamples/libDaisy/build/libdaisy.a(stm32h7xx_hal_adc.o)
                0x00000000080061d8                HAL_ADC_Init
 .text.HAL_ADCEx_Calibration_Start
                0x00000000080063f0       0xa4 ../../DaisyExamples/libDaisy/build/libdaisy.a(stm32h7xx_hal_adc_ex.o)
                0x00000000080063f0                HAL_ADCEx_Calibration_Start
 .text.HAL_ADCEx_MultiModeConfigChannel
                0x0000000008006494       0xc4 ../../DaisyExamples/libDaisy/build/libdaisy.a(stm32h7xx_hal_adc_ex.o)
                0x0000000008006494                HAL_ADCEx_MultiModeConfigChannel
 .text.HAL_NVIC_SetPriorityGrouping
                0x0000000008006558       0x24 ../../DaisyExamples/libDaisy/build/libdaisy.a(stm32h7xx_hal_cortex.o)
                0x0000000008006558                HAL_NVIC_SetPriorityGrouping
 .text.HAL_NVIC_SetPriority
                0x000000000800657c       0x7c ../../DaisyExamples/libDaisy/build/libdaisy.a(stm32h7xx_hal_cortex.o)
                0x000000000800657c                HAL_NVIC_SetPriority
 .text.HAL_NVIC_EnableIRQ
                0x00000000080065f8       0x1c ../../DaisyExamples/libDaisy/build/libdaisy.a(stm32h7xx_hal_cortex.o)
                0x00000000080065f8                HAL_NVIC_EnableIRQ
 .text.HAL_NVIC_DisableIRQ
                0x0000000008006614       0x28 ../../DaisyExamples/libDaisy/build/libdaisy.a(stm32h7xx_hal_cortex.o)
                0x0000000008006614                HAL_NVIC_DisableIRQ
 .text.HAL_SYSTICK_Config
                0x000000000800663c       0x2c ../../DaisyExamples/libDaisy/build/libdaisy.a(stm32h7xx_hal_cortex.o)
                0x000000000800663c                HAL_SYSTICK_Config
 .text.HAL_MPU_Disable
                0x0000000008006668       0x1c ../../DaisyExamples/libDaisy/build/libdaisy.a(stm32h7xx_hal_cortex.o)
                0x0000000008006668                HAL_MPU_Disable
 .text.HAL_MPU_Enable
                0x0000000008006684       0x20 ../../DaisyExamples/libDaisy/build/libdaisy.a(stm32h7xx_hal_cortex.o)
                0x0000000008006684                HAL_MPU_Enable
 .text.HAL_MPU_ConfigRegion
                0x00000000080066a4       0x64 ../../DaisyExamples/libDaisy/build/libdaisy.a(stm32h7xx_hal_cortex.o)
                0x00000000080066a4                HAL_MPU_ConfigRegion
 .text.HAL_SYSTICK_Callback
                0x0000000008006708        0x4 ../../DaisyExamples/libDaisy/build/libdaisy.a(stm32h7xx_hal_cortex.o)
                0x0000000008006708                HAL_SYSTICK_Callback
 .text.HAL_SYSTICK_IRQHandler
                0x000000000800670c        0x8 ../../DaisyExamples/libDaisy/build/libdaisy.a(stm32h7xx_hal_cortex.o)
                0x000000000800670c                HAL_SYSTICK_IRQHandler
 .text.DMA_CalcBaseAndBitshift
                0x0000000008006714       0xf4 ../../DaisyExamples/libDaisy/build/libdaisy.a(stm32h7xx_hal_dma.o)
 .text.DMA_CalcDMAMUXChannelBaseAndMask
                0x0000000008006808       0xd8 ../../DaisyExamples/libDaisy/build/libdaisy.a(stm32h7xx_hal_dma.o)
 .text.HAL_DMA_Init
                0x00000000080068e0      0x37c ../../DaisyExamples/libDaisy/build/libdaisy.a(stm32h7xx_hal_dma.o)
                0x00000000080068e0                HAL_DMA_Init
 .text.HAL_DMA_Start_IT
                0x0000000008006c5c      0x240 ../../DaisyExamples/libDaisy/build/libdaisy.a(stm32h7xx_hal_dma.o)
                0x0000000008006c5c                HAL_DMA_Start_IT
 .text.HAL_DMA_Abort_IT
                0x0000000008006e9c      0x134 ../../DaisyExamples/libDaisy/build/libdaisy.a(stm32h7xx_hal_dma.o)
                0x0000000008006e9c                HAL_DMA_Abort_IT
 .text.HAL_DMA_IRQHandler
                0x0000000008006fd0      0x6a0 ../../DaisyExamples/libDaisy/build/libdaisy.a(stm32h7xx_hal_dma.o)
                0x0000000008006fd0                HAL_DMA_IRQHandler
 .text.HAL_DMA_GetError
                0x0000000008007670        0x4 ../../DaisyExamples/libDaisy/build/libdaisy.a(stm32h7xx_hal_dma.o)
                0x0000000008007670                HAL_DMA_GetError
 .text.HAL_GPIO_Init
                0x0000000008007674      0x280 ../../DaisyExamples/libDaisy/build/libdaisy.a(stm32h7xx_hal_gpio.o)
                0x0000000008007674                HAL_GPIO_Init
 .text.HAL_GPIO_DeInit
                0x00000000080078f4      0x190 ../../DaisyExamples/libDaisy/build/libdaisy.a(stm32h7xx_hal_gpio.o)
                0x00000000080078f4                HAL_GPIO_DeInit
 .text.HAL_GPIO_ReadPin
                0x0000000008007a84        0xc ../../DaisyExamples/libDaisy/build/libdaisy.a(stm32h7xx_hal_gpio.o)
                0x0000000008007a84                HAL_GPIO_ReadPin
 .text.HAL_GPIO_WritePin
                0x0000000008007a90        0x8 ../../DaisyExamples/libDaisy/build/libdaisy.a(stm32h7xx_hal_gpio.o)
                0x0000000008007a90                HAL_GPIO_WritePin
 .text.HAL_HCD_IRQHandler
                0x0000000008007a98      0x780 ../../DaisyExamples/libDaisy/build/libdaisy.a(stm32h7xx_hal_hcd.o)
                0x0000000008007a98                HAL_HCD_IRQHandler
 .text.HAL_HCD_Stop
                0x0000000008008218       0x28 ../../DaisyExamples/libDaisy/build/libdaisy.a(stm32h7xx_hal_hcd.o)
                0x0000000008008218                HAL_HCD_Stop
 .text.I2C_WaitOnTXISFlagUntilTimeout
                0x0000000008008240       0xb8 ../../DaisyExamples/libDaisy/build/libdaisy.a(stm32h7xx_hal_i2c.o)
 .text.I2C_WaitOnSTOPFlagUntilTimeout
                0x00000000080082f8       0xac ../../DaisyExamples/libDaisy/build/libdaisy.a(stm32h7xx_hal_i2c.o)
 .text.HAL_I2C_Init
                0x00000000080083a4       0xac ../../DaisyExamples/libDaisy/build/libdaisy.a(stm32h7xx_hal_i2c.o)
                0x00000000080083a4                HAL_I2C_Init
 .text.HAL_I2C_Master_Transmit
                0x0000000008008450      0x1a8 ../../DaisyExamples/libDaisy/build/libdaisy.a(stm32h7xx_hal_i2c.o)
                0x0000000008008450                HAL_I2C_Master_Transmit
 .text.HAL_I2C_Slave_Transmit
                0x00000000080085f8      0x1c8 ../../DaisyExamples/libDaisy/build/libdaisy.a(stm32h7xx_hal_i2c.o)
                0x00000000080085f8                HAL_I2C_Slave_Transmit
 .text.HAL_I2C_EV_IRQHandler
                0x00000000080087c0       0x10 ../../DaisyExamples/libDaisy/build/libdaisy.a(stm32h7xx_hal_i2c.o)
                0x00000000080087c0                HAL_I2C_EV_IRQHandler
 .text.HAL_I2C_GetState
                0x00000000080087d0        0x8 ../../DaisyExamples/libDaisy/build/libdaisy.a(stm32h7xx_hal_i2c.o)
                0x00000000080087d0                HAL_I2C_GetState
 .text.HAL_I2CEx_ConfigAnalogFilter
                0x00000000080087d8       0x54 ../../DaisyExamples/libDaisy/build/libdaisy.a(stm32h7xx_hal_i2c_ex.o)
                0x00000000080087d8                HAL_I2CEx_ConfigAnalogFilter
 .text.HAL_I2CEx_ConfigDigitalFilter
                0x000000000800882c       0x58 ../../DaisyExamples/libDaisy/build/libdaisy.a(stm32h7xx_hal_i2c_ex.o)
                0x000000000800882c                HAL_I2CEx_ConfigDigitalFilter
 .text.HAL_PCD_IRQHandler
                0x0000000008008884      0x69c ../../DaisyExamples/libDaisy/build/libdaisy.a(stm32h7xx_hal_pcd.o)
                0x0000000008008884                HAL_PCD_IRQHandler
 .text.HAL_PCD_SetAddress
                0x0000000008008f20       0x2c ../../DaisyExamples/libDaisy/build/libdaisy.a(stm32h7xx_hal_pcd.o)
                0x0000000008008f20                HAL_PCD_SetAddress
 .text.HAL_PCD_EP_Open
                0x0000000008008f4c       0x7c ../../DaisyExamples/libDaisy/build/libdaisy.a(stm32h7xx_hal_pcd.o)
                0x0000000008008f4c                HAL_PCD_EP_Open
 .text.HAL_PCD_EP_Receive
                0x0000000008008fc8       0x50 ../../DaisyExamples/libDaisy/build/libdaisy.a(stm32h7xx_hal_pcd.o)
                0x0000000008008fc8                HAL_PCD_EP_Receive
 .text.HAL_PCD_EP_Transmit
                0x0000000008009018       0x50 ../../DaisyExamples/libDaisy/build/libdaisy.a(stm32h7xx_hal_pcd.o)
                0x0000000008009018                HAL_PCD_EP_Transmit
 .text.HAL_PCD_EP_SetStall
                0x0000000008009068       0x88 ../../DaisyExamples/libDaisy/build/libdaisy.a(stm32h7xx_hal_pcd.o)
                0x0000000008009068                HAL_PCD_EP_SetStall
 .text.HAL_PCD_EP_ClrStall
                0x00000000080090f0       0x78 ../../DaisyExamples/libDaisy/build/libdaisy.a(stm32h7xx_hal_pcd.o)
                0x00000000080090f0                HAL_PCD_EP_ClrStall
 .text.HAL_PCDEx_LPM_Callback
                0x0000000008009168        0x4 ../../DaisyExamples/libDaisy/build/libdaisy.a(stm32h7xx_hal_pcd_ex.o)
                0x0000000008009168                HAL_PCDEx_LPM_Callback
 .text.HAL_PWREx_ConfigSupply
                0x000000000800916c       0x4c ../../DaisyExamples/libDaisy/build/libdaisy.a(stm32h7xx_hal_pwr_ex.o)
                0x000000000800916c                HAL_PWREx_ConfigSupply
 .text.HAL_PWREx_EnableUSBVoltageDetector
                0x00000000080091b8       0x10 ../../DaisyExamples/libDaisy/build/libdaisy.a(stm32h7xx_hal_pwr_ex.o)
                0x00000000080091b8                HAL_PWREx_EnableUSBVoltageDetector
 .text.QSPI_Config
                0x00000000080091c8      0x174 ../../DaisyExamples/libDaisy/build/libdaisy.a(stm32h7xx_hal_qspi.o)
 .text.HAL_QSPI_Init
                0x000000000800933c       0xd8 ../../DaisyExamples/libDaisy/build/libdaisy.a(stm32h7xx_hal_qspi.o)
                0x000000000800933c                HAL_QSPI_Init
 .text.HAL_QSPI_DeInit
                0x0000000008009414       0x3c ../../DaisyExamples/libDaisy/build/libdaisy.a(stm32h7xx_hal_qspi.o)
                0x0000000008009414                HAL_QSPI_DeInit
 .text.HAL_QSPI_Command
                0x0000000008009450       0xd4 ../../DaisyExamples/libDaisy/build/libdaisy.a(stm32h7xx_hal_qspi.o)
                0x0000000008009450                HAL_QSPI_Command
 .text.HAL_QSPI_Transmit
                0x0000000008009524       0xfc ../../DaisyExamples/libDaisy/build/libdaisy.a(stm32h7xx_hal_qspi.o)
                0x0000000008009524                HAL_QSPI_Transmit
 .text.HAL_QSPI_Receive
                0x0000000008009620      0x108 ../../DaisyExamples/libDaisy/build/libdaisy.a(stm32h7xx_hal_qspi.o)
                0x0000000008009620                HAL_QSPI_Receive
 .text.HAL_QSPI_AutoPolling
                0x0000000008009728       0xf0 ../../DaisyExamples/libDaisy/build/libdaisy.a(stm32h7xx_hal_qspi.o)
                0x0000000008009728                HAL_QSPI_AutoPolling
 .text.HAL_QSPI_MemoryMapped
                0x0000000008009818       0xc0 ../../DaisyExamples/libDaisy/build/libdaisy.a(stm32h7xx_hal_qspi.o)
                0x0000000008009818                HAL_QSPI_MemoryMapped
 .text.HAL_QSPI_ErrorCallback
                0x00000000080098d8        0x4 ../../DaisyExamples/libDaisy/build/libdaisy.a(stm32h7xx_hal_qspi.o)
                0x00000000080098d8                HAL_QSPI_ErrorCallback
 .text.QSPI_DMAAbortCplt
                0x00000000080098dc       0x38 ../../DaisyExamples/libDaisy/build/libdaisy.a(stm32h7xx_hal_qspi.o)
 .text.HAL_QSPI_AbortCpltCallback
                0x0000000008009914        0x4 ../../DaisyExamples/libDaisy/build/libdaisy.a(stm32h7xx_hal_qspi.o)
                0x0000000008009914                HAL_QSPI_AbortCpltCallback
 .text.HAL_QSPI_CmdCpltCallback
                0x0000000008009918        0x4 ../../DaisyExamples/libDaisy/build/libdaisy.a(stm32h7xx_hal_qspi.o)
                0x0000000008009918                HAL_QSPI_CmdCpltCallback
 .text.HAL_QSPI_RxCpltCallback
                0x000000000800991c        0x4 ../../DaisyExamples/libDaisy/build/libdaisy.a(stm32h7xx_hal_qspi.o)
                0x000000000800991c                HAL_QSPI_RxCpltCallback
 .text.HAL_QSPI_TxCpltCallback
                0x0000000008009920        0x4 ../../DaisyExamples/libDaisy/build/libdaisy.a(stm32h7xx_hal_qspi.o)
                0x0000000008009920                HAL_QSPI_TxCpltCallback
 .text.HAL_QSPI_FifoThresholdCallback
                0x0000000008009924        0x4 ../../DaisyExamples/libDaisy/build/libdaisy.a(stm32h7xx_hal_qspi.o)
                0x0000000008009924                HAL_QSPI_FifoThresholdCallback
 .text.HAL_QSPI_StatusMatchCallback
                0x0000000008009928        0x4 ../../DaisyExamples/libDaisy/build/libdaisy.a(stm32h7xx_hal_qspi.o)
                0x0000000008009928                HAL_QSPI_StatusMatchCallback
 .text.HAL_QSPI_TimeOutCallback
                0x000000000800992c        0x4 ../../DaisyExamples/libDaisy/build/libdaisy.a(stm32h7xx_hal_qspi.o)
                0x000000000800992c                HAL_QSPI_TimeOutCallback
 .text.HAL_QSPI_IRQHandler
                0x0000000008009930      0x210 ../../DaisyExamples/libDaisy/build/libdaisy.a(stm32h7xx_hal_qspi.o)
                0x0000000008009930                HAL_QSPI_IRQHandler
 .text.HAL_RCC_OscConfig
                0x0000000008009b40      0x51c ../../DaisyExamples/libDaisy/build/libdaisy.a(stm32h7xx_hal_rcc.o)
                0x0000000008009b40                HAL_RCC_OscConfig
 .text.HAL_RCC_GetSysClockFreq
                0x000000000800a05c      0x140 ../../DaisyExamples/libDaisy/build/libdaisy.a(stm32h7xx_hal_rcc.o)
                0x000000000800a05c                HAL_RCC_GetSysClockFreq
 .text.HAL_RCC_ClockConfig
                0x000000000800a19c      0x234 ../../DaisyExamples/libDaisy/build/libdaisy.a(stm32h7xx_hal_rcc.o)
                0x000000000800a19c                HAL_RCC_ClockConfig
 .text.HAL_RCC_GetHCLKFreq
                0x000000000800a3d0       0x2c ../../DaisyExamples/libDaisy/build/libdaisy.a(stm32h7xx_hal_rcc.o)
                0x000000000800a3d0                HAL_RCC_GetHCLKFreq
 .text.HAL_RCC_GetPCLK1Freq
                0x000000000800a3fc       0x38 ../../DaisyExamples/libDaisy/build/libdaisy.a(stm32h7xx_hal_rcc.o)
                0x000000000800a3fc                HAL_RCC_GetPCLK1Freq
 .text.HAL_RCC_GetPCLK2Freq
                0x000000000800a434       0x38 ../../DaisyExamples/libDaisy/build/libdaisy.a(stm32h7xx_hal_rcc.o)
                0x000000000800a434                HAL_RCC_GetPCLK2Freq
 .text.RCCEx_PLL2_Config
                0x000000000800a46c       0xf4 ../../DaisyExamples/libDaisy/build/libdaisy.a(stm32h7xx_hal_rcc_ex.o)
 .text.RCCEx_PLL3_Config
                0x000000000800a560       0xf4 ../../DaisyExamples/libDaisy/build/libdaisy.a(stm32h7xx_hal_rcc_ex.o)
 .text.HAL_RCCEx_PeriphCLKConfig
                0x000000000800a654      0xa7c ../../DaisyExamples/libDaisy/build/libdaisy.a(stm32h7xx_hal_rcc_ex.o)
                0x000000000800a654                HAL_RCCEx_PeriphCLKConfig
 .text.HAL_RCCEx_GetD3PCLK1Freq
                0x000000000800b0d0       0x24 ../../DaisyExamples/libDaisy/build/libdaisy.a(stm32h7xx_hal_rcc_ex.o)
                0x000000000800b0d0                HAL_RCCEx_GetD3PCLK1Freq
 .text.HAL_RCCEx_GetPLL2ClockFreq
                0x000000000800b0f4      0x17c ../../DaisyExamples/libDaisy/build/libdaisy.a(stm32h7xx_hal_rcc_ex.o)
                0x000000000800b0f4                HAL_RCCEx_GetPLL2ClockFreq
 .text.HAL_RCCEx_GetPLL3ClockFreq
                0x000000000800b270      0x17c ../../DaisyExamples/libDaisy/build/libdaisy.a(stm32h7xx_hal_rcc_ex.o)
                0x000000000800b270                HAL_RCCEx_GetPLL3ClockFreq
 .text.HAL_RCCEx_GetPLL1ClockFreq
                0x000000000800b3ec      0x17c ../../DaisyExamples/libDaisy/build/libdaisy.a(stm32h7xx_hal_rcc_ex.o)
                0x000000000800b3ec                HAL_RCCEx_GetPLL1ClockFreq
 .text.HAL_RCCEx_GetPeriphCLKFreq
                0x000000000800b568      0x198 ../../DaisyExamples/libDaisy/build/libdaisy.a(stm32h7xx_hal_rcc_ex.o)
                0x000000000800b568                HAL_RCCEx_GetPeriphCLKFreq
 .text.HAL_RCCEx_GetD1SysClockFreq
                0x000000000800b700       0x2c ../../DaisyExamples/libDaisy/build/libdaisy.a(stm32h7xx_hal_rcc_ex.o)
                0x000000000800b700                HAL_RCCEx_GetD1SysClockFreq
 .text.HAL_SAI_Init.part.0
                0x000000000800b72c      0x348 ../../DaisyExamples/libDaisy/build/libdaisy.a(stm32h7xx_hal_sai.o)
 .text.HAL_SAI_InitProtocol
                0x000000000800ba74      0x178 ../../DaisyExamples/libDaisy/build/libdaisy.a(stm32h7xx_hal_sai.o)
                0x000000000800ba74                HAL_SAI_InitProtocol
 .text.HAL_SAI_Transmit_DMA
                0x000000000800bbec      0x124 ../../DaisyExamples/libDaisy/build/libdaisy.a(stm32h7xx_hal_sai.o)
                0x000000000800bbec                HAL_SAI_Transmit_DMA
 .text.HAL_SAI_Receive_DMA
                0x000000000800bd10       0xd0 ../../DaisyExamples/libDaisy/build/libdaisy.a(stm32h7xx_hal_sai.o)
                0x000000000800bd10                HAL_SAI_Receive_DMA
 .text.HAL_SAI_TxCpltCallback
                0x000000000800bde0        0x4 ../../DaisyExamples/libDaisy/build/libdaisy.a(stm32h7xx_hal_sai.o)
                0x000000000800bde0                HAL_SAI_TxCpltCallback
 .text.SAI_DMATxCplt
                0x000000000800bde4       0x64 ../../DaisyExamples/libDaisy/build/libdaisy.a(stm32h7xx_hal_sai.o)
 .text.HAL_SAI_TxHalfCpltCallback
                0x000000000800be48        0x4 ../../DaisyExamples/libDaisy/build/libdaisy.a(stm32h7xx_hal_sai.o)
                0x000000000800be48                HAL_SAI_TxHalfCpltCallback
 .text.SAI_DMATxHalfCplt
                0x000000000800be4c        0xc ../../DaisyExamples/libDaisy/build/libdaisy.a(stm32h7xx_hal_sai.o)
 .text.SAI_DMARxCplt
                0x000000000800be58       0x64 ../../DaisyExamples/libDaisy/build/libdaisy.a(stm32h7xx_hal_sai.o)
 .text.SAI_DMARxHalfCplt
                0x000000000800bebc        0xc ../../DaisyExamples/libDaisy/build/libdaisy.a(stm32h7xx_hal_sai.o)
 .text.HAL_SAI_ErrorCallback
                0x000000000800bec8        0x4 ../../DaisyExamples/libDaisy/build/libdaisy.a(stm32h7xx_hal_sai.o)
                0x000000000800bec8                HAL_SAI_ErrorCallback
 .text.SAI_DMAError
                0x000000000800becc       0x6c ../../DaisyExamples/libDaisy/build/libdaisy.a(stm32h7xx_hal_sai.o)
 .text.HAL_SDRAM_Init
                0x000000000800bf38       0x54 ../../DaisyExamples/libDaisy/build/libdaisy.a(stm32h7xx_hal_sdram.o)
                0x000000000800bf38                HAL_SDRAM_Init
 .text.HAL_SDRAM_SendCommand
                0x000000000800bf8c       0x40 ../../DaisyExamples/libDaisy/build/libdaisy.a(stm32h7xx_hal_sdram.o)
                0x000000000800bf8c                HAL_SDRAM_SendCommand
 .text.HAL_SDRAM_ProgramRefreshRate
                0x000000000800bfcc       0x30 ../../DaisyExamples/libDaisy/build/libdaisy.a(stm32h7xx_hal_sdram.o)
                0x000000000800bfcc                HAL_SDRAM_ProgramRefreshRate
 .text.HAL_UART_Transmit_DMA
                0x000000000800bffc       0xa4 ../../DaisyExamples/libDaisy/build/libdaisy.a(stm32h7xx_hal_uart.o)
                0x000000000800bffc                HAL_UART_Transmit_DMA
 .text.HAL_UART_Receive_DMA
                0x000000000800c0a0       0xac ../../DaisyExamples/libDaisy/build/libdaisy.a(stm32h7xx_hal_uart.o)
                0x000000000800c0a0                HAL_UART_Receive_DMA
 .text.UART_DMATransmitCplt
                0x000000000800c14c       0x2c ../../DaisyExamples/libDaisy/build/libdaisy.a(stm32h7xx_hal_uart.o)
 .text.HAL_UART_TxHalfCpltCallback
                0x000000000800c178        0x4 ../../DaisyExamples/libDaisy/build/libdaisy.a(stm32h7xx_hal_uart.o)
                0x000000000800c178                HAL_UART_TxHalfCpltCallback
 .text.UART_DMATxHalfCplt
                0x000000000800c17c        0xc ../../DaisyExamples/libDaisy/build/libdaisy.a(stm32h7xx_hal_uart.o)
 .text.UART_DMAReceiveCplt
                0x000000000800c188       0x38 ../../DaisyExamples/libDaisy/build/libdaisy.a(stm32h7xx_hal_uart.o)
 .text.UART_DMARxHalfCplt
                0x000000000800c1c0        0xc ../../DaisyExamples/libDaisy/build/libdaisy.a(stm32h7xx_hal_uart.o)
 .text.UART_DMAError
                0x000000000800c1cc       0x78 ../../DaisyExamples/libDaisy/build/libdaisy.a(stm32h7xx_hal_uart.o)
 .text.HAL_UART_IRQHandler
                0x000000000800c244      0x1d0 ../../DaisyExamples/libDaisy/build/libdaisy.a(stm32h7xx_hal_uart.o)
                0x000000000800c244                HAL_UART_IRQHandler
 .text.UART_DMAAbortOnError
                0x000000000800c414       0x14 ../../DaisyExamples/libDaisy/build/libdaisy.a(stm32h7xx_hal_uart.o)
 .text.HAL_UART_GetState
                0x000000000800c428        0xc ../../DaisyExamples/libDaisy/build/libdaisy.a(stm32h7xx_hal_uart.o)
                0x000000000800c428                HAL_UART_GetState
 .text.UART_SetConfig
                0x000000000800c434     0x14b8 ../../DaisyExamples/libDaisy/build/libdaisy.a(stm32h7xx_hal_uart.o)
                0x000000000800c434                UART_SetConfig
 .text.UART_AdvFeatureConfig
                0x000000000800d8ec       0xb0 ../../DaisyExamples/libDaisy/build/libdaisy.a(stm32h7xx_hal_uart.o)
                0x000000000800d8ec                UART_AdvFeatureConfig
 .text.UART_CheckIdleState
                0x000000000800d99c       0x84 ../../DaisyExamples/libDaisy/build/libdaisy.a(stm32h7xx_hal_uart.o)
                0x000000000800d99c                UART_CheckIdleState
 .text.HAL_UART_Init
                0x000000000800da20       0x68 ../../DaisyExamples/libDaisy/build/libdaisy.a(stm32h7xx_hal_uart.o)
                0x000000000800da20                HAL_UART_Init
 .text.HAL_UARTEx_WakeupCallback
                0x000000000800da88        0x4 ../../DaisyExamples/libDaisy/build/libdaisy.a(stm32h7xx_hal_uart_ex.o)
                0x000000000800da88                HAL_UARTEx_WakeupCallback
 .text.HAL_UARTEx_RxFifoFullCallback
                0x000000000800da8c        0x4 ../../DaisyExamples/libDaisy/build/libdaisy.a(stm32h7xx_hal_uart_ex.o)
                0x000000000800da8c                HAL_UARTEx_RxFifoFullCallback
 .text.HAL_UARTEx_TxFifoEmptyCallback
                0x000000000800da90        0x4 ../../DaisyExamples/libDaisy/build/libdaisy.a(stm32h7xx_hal_uart_ex.o)
                0x000000000800da90                HAL_UARTEx_TxFifoEmptyCallback
 .text.HAL_UARTEx_DisableFifoMode
                0x000000000800da94       0x3c ../../DaisyExamples/libDaisy/build/libdaisy.a(stm32h7xx_hal_uart_ex.o)
                0x000000000800da94                HAL_UARTEx_DisableFifoMode
 .text.HAL_UARTEx_SetTxFifoThreshold
                0x000000000800dad0       0xa4 ../../DaisyExamples/libDaisy/build/libdaisy.a(stm32h7xx_hal_uart_ex.o)
                0x000000000800dad0                HAL_UARTEx_SetTxFifoThreshold
 .text.HAL_UARTEx_SetRxFifoThreshold
                0x000000000800db74       0xa4 ../../DaisyExamples/libDaisy/build/libdaisy.a(stm32h7xx_hal_uart_ex.o)
                0x000000000800db74                HAL_UARTEx_SetRxFifoThreshold
 .text.FMC_SDRAM_Init
                0x000000000800dc18       0x7c ../../DaisyExamples/libDaisy/build/libdaisy.a(stm32h7xx_ll_fmc.o)
                0x000000000800dc18                FMC_SDRAM_Init
 .text.FMC_SDRAM_Timing_Init
                0x000000000800dc94       0x98 ../../DaisyExamples/libDaisy/build/libdaisy.a(stm32h7xx_ll_fmc.o)
                0x000000000800dc94                FMC_SDRAM_Timing_Init
 .text.FMC_SDRAM_SendCommand
                0x000000000800dd2c       0x28 ../../DaisyExamples/libDaisy/build/libdaisy.a(stm32h7xx_ll_fmc.o)
                0x000000000800dd2c                FMC_SDRAM_SendCommand
 .text.FMC_SDRAM_ProgramRefreshRate
                0x000000000800dd54       0x1c ../../DaisyExamples/libDaisy/build/libdaisy.a(stm32h7xx_ll_fmc.o)
                0x000000000800dd54                FMC_SDRAM_ProgramRefreshRate
 .text.USB_SetTurnaroundTime
                0x000000000800dd70      0x104 ../../DaisyExamples/libDaisy/build/libdaisy.a(stm32h7xx_ll_usb.o)
                0x000000000800dd70                USB_SetTurnaroundTime
 .text.USB_FlushTxFifo
                0x000000000800de74       0x34 ../../DaisyExamples/libDaisy/build/libdaisy.a(stm32h7xx_ll_usb.o)
                0x000000000800de74                USB_FlushTxFifo
 .text.USB_GetDevSpeed
                0x000000000800dea8       0x24 ../../DaisyExamples/libDaisy/build/libdaisy.a(stm32h7xx_ll_usb.o)
                0x000000000800dea8                USB_GetDevSpeed
 .text.USB_ActivateEndpoint
                0x000000000800decc       0x90 ../../DaisyExamples/libDaisy/build/libdaisy.a(stm32h7xx_ll_usb.o)
                0x000000000800decc                USB_ActivateEndpoint
 .text.USB_EPStartXfer
                0x000000000800df5c      0x230 ../../DaisyExamples/libDaisy/build/libdaisy.a(stm32h7xx_ll_usb.o)
                0x000000000800df5c                USB_EPStartXfer
 .text.USB_EP0StartXfer
                0x000000000800e18c      0x174 ../../DaisyExamples/libDaisy/build/libdaisy.a(stm32h7xx_ll_usb.o)
                0x000000000800e18c                USB_EP0StartXfer
 .text.USB_WritePacket
                0x000000000800e300       0x2c ../../DaisyExamples/libDaisy/build/libdaisy.a(stm32h7xx_ll_usb.o)
                0x000000000800e300                USB_WritePacket
 .text.USB_ReadPacket
                0x000000000800e32c       0x20 ../../DaisyExamples/libDaisy/build/libdaisy.a(stm32h7xx_ll_usb.o)
                0x000000000800e32c                USB_ReadPacket
 .text.USB_EPSetStall
                0x000000000800e34c       0x68 ../../DaisyExamples/libDaisy/build/libdaisy.a(stm32h7xx_ll_usb.o)
                0x000000000800e34c                USB_EPSetStall
 .text.USB_EPClearStall
                0x000000000800e3b4       0x58 ../../DaisyExamples/libDaisy/build/libdaisy.a(stm32h7xx_ll_usb.o)
                0x000000000800e3b4                USB_EPClearStall
 .text.USB_SetDevAddress
                0x000000000800e40c       0x24 ../../DaisyExamples/libDaisy/build/libdaisy.a(stm32h7xx_ll_usb.o)
                0x000000000800e40c                USB_SetDevAddress
 .text.USB_ReadInterrupts
                0x000000000800e430       0x14 ../../DaisyExamples/libDaisy/build/libdaisy.a(stm32h7xx_ll_usb.o)
                0x000000000800e430                USB_ReadInterrupts
 .text.USB_ReadDevAllOutEpInterrupt
                0x000000000800e444       0x1c ../../DaisyExamples/libDaisy/build/libdaisy.a(stm32h7xx_ll_usb.o)
                0x000000000800e444                USB_ReadDevAllOutEpInterrupt
 .text.USB_ReadDevAllInEpInterrupt
                0x000000000800e460       0x1c ../../DaisyExamples/libDaisy/build/libdaisy.a(stm32h7xx_ll_usb.o)
                0x000000000800e460                USB_ReadDevAllInEpInterrupt
 .text.USB_ReadDevOutEPInterrupt
                0x000000000800e47c       0x1c ../../DaisyExamples/libDaisy/build/libdaisy.a(stm32h7xx_ll_usb.o)
                0x000000000800e47c                USB_ReadDevOutEPInterrupt
 .text.USB_ReadDevInEPInterrupt
                0x000000000800e498       0x38 ../../DaisyExamples/libDaisy/build/libdaisy.a(stm32h7xx_ll_usb.o)
                0x000000000800e498                USB_ReadDevInEPInterrupt
 .text.USB_GetMode
                0x000000000800e4d0        0x8 ../../DaisyExamples/libDaisy/build/libdaisy.a(stm32h7xx_ll_usb.o)
                0x000000000800e4d0                USB_GetMode
 .text.USB_ActivateSetup
                0x000000000800e4d8       0x38 ../../DaisyExamples/libDaisy/build/libdaisy.a(stm32h7xx_ll_usb.o)
                0x000000000800e4d8                USB_ActivateSetup
 .text.USB_EP0_OutStart
                0x000000000800e510       0x58 ../../DaisyExamples/libDaisy/build/libdaisy.a(stm32h7xx_ll_usb.o)
                0x000000000800e510                USB_EP0_OutStart
 .text.USB_InitFSLSPClkSel
                0x000000000800e568       0x44 ../../DaisyExamples/libDaisy/build/libdaisy.a(stm32h7xx_ll_usb.o)
                0x000000000800e568                USB_InitFSLSPClkSel
 .text.USB_HC_ReadInterrupt
                0x000000000800e5ac        0x8 ../../DaisyExamples/libDaisy/build/libdaisy.a(stm32h7xx_ll_usb.o)
                0x000000000800e5ac                USB_HC_ReadInterrupt
 .text.USB_HC_Halt
                0x000000000800e5b4       0xc0 ../../DaisyExamples/libDaisy/build/libdaisy.a(stm32h7xx_ll_usb.o)
                0x000000000800e5b4                USB_HC_Halt
 .text.USB_StopHost
                0x000000000800e674      0x2ec ../../DaisyExamples/libDaisy/build/libdaisy.a(stm32h7xx_ll_usb.o)
                0x000000000800e674                USB_StopHost
 .text.USBD_SetClassConfig
                0x000000000800e960       0x14 ../../DaisyExamples/libDaisy/build/libdaisy.a(usbd_core.o)
                0x000000000800e960                USBD_SetClassConfig
 .text.USBD_ClrClassConfig
                0x000000000800e974       0x10 ../../DaisyExamples/libDaisy/build/libdaisy.a(usbd_core.o)
                0x000000000800e974                USBD_ClrClassConfig
 .text.USBD_LL_SetupStage
                0x000000000800e984       0x5c ../../DaisyExamples/libDaisy/build/libdaisy.a(usbd_core.o)
                0x000000000800e984                USBD_LL_SetupStage
 .text.USBD_LL_DataOutStage
                0x000000000800e9e0       0x7c ../../DaisyExamples/libDaisy/build/libdaisy.a(usbd_core.o)
                0x000000000800e9e0                USBD_LL_DataOutStage
 .text.USBD_LL_DataInStage
                0x000000000800ea5c       0xcc ../../DaisyExamples/libDaisy/build/libdaisy.a(usbd_core.o)
                0x000000000800ea5c                USBD_LL_DataInStage
 .text.USBD_LL_Reset
                0x000000000800eb28       0x50 ../../DaisyExamples/libDaisy/build/libdaisy.a(usbd_core.o)
                0x000000000800eb28                USBD_LL_Reset
 .text.USBD_LL_SetSpeed
                0x000000000800eb78        0x8 ../../DaisyExamples/libDaisy/build/libdaisy.a(usbd_core.o)
                0x000000000800eb78                USBD_LL_SetSpeed
 .text.USBD_LL_Suspend
                0x000000000800eb80       0x14 ../../DaisyExamples/libDaisy/build/libdaisy.a(usbd_core.o)
                0x000000000800eb80                USBD_LL_Suspend
 .text.USBD_LL_Resume
                0x000000000800eb94       0x10 ../../DaisyExamples/libDaisy/build/libdaisy.a(usbd_core.o)
                0x000000000800eb94                USBD_LL_Resume
 .text.USBD_LL_SOF
                0x000000000800eba4       0x1c ../../DaisyExamples/libDaisy/build/libdaisy.a(usbd_core.o)
                0x000000000800eba4                USBD_LL_SOF
 .text.USBD_LL_IsoINIncomplete
                0x000000000800ebc0        0x4 ../../DaisyExamples/libDaisy/build/libdaisy.a(usbd_core.o)
                0x000000000800ebc0                USBD_LL_IsoINIncomplete
 .text.USBD_LL_IsoOUTIncomplete
                0x000000000800ebc4        0x4 ../../DaisyExamples/libDaisy/build/libdaisy.a(usbd_core.o)
                0x000000000800ebc4                USBD_LL_IsoOUTIncomplete
 .text.USBD_LL_DevConnected
                0x000000000800ebc8        0x4 ../../DaisyExamples/libDaisy/build/libdaisy.a(usbd_core.o)
                0x000000000800ebc8                USBD_LL_DevConnected
 .text.USBD_LL_DevDisconnected
                0x000000000800ebcc       0x18 ../../DaisyExamples/libDaisy/build/libdaisy.a(usbd_core.o)
                0x000000000800ebcc                USBD_LL_DevDisconnected
 .text.USBD_StdDevReq
                0x000000000800ebe4      0x304 ../../DaisyExamples/libDaisy/build/libdaisy.a(usbd_ctlreq.o)
                0x000000000800ebe4                USBD_StdDevReq
 .text.USBD_StdItfReq
                0x000000000800eee8       0x68 ../../DaisyExamples/libDaisy/build/libdaisy.a(usbd_ctlreq.o)
                0x000000000800eee8                USBD_StdItfReq
 .text.USBD_StdEPReq
                0x000000000800ef50      0x13c ../../DaisyExamples/libDaisy/build/libdaisy.a(usbd_ctlreq.o)
                0x000000000800ef50                USBD_StdEPReq
 .text.USBD_ParseSetupRequest
                0x000000000800f08c       0x28 ../../DaisyExamples/libDaisy/build/libdaisy.a(usbd_ctlreq.o)
                0x000000000800f08c                USBD_ParseSetupRequest
 .text.USBD_CtlSendData
                0x000000000800f0b4       0x1c ../../DaisyExamples/libDaisy/build/libdaisy.a(usbd_ioreq.o)
                0x000000000800f0b4                USBD_CtlSendData
 .text.USBD_CtlContinueSendData
                0x000000000800f0d0       0x14 ../../DaisyExamples/libDaisy/build/libdaisy.a(usbd_ioreq.o)
                0x000000000800f0d0                USBD_CtlContinueSendData
 .text.USBD_CtlContinueRx
                0x000000000800f0e4       0x14 ../../DaisyExamples/libDaisy/build/libdaisy.a(usbd_ioreq.o)
                0x000000000800f0e4                USBD_CtlContinueRx
 .text.USBD_CtlSendStatus
                0x000000000800f0f8       0x18 ../../DaisyExamples/libDaisy/build/libdaisy.a(usbd_ioreq.o)
                0x000000000800f0f8                USBD_CtlSendStatus
 .text.USBD_CtlReceiveStatus
                0x000000000800f110       0x18 ../../DaisyExamples/libDaisy/build/libdaisy.a(usbd_ioreq.o)
                0x000000000800f110                USBD_CtlReceiveStatus
 .text.USBH_LL_IncTimer
                0x000000000800f128       0x20 ../../DaisyExamples/libDaisy/build/libdaisy.a(usbh_core.o)
                0x000000000800f128                USBH_LL_IncTimer
 .text.USBH_LL_PortEnabled
                0x000000000800f148        0x8 ../../DaisyExamples/libDaisy/build/libdaisy.a(usbh_core.o)
                0x000000000800f148                USBH_LL_PortEnabled
 .text.USBH_LL_PortDisabled
                0x000000000800f150        0x8 ../../DaisyExamples/libDaisy/build/libdaisy.a(usbh_core.o)
                0x000000000800f150                USBH_LL_PortDisabled
 .text.USBH_LL_Connect
                0x000000000800f158       0x18 ../../DaisyExamples/libDaisy/build/libdaisy.a(usbh_core.o)
                0x000000000800f158                USBH_LL_Connect
 .text.USBH_LL_Disconnect
                0x000000000800f170       0x2c ../../DaisyExamples/libDaisy/build/libdaisy.a(usbh_core.o)
                0x000000000800f170                USBH_LL_Disconnect
 .text.USBH_FreePipe
                0x000000000800f19c       0x18 ../../DaisyExamples/libDaisy/build/libdaisy.a(usbh_pipes.o)
                0x000000000800f19c                USBH_FreePipe
 .text._ZN5daisy3Led4InitE12dsy_gpio_pinbf
                0x000000000800f1b4       0x48 ../../DaisyExamples/libDaisy/build/libdaisy.a(led.o)
                0x000000000800f1b4                daisy::Led::Init(dsy_gpio_pin, bool, float)
 .text._ZN5daisy3Led3SetEf
                0x000000000800f1fc       0x24 ../../DaisyExamples/libDaisy/build/libdaisy.a(led.o)
                0x000000000800f1fc                daisy::Led::Set(float)
 .text._ZN5daisy3Led6UpdateEv
                0x000000000800f220       0x48 ../../DaisyExamples/libDaisy/build/libdaisy.a(led.o)
                0x000000000800f220                daisy::Led::Update()
 .text._ZN5daisy6Random4InitEv
                0x000000000800f268       0x3c ../../DaisyExamples/libDaisy/build/libdaisy.a(rng.o)
                0x000000000800f268                daisy::Random::Init()
 .text._ZN5daisy9SpiHandle4Impl7InitDmaEv
                0x000000000800f2a4       0xec ../../DaisyExamples/libDaisy/build/libdaisy.a(spi.o)
                0x000000000800f2a4                daisy::SpiHandle::Impl::InitDma()
 .text._ZN5daisy9SpiHandle4Impl10StartDmaTxEPhjPFvPvEPFvS3_NS0_6ResultEES3_
                0x000000000800f390       0xc8 ../../DaisyExamples/libDaisy/build/libdaisy.a(spi.o)
                0x000000000800f390                daisy::SpiHandle::Impl::StartDmaTx(unsigned char*, unsigned int, void (*)(void*), void (*)(void*, daisy::SpiHandle::Result), void*)
 .text._ZN5daisy9SpiHandle4Impl10StartDmaRxEPhjPFvPvEPFvS3_NS0_6ResultEES3_
                0x000000000800f458       0xc8 ../../DaisyExamples/libDaisy/build/libdaisy.a(spi.o)
                0x000000000800f458                daisy::SpiHandle::Impl::StartDmaRx(unsigned char*, unsigned int, void (*)(void*), void (*)(void*, daisy::SpiHandle::Result), void*)
 .text._ZN5daisy9SpiHandle4Impl12StartDmaRxTxEPhS2_jPFvPvEPFvS3_NS0_6ResultEES3_
                0x000000000800f520       0xcc ../../DaisyExamples/libDaisy/build/libdaisy.a(spi.o)
                0x000000000800f520                daisy::SpiHandle::Impl::StartDmaRxTx(unsigned char*, unsigned char*, unsigned int, void (*)(void*), void (*)(void*, daisy::SpiHandle::Result), void*)
 .text._ZN5daisy9SpiHandle4Impl8InitPinsEv
                0x000000000800f5ec      0x274 ../../DaisyExamples/libDaisy/build/libdaisy.a(spi.o)
                0x000000000800f5ec                daisy::SpiHandle::Impl::InitPins()
 .text.HAL_SPI_MspInit
                0x000000000800f860      0x1a8 ../../DaisyExamples/libDaisy/build/libdaisy.a(spi.o)
                0x000000000800f860                HAL_SPI_MspInit
 .text.dsy_spi_global_init
                0x000000000800fa08       0x80 ../../DaisyExamples/libDaisy/build/libdaisy.a(spi.o)
                0x000000000800fa08                dsy_spi_global_init
 .text.SPI1_IRQHandler
                0x000000000800fa88        0xc ../../DaisyExamples/libDaisy/build/libdaisy.a(spi.o)
                0x000000000800fa88                SPI1_IRQHandler
 .text.SPI2_IRQHandler
                0x000000000800fa94        0xc ../../DaisyExamples/libDaisy/build/libdaisy.a(spi.o)
                0x000000000800fa94                SPI2_IRQHandler
 .text.SPI3_IRQHandler
                0x000000000800faa0        0xc ../../DaisyExamples/libDaisy/build/libdaisy.a(spi.o)
                0x000000000800faa0                SPI3_IRQHandler
 .text.SPI4_IRQHandler
                0x000000000800faac        0xc ../../DaisyExamples/libDaisy/build/libdaisy.a(spi.o)
                0x000000000800faac                SPI4_IRQHandler
 .text.SPI5_IRQHandler
                0x000000000800fab8        0xc ../../DaisyExamples/libDaisy/build/libdaisy.a(spi.o)
                0x000000000800fab8                SPI5_IRQHandler
 .text.DMA2_Stream2_IRQHandler
                0x000000000800fac4       0x34 ../../DaisyExamples/libDaisy/build/libdaisy.a(spi.o)
                0x000000000800fac4                DMA2_Stream2_IRQHandler
 .text.DMA2_Stream3_IRQHandler
                0x000000000800faf8       0x38 ../../DaisyExamples/libDaisy/build/libdaisy.a(spi.o)
                0x000000000800faf8                DMA2_Stream3_IRQHandler
 .text.HAL_SPI_TxCpltCallback
                0x000000000800fb30       0xc4 ../../DaisyExamples/libDaisy/build/libdaisy.a(spi.o)
                0x000000000800fb30                HAL_SPI_TxCpltCallback
 .text.HAL_SPI_RxCpltCallback
                0x000000000800fbf4       0xc4 ../../DaisyExamples/libDaisy/build/libdaisy.a(spi.o)
                0x000000000800fbf4                HAL_SPI_RxCpltCallback
 .text.HAL_SPI_TxRxCpltCallback
                0x000000000800fcb8       0xc4 ../../DaisyExamples/libDaisy/build/libdaisy.a(spi.o)
                0x000000000800fcb8                HAL_SPI_TxRxCpltCallback
 .text.HAL_SPI_ErrorCallback
                0x000000000800fd7c       0xc8 ../../DaisyExamples/libDaisy/build/libdaisy.a(spi.o)
                0x000000000800fd7c                HAL_SPI_ErrorCallback
 .text.startup._GLOBAL__sub_I__Z19MapInstanceToHandleP11SPI_TypeDef
                0x000000000800fe44      0x1b0 ../../DaisyExamples/libDaisy/build/libdaisy.a(spi.o)
 .text.HAL_TIM_Base_MspInit
                0x000000000800fff4      0x1e0 ../../DaisyExamples/libDaisy/build/libdaisy.a(tim.o)
                0x000000000800fff4                HAL_TIM_Base_MspInit
 .text.HAL_TIM_PeriodElapsedCallback
                0x00000000080101d4       0x44 ../../DaisyExamples/libDaisy/build/libdaisy.a(tim.o)
                0x00000000080101d4                HAL_TIM_PeriodElapsedCallback
 .text.TIM2_IRQHandler
                0x0000000008010218        0xc ../../DaisyExamples/libDaisy/build/libdaisy.a(tim.o)
                0x0000000008010218                TIM2_IRQHandler
 .text.TIM3_IRQHandler
                0x0000000008010224        0xc ../../DaisyExamples/libDaisy/build/libdaisy.a(tim.o)
                0x0000000008010224                TIM3_IRQHandler
 .text.TIM4_IRQHandler
                0x0000000008010230        0xc ../../DaisyExamples/libDaisy/build/libdaisy.a(tim.o)
                0x0000000008010230                TIM4_IRQHandler
 .text.TIM5_IRQHandler
                0x000000000801023c        0xc ../../DaisyExamples/libDaisy/build/libdaisy.a(tim.o)
                0x000000000801023c                TIM5_IRQHandler
 .text._ZN5daisy11TimerHandle4InitERKNS0_6ConfigE
                0x0000000008010248       0xd0 ../../DaisyExamples/libDaisy/build/libdaisy.a(tim.o)
                0x0000000008010248                daisy::TimerHandle::Init(daisy::TimerHandle::Config const&)
 .text._ZN5daisy11TimerHandle5StartEv
                0x0000000008010318       0x24 ../../DaisyExamples/libDaisy/build/libdaisy.a(tim.o)
                0x0000000008010318                daisy::TimerHandle::Start()
 .text.startup._GLOBAL__sub_I__ZN5daisy11TimerHandle4Impl4InitERKNS0_6ConfigE
                0x000000000801033c       0x38 ../../DaisyExamples/libDaisy/build/libdaisy.a(tim.o)
 .text.HAL_MDMA_Abort_IT
                0x0000000008010374       0x2c ../../DaisyExamples/libDaisy/build/libdaisy.a(stm32h7xx_hal_mdma.o)
                0x0000000008010374                HAL_MDMA_Abort_IT
 .text.SPI_CloseTransfer
                0x00000000080103a0       0xb8 ../../DaisyExamples/libDaisy/build/libdaisy.a(stm32h7xx_hal_spi.o)
 .text.HAL_SPI_Init
                0x0000000008010458      0x15c ../../DaisyExamples/libDaisy/build/libdaisy.a(stm32h7xx_hal_spi.o)
                0x0000000008010458                HAL_SPI_Init
 .text.HAL_SPI_Transmit_DMA
                0x00000000080105b4      0x170 ../../DaisyExamples/libDaisy/build/libdaisy.a(stm32h7xx_hal_spi.o)
                0x00000000080105b4                HAL_SPI_Transmit_DMA
 .text.HAL_SPI_TransmitReceive_DMA
                0x0000000008010724      0x218 ../../DaisyExamples/libDaisy/build/libdaisy.a(stm32h7xx_hal_spi.o)
                0x0000000008010724                HAL_SPI_TransmitReceive_DMA
 .text.HAL_SPI_Receive_DMA
                0x000000000801093c      0x1b4 ../../DaisyExamples/libDaisy/build/libdaisy.a(stm32h7xx_hal_spi.o)
                0x000000000801093c                HAL_SPI_Receive_DMA
 .text.SPI_DMATransmitCplt
                0x0000000008010af0       0x28 ../../DaisyExamples/libDaisy/build/libdaisy.a(stm32h7xx_hal_spi.o)
 .text.SPI_DMAReceiveCplt
                0x0000000008010b18       0x28 ../../DaisyExamples/libDaisy/build/libdaisy.a(stm32h7xx_hal_spi.o)