Archive member included to satisfy reference by file (symbol)

../../DaisyExamples/libDaisy/build/libdaisy.a(daisy_pod.o)
                              build/SynthV7.o (daisy::DaisyPod::StartAudio(void (*)(float const*, float*, unsigned int)))
../../DaisyExamples/libDaisy/build/libdaisy.a(daisy_seed.o)
                              ../../DaisyExamples/libDaisy/build/libdaisy.a(daisy_pod.o) (daisy::DaisySeed::Configure())
../../DaisyExamples/libDaisy/build/libdaisy.a(codec_ak4556.o)
                              ../../DaisyExamples/libDaisy/build/libdaisy.a(daisy_seed.o) (daisy::Ak4556::Init(dsy_gpio_pin))
../../DaisyExamples/libDaisy/build/libdaisy.a(codec_wm8731.o)
                              ../../DaisyExamples/libDaisy/build/libdaisy.a(daisy_seed.o) (daisy::Wm8731::Init(daisy::Wm8731::Config const&, daisy::I2CHandle))
../../DaisyExamples/libDaisy/build/libdaisy.a(sdram.o)
                              ../../DaisyExamples/libDaisy/build/libdaisy.a(daisy_seed.o) (SdramHandle::Init())
../../DaisyExamples/libDaisy/build/libdaisy.a(audio.o)
                              ../../DaisyExamples/libDaisy/build/libdaisy.a(daisy_seed.o) (daisy::AudioHandle::Init(daisy::AudioHandle::Config const&, daisy::SaiHandle))
../../DaisyExamples/libDaisy/build/libdaisy.a(ctrl.o)
                              ../../DaisyExamples/libDaisy/build/libdaisy.a(daisy_pod.o) (daisy::AnalogControl::Init(unsigned short*, float, bool, bool, float))
../../DaisyExamples/libDaisy/build/libdaisy.a(encoder.o)
                              ../../DaisyExamples/libDaisy/build/libdaisy.a(daisy_pod.o) (daisy::Encoder::Init(dsy_gpio_pin, dsy_gpio_pin, dsy_gpio_pin, float))
../../DaisyExamples/libDaisy/build/libdaisy.a(midi.o)
                              build/SynthV7.o (daisy::MidiUartTransport::Config::Config())
../../DaisyExamples/libDaisy/build/libdaisy.a(midi_parser.o)
                              build/SynthV7.o (daisy::MidiParser::Parse(unsigned char, daisy::MidiEvent*))
../../DaisyExamples/libDaisy/build/libdaisy.a(parameter.o)
                              build/SynthV7.o (daisy::Parameter::Init(daisy::AnalogControl, float, float, daisy::Parameter::Curve))
../../DaisyExamples/libDaisy/build/libdaisy.a(rgb_led.o)
                              ../../DaisyExamples/libDaisy/build/libdaisy.a(daisy_pod.o) (daisy::RgbLed::Init(dsy_gpio_pin, dsy_gpio_pin, dsy_gpio_pin, bool))
../../DaisyExamples/libDaisy/build/libdaisy.a(switch.o)
                              ../../DaisyExamples/libDaisy/build/libdaisy.a(daisy_pod.o) (daisy::Switch::Init(dsy_gpio_pin, float))
../../DaisyExamples/libDaisy/build/libdaisy.a(usb_midi.o)
                              build/SynthV7.o (daisy::MidiUsbTransport::Init(daisy::MidiUsbTransport::Config))
../../DaisyExamples/libDaisy/build/libdaisy.a(adc.o)
                              ../../DaisyExamples/libDaisy/build/libdaisy.a(daisy_pod.o) (daisy::AdcChannelConfig::InitSingle(dsy_gpio_pin, daisy::AdcChannelConfig::ConversionSpeed))
../../DaisyExamples/libDaisy/build/libdaisy.a(gpio.o)
                              ../../DaisyExamples/libDaisy/build/libdaisy.a(daisy_seed.o) (daisy::GPIO::Init(daisy::Pin, daisy::GPIO::Mode, daisy::GPIO::Pull, daisy::GPIO::Speed))
../../DaisyExamples/libDaisy/build/libdaisy.a(i2c.o)
                              ../../DaisyExamples/libDaisy/build/libdaisy.a(daisy_seed.o) (daisy::I2CHandle::Init(daisy::I2CHandle::Config const&))
../../DaisyExamples/libDaisy/build/libdaisy.a(qspi.o)
                              ../../DaisyExamples/libDaisy/build/libdaisy.a(daisy_seed.o) (daisy::QSPIHandle::Init(daisy::QSPIHandle::Config const&))
../../DaisyExamples/libDaisy/build/libdaisy.a(sai.o)
                              ../../DaisyExamples/libDaisy/build/libdaisy.a(daisy_seed.o) (daisy::SaiHandle::Init(daisy::SaiHandle::Config const&))
../../DaisyExamples/libDaisy/build/libdaisy.a(uart.o)
                              ../../DaisyExamples/libDaisy/build/libdaisy.a(daisy_pod.o) (daisy::UartHandler::Init(daisy::UartHandler::Config const&))
../../DaisyExamples/libDaisy/build/libdaisy.a(dma.o)
                              ../../DaisyExamples/libDaisy/build/libdaisy.a(uart.o) (dsy_dma_invalidate_cache_for_buffer)
../../DaisyExamples/libDaisy/build/libdaisy.a(system.o)
                              ../../DaisyExamples/libDaisy/build/libdaisy.a(daisy_seed.o) (daisy::System::DeInit())
../../DaisyExamples/libDaisy/build/libdaisy.a(system_stm32h7xx.o)
                              build/startup_stm32h750xx.o (SystemInit)
../../DaisyExamples/libDaisy/build/libdaisy.a(usbd_conf.o)
                              ../../DaisyExamples/libDaisy/build/libdaisy.a(system.o) (hpcd_USB_OTG_HS)
../../DaisyExamples/libDaisy/build/libdaisy.a(usbh_conf.o)
                              ../../DaisyExamples/libDaisy/build/libdaisy.a(system.o) (hhcd_USB_OTG_HS)
../../DaisyExamples/libDaisy/build/libdaisy.a(color.o)
[...]
Memory Configuration

Name             Origin             Length             Attributes
FLASH            0x0000000008000000 0x0000000000020000 xr
DTCMRAM          0x0000000020000000 0x0000000000020000 xrw
SRAM             0x0000000024000000 0x0000000000080000 xrw
RAM_D2           0x0000000030000000 0x0000000000048000 xrw
RAM_D3           0x0000000038000000 0x0000000000010000 xrw
BACKUP_SRAM      0x0000000038800000 0x0000000000001000 xrw
ITCMRAM          0x0000000000000000 0x0000000000010000 xrw
SDRAM            0x00000000c0000000 0x0000000004000000 xrw
QSPIFLASH        0x0000000090000000 0x0000000000800000 xr
*default*        0x0000000000000000 0xffffffffffffffff

Linker script and memory map

LOAD /Library/DaisyToolchain/0.2.0/arm/bin/../lib/gcc/arm-none-eabi/10.3.1/thumb/v7e-m+dp/hard/crti.o
LOAD /Library/DaisyToolchain/0.2.0/arm/bin/../lib/gcc/arm-none-eabi/10.3.1/thumb/v7e-m+dp/hard/crtbegin.o
LOAD /Library/DaisyToolchain/0.2.0/arm/bin/../lib/gcc/arm-none-eabi/10.3.1/../../../../arm-none-eabi/lib/thumb/v7e-m+dp/hard/crt0.o
LOAD build/startup_stm32h750xx.o
LOAD build/SynthV7.o
LOAD ../../DaisyExamples/libDaisy/build/libdaisy.a
LOAD /Library/DaisyToolchain/0.2.0/arm/bin/../lib/gcc/arm-none-eabi/10.3.1/../../../../arm-none-eabi/lib/thumb/v7e-m+dp/hard/libnosys.a
LOAD ../../DaisyExamples/DaisySP/build/libdaisysp.a
LOAD ../../DaisyExamples/DaisySP/DaisySP-LGPL/build/libdaisysp-lgpl.a
LOAD /Library/DaisyToolchain/0.2.0/arm/bin/../lib/gcc/arm-none-eabi/10.3.1/../../../../arm-none-eabi/lib/thumb/v7e-m+dp/hard/libstdc++_nano.a
LOAD /Library/DaisyToolchain/0.2.0/arm/bin/../lib/gcc/arm-none-eabi/10.3.1/../../../../arm-none-eabi/lib/thumb/v7e-m+dp/hard/libm.a
LOAD /Library/DaisyToolchain/0.2.0/arm/bin/../lib/gcc/arm-none-eabi/10.3.1/../../../../arm-none-eabi/lib/thumb/v7e-m+dp/hard/libc_nano.a
START GROUP
LOAD /Library/DaisyToolchain/0.2.0/arm/bin/../lib/gcc/arm-none-eabi/10.3.1/thumb/v7e-m+dp/hard/libgcc.a
LOAD /Library/DaisyToolchain/0.2.0/arm/bin/../lib/gcc/arm-none-eabi/10.3.1/../../../../arm-none-eabi/lib/thumb/v7e-m+dp/hard/libc_nano.a
END GROUP
START GROUP
LOAD /Library/DaisyToolchain/0.2.0/arm/bin/../lib/gcc/arm-none-eabi/10.3.1/thumb/v7e-m+dp/hard/libgcc.a
LOAD /Library/DaisyToolchain/0.2.0/arm/bin/../lib/gcc/arm-none-eabi/10.3.1/../../../../arm-none-eabi/lib/thumb/v7e-m+dp/hard/libc_nano.a
LOAD /Library/DaisyToolchain/0.2.0/arm/bin/../lib/gcc/arm-none-eabi/10.3.1/../../../../arm-none-eabi/lib/thumb/v7e-m+dp/hard/libnosys.a
END GROUP
START GROUP
LOAD /Library/DaisyToolchain/0.2.0/arm/bin/../lib/gcc/arm-none-eabi/10.3.1/thumb/v7e-m+dp/hard/libgcc.a
LOAD /Library/DaisyToolchain/0.2.0/arm/bin/../lib/gcc/arm-none-eabi/10.3.1/../../../../arm-none-eabi/lib/thumb/v7e-m+dp/hard/libc_nano.a
LOAD /Library/DaisyToolchain/0.2.0/arm/bin/../lib/gcc/arm-none-eabi/10.3.1/../../../../arm-none-eabi/lib/thumb/v7e-m+dp/hard/libnosys.a
END GROUP
LOAD /Library/DaisyToolchain/0.2.0/arm/bin/../lib/gcc/arm-none-eabi/10.3.1/thumb/v7e-m+dp/hard/crtend.o
LOAD /Library/DaisyToolchain/0.2.0/arm/bin/../lib/gcc/arm-none-eabi/10.3.1/thumb/v7e-m+dp/hard/crtn.o
                0x0000000020020000                _estack = 0x20020000

.isr_vector     0x0000000008000000      0x298
                0x0000000008000000                . = ALIGN (0x4)
 *(.isr_vector)
 .isr_vector    0x0000000008000000      0x298 build/startup_stm32h750xx.o
                0x0000000008000000                g_pfnVectors
                0x0000000008000298                . = ALIGN (0x4)

.text           0x00000000080002a0    0x18c2c
                0x00000000080002a0                . = ALIGN (0x4)
                0x00000000080002a0                _stext = .
 *(.text)
 .text          0x00000000080002a0       0x40 /Library/DaisyToolchain/0.2.0/arm/bin/../lib/gcc/arm-none-eabi/10.3.1/thumb/v7e-m+dp/hard/crtbegin.o
 .text          0x00000000080002e0       0x10 /Library/DaisyToolchain/0.2.0/arm/bin/../lib/gcc/arm-none-eabi/10.3.1/../../../../arm-none-eabi/lib/thumb/v7e-m+dp/hard/libc_nano.a(lib_a-strlen.o)
                0x00000000080002e0                strlen
 .text          0x00000000080002f0       0xa0 /Library/DaisyToolchain/0.2.0/arm/bin/../lib/gcc/arm-none-eabi/10.3.1/../../../../arm-none-eabi/lib/thumb/v7e-m+dp/hard/libc_nano.a(lib_a-memchr.o)
                0x00000000080002f0                memchr
 .text          0x0000000008000390      0x378 /Library/DaisyToolchain/0.2.0/arm/bin/../lib/gcc/arm-none-eabi/10.3.1/thumb/v7e-m+dp/hard/libgcc.a(_arm_addsubdf3.o)
                0x0000000008000390                __aeabi_drsub
                0x0000000008000398                __subdf3
                0x0000000008000398                __aeabi_dsub
                0x000000000800039c                __aeabi_dadd
                0x000000000800039c                __adddf3
                0x0000000008000614                __aeabi_ui2d
                0x0000000008000614                __floatunsidf
                0x0000000008000634                __floatsidf
                0x0000000008000634                __aeabi_i2d
                0x0000000008000658                __extendsfdf2
                0x0000000008000658                __aeabi_f2d
                0x000000000800069c                __aeabi_ul2d
                0x000000000800069c                __floatundidf
                0x00000000080006ac                __aeabi_l2d
                0x00000000080006ac                __floatdidf
 .text          0x0000000008000708       0x30 /Library/DaisyToolchain/0.2.0/arm/bin/../lib/gcc/arm-none-eabi/10.3.1/thumb/v7e-m+dp/hard/libgcc.a(_aeabi_uldivmod.o)
                0x0000000008000708                __aeabi_uldivmod
 .text          0x0000000008000738      0x2d0 /Library/DaisyToolchain/0.2.0/arm/bin/../lib/gcc/arm-none-eabi/10.3.1/thumb/v7e-m+dp/hard/libgcc.a(_udivmoddi4.o)
                0x0000000008000738                __udivmoddi4
 .text          0x0000000008000a08        0x4 /Library/DaisyToolchain/0.2.0/arm/bin/../lib/gcc/arm-none-eabi/10.3.1/thumb/v7e-m+dp/hard/libgcc.a(_dvmd_tls.o)
                0x0000000008000a08                __aeabi_ldiv0
                0x0000000008000a08                __aeabi_idiv0
 *(.text*)
 .text.Default_Handler
                0x0000000008000a0c        0x4 build/startup_stm32h750xx.o
                0x0000000008000a0c                SAI1_IRQHandler
                0x0000000008000a0c                HASH_RNG_IRQHandler
                0x0000000008000a0c                EXTI2_IRQHandler
                0x0000000008000a0c                TIM8_CC_IRQHandler
                0x0000000008000a0c                HRTIM1_Master_IRQHandler
                0x0000000008000a0c                DebugMon_Handler
                0x0000000008000a0c                TIM1_CC_IRQHandler
                0x0000000008000a0c                BDMA_Channel6_IRQHandler
                0x0000000008000a0c                DMA2_Stream5_IRQHandler
                0x0000000008000a0c                HRTIM1_FLT_IRQHandler
                0x0000000008000a0c                JPEG_IRQHandler
                0x0000000008000a0c                BDMA_Channel1_IRQHandler
                0x0000000008000a0c                HRTIM1_TIMD_IRQHandler
                0x0000000008000a0c                TAMP_STAMP_IRQHandler
                0x0000000008000a0c                PendSV_Handler
                0x0000000008000a0c                NMI_Handler
                0x0000000008000a0c                EXTI3_IRQHandler
                0x0000000008000a0c                LPTIM4_IRQHandler
                0x0000000008000a0c                TIM8_TRG_COM_TIM14_IRQHandler
                0x0000000008000a0c                LPTIM2_IRQHandler
                0x0000000008000a0c                DFSDM1_FLT1_IRQHandler
                0x0000000008000a0c                DMAMUX2_OVR_IRQHandler
                0x0000000008000a0c                TIM8_UP_TIM13_IRQHandler
                0x0000000008000a0c                I2C3_ER_IRQHandler
                0x0000000008000a0c                DFSDM1_FLT2_IRQHandler
                0x0000000008000a0c                MDMA_IRQHandler
                0x0000000008000a0c                LPTIM3_IRQHandler
                0x0000000008000a0c                HSEM1_IRQHandler
                0x0000000008000a0c                EXTI0_IRQHandler
                0x0000000008000a0c                FPU_IRQHandler
                0x0000000008000a0c                OTG_HS_WKUP_IRQHandler
                0x0000000008000a0c                FDCAN1_IT1_IRQHandler
                0x0000000008000a0c                UsageFault_Handler
                0x0000000008000a0c                LTDC_ER_IRQHandler
                0x0000000008000a0c                HRTIM1_TIME_IRQHandler
                0x0000000008000a0c                TIM6_DAC_IRQHandler
                0x0000000008000a0c                DCMI_IRQHandler
                0x0000000008000a0c                HRTIM1_TIMC_IRQHandler
                0x0000000008000a0c                SAI2_IRQHandler
                0x0000000008000a0c                DFSDM1_FLT3_IRQHandler
                0x0000000008000a0c                TIM17_IRQHandler
                0x0000000008000a0c                CRYP_IRQHandler
                0x0000000008000a0c                BDMA_Channel7_IRQHandler
                0x0000000008000a0c                LPTIM5_IRQHandler
                0x0000000008000a0c                ADC3_IRQHandler
                0x0000000008000a0c                DMA2_Stream0_IRQHandler
                0x0000000008000a0c                BDMA_Channel2_IRQHandler
                0x0000000008000a0c                DMAMUX1_OVR_IRQHandler
                0x0000000008000a0c                TIM16_IRQHandler
                0x0000000008000a0c                BDMA_Channel5_IRQHandler
                0x0000000008000a0c                RCC_IRQHandler
                0x0000000008000a0c                TIM8_BRK_TIM12_IRQHandler
                0x0000000008000a0c                TIM1_TRG_COM_IRQHandler
                0x0000000008000a0c                Default_Handler
                0x0000000008000a0c                ECC_IRQHandler
                0x0000000008000a0c                CEC_IRQHandler
                0x0000000008000a0c                EXTI15_10_IRQHandler
                0x0000000008000a0c                BDMA_Channel0_IRQHandler
                0x0000000008000a0c                ADC_IRQHandler
                0x0000000008000a0c                DMA1_Stream7_IRQHandler
                0x0000000008000a0c                HRTIM1_TIMA_IRQHandler
                0x0000000008000a0c                TIM7_IRQHandler
                0x0000000008000a0c                SDMMC1_IRQHandler
                0x0000000008000a0c                DMA2_Stream7_IRQHandler
                0x0000000008000a0c                TIM15_IRQHandler
                0x0000000008000a0c                PVD_AVD_IRQHandler
                0x0000000008000a0c                EXTI9_5_IRQHandler
                0x0000000008000a0c                RTC_WKUP_IRQHandler
                0x0000000008000a0c                LTDC_IRQHandler
                0x0000000008000a0c                SAI3_IRQHandler
                0x0000000008000a0c                ETH_WKUP_IRQHandler
                0x0000000008000a0c                SPDIF_RX_IRQHandler
                0x0000000008000a0c                MemManage_Handler
                0x0000000008000a0c                SVC_Handler
                0x0000000008000a0c                CRS_IRQHandler
                0x0000000008000a0c                EXTI4_IRQHandler
                0x0000000008000a0c                HRTIM1_TIMB_IRQHandler
                0x0000000008000a0c                FDCAN2_IT1_IRQHandler
                0x0000000008000a0c                ETH_IRQHandler
                0x0000000008000a0c                TIM1_UP_IRQHandler
                0x0000000008000a0c                BDMA_Channel4_IRQHandler
                0x0000000008000a0c                WWDG_IRQHandler
                0x0000000008000a0c                SPI6_IRQHandler
                0x0000000008000a0c                I2C4_EV_IRQHandler
                0x0000000008000a0c                MDIOS_IRQHandler
                0x0000000008000a0c                FDCAN2_IT0_IRQHandler
                0x0000000008000a0c                FDCAN1_IT0_IRQHandler
                0x0000000008000a0c                OTG_FS_WKUP_IRQHandler
                0x0000000008000a0c                DMA2D_IRQHandler
                0x0000000008000a0c                TIM1_BRK_IRQHandler
                0x0000000008000a0c                EXTI1_IRQHandler
                0x0000000008000a0c                SDMMC2_IRQHandler
                0x0000000008000a0c                BDMA_Channel3_IRQHandler
                0x0000000008000a0c                MDIOS_WKUP_IRQHandler
                0x0000000008000a0c                DFSDM1_FLT0_IRQHandler
                0x0000000008000a0c                SAI4_IRQHandler
                0x0000000008000a0c                I2C2_ER_IRQHandler
                0x0000000008000a0c                DMA2_Stream1_IRQHandler
                0x0000000008000a0c                FLASH_IRQHandler
                0x0000000008000a0c                BusFault_Handler
                0x0000000008000a0c                WAKEUP_PIN_IRQHandler
                0x0000000008000a0c                I2C1_ER_IRQHandler
                0x0000000008000a0c                FMC_IRQHandler
                0x0000000008000a0c                FDCAN_CAL_IRQHandler
                0x0000000008000a0c                SWPMI1_IRQHandler
                0x0000000008000a0c                COMP1_IRQHandler
                0x0000000008000a0c                LPTIM1_IRQHandler
                0x0000000008000a0c                I2C4_ER_IRQHandler
                0x0000000008000a0c                DMA2_Stream6_IRQHandler
                0x0000000008000a0c                RTC_Alarm_IRQHandler
 .text.Reset_Handler
                0x0000000008000a10       0x44 build/startup_stm32h750xx.o
                0x0000000008000a10                Reset_Handler
 .text._ZN5daisy9ParameterD2Ev
                0x0000000008000a54        0x4 build/SynthV7.o
                0x0000000008000a54                daisy::Parameter::~Parameter()
                0x0000000008000a54                daisy::Parameter::~Parameter()
 .text._ZN5daisy8DaisyPodD2Ev
                0x0000000008000a58        0x4 build/SynthV7.o
                0x0000000008000a58                daisy::DaisyPod::~DaisyPod()
                0x0000000008000a58                daisy::DaisyPod::~DaisyPod()
 .text._ZN7daisysp5AdEnvD2Ev
                0x0000000008000a5c        0x4 build/SynthV7.o
                0x0000000008000a5c                daisysp::AdEnv::~AdEnv()
                0x0000000008000a5c                daisysp::AdEnv::~AdEnv()
 .text._ZN7daisysp10OscillatorD2Ev
                0x0000000008000a60        0x4 build/SynthV7.o
                0x0000000008000a60                daisysp::Oscillator::~Oscillator()
                0x0000000008000a60                daisysp::Oscillator::~Oscillator()
 .text._ZN7daisysp8ReverbScD2Ev
                0x0000000008000a64        0x4 build/SynthV7.o
                0x0000000008000a64                daisysp::ReverbSc::~ReverbSc()
                0x0000000008000a64                daisysp::ReverbSc::~ReverbSc()
 .text._ZN7daisysp10MoogLadderD2Ev
                0x0000000008000a68        0x4 build/SynthV7.o
                0x0000000008000a68                daisysp::MoogLadder::~MoogLadder()
                0x0000000008000a68                daisysp::MoogLadder::~MoogLadder()
 .text._ZN5daisy11MidiHandlerINS_16MidiUsbTransportEED2Ev
                0x0000000008000a6c        0x4 build/SynthV7.o
                0x0000000008000a6c                daisy::MidiHandler<daisy::MidiUsbTransport>::~MidiHandler()
                0x0000000008000a6c                daisy::MidiHandler<daisy::MidiUsbTransport>::~MidiHandler()
 .text._ZN5daisy11MidiHandlerINS_16MidiUsbTransportEE13ParseCallbackEPhjPv
                0x0000000008000a70       0x74 build/SynthV7.o
                0x0000000008000a70                daisy::MidiHandler<daisy::MidiUsbTransport>::ParseCallback(unsigned char*, unsigned int, void*)
 .text._Z10UpdateLedsv
                0x0000000008000ae4       0x98 build/SynthV7.o
                0x0000000008000ae4                UpdateLeds()
 .text.startup.main
                0x0000000008000b7c      0x354 build/SynthV7.o
                0x0000000008000b7c                main
 .text._Z14ProcessButtonsv
                0x0000000008000ed0       0x48 build/SynthV7.o
                0x0000000008000ed0                ProcessButtons()
 .text._Z12ProcessKnobsv
                0x0000000008000f18      0x29c build/SynthV7.o
                0x0000000008000f18                ProcessKnobs()
 .text._Z14ProcessEncoderv
                0x00000000080011b4      0x118 build/SynthV7.o
                0x00000000080011b4                ProcessEncoder()
 .text._Z10MidiUpdatev
                0x00000000080012cc       0xe4 build/SynthV7.o
                0x00000000080012cc                MidiUpdate()
 .text._ZL13AudioCallbackPKfPfj
                0x00000000080013b0      0x13c build/SynthV7.o
 .text.startup._GLOBAL__sub_I_current_menu
                0x00000000080014ec      0x14c build/SynthV7.o
 .text._ZN5daisy8DaisyPod10StartAudioEPFvPKfPfjE
                0x0000000008001638        0x4 ../../DaisyExamples/libDaisy/build/libdaisy.a(daisy_pod.o)
                0x0000000008001638                daisy::DaisyPod::StartAudio(void (*)(float const*, float*, unsigned int))
 .text._ZN5daisy8DaisyPod17SetAudioBlockSizeEj
                0x000000000800163c       0x2c ../../DaisyExamples/libDaisy/build/libdaisy.a(daisy_pod.o)
                0x000000000800163c                daisy::DaisyPod::SetAudioBlockSize(unsigned int)
 .text._ZN5daisy8DaisyPod15AudioSampleRateEv
                0x0000000008001668        0x4 ../../DaisyExamples/libDaisy/build/libdaisy.a(daisy_pod.o)
                0x0000000008001668                daisy::DaisyPod::AudioSampleRate()
 .text._ZN5daisy8DaisyPod8StartAdcEv
                0x000000000800166c        0x8 ../../DaisyExamples/libDaisy/build/libdaisy.a(daisy_pod.o)
                0x000000000800166c                daisy::DaisyPod::StartAdc()
 .text._ZN5daisy8DaisyPod21ProcessAnalogControlsEv
                0x0000000008001674       0x18 ../../DaisyExamples/libDaisy/build/libdaisy.a(daisy_pod.o)
                0x0000000008001674                daisy::DaisyPod::ProcessAnalogControls()
 .text._ZN5daisy8DaisyPod22ProcessDigitalControlsEv
                0x000000000800168c       0x20 ../../DaisyExamples/libDaisy/build/libdaisy.a(daisy_pod.o)
                0x000000000800168c                daisy::DaisyPod::ProcessDigitalControls()
 .text._ZN5daisy8DaisyPod10UpdateLedsEv
                0x00000000080016ac       0x18 ../../DaisyExamples/libDaisy/build/libdaisy.a(daisy_pod.o)
                0x00000000080016ac                daisy::DaisyPod::UpdateLeds()
 .text._ZN5daisy8DaisyPod8InitLedsEv
                0x00000000080016c4       0x98 ../../DaisyExamples/libDaisy/build/libdaisy.a(daisy_pod.o)
                0x00000000080016c4                daisy::DaisyPod::InitLeds()
 .text._ZN5daisy8DaisyPod9InitKnobsEv
                0x000000000800175c       0x90 ../../DaisyExamples/libDaisy/build/libdaisy.a(daisy_pod.o)
                0x000000000800175c                daisy::DaisyPod::InitKnobs()
 .text._ZN5daisy8DaisyPod4InitEb
                0x00000000080017ec      0x128 ../../DaisyExamples/libDaisy/build/libdaisy.a(daisy_pod.o)
                0x00000000080017ec                daisy::DaisyPod::Init(bool)
 .text._ZN5daisy9DaisySeed9ConfigureEv
                0x0000000008001914        0x4 ../../DaisyExamples/libDaisy/build/libdaisy.a(daisy_seed.o)
                0x0000000008001914                daisy::DaisySeed::Configure()
 .text._ZN5daisy9DaisySeed10StartAudioEPFvPKfPfjE
                0x0000000008001918        0x8 ../../DaisyExamples/libDaisy/build/libdaisy.a(daisy_seed.o)
                0x0000000008001918                daisy::DaisySeed::StartAudio(void (*)(float const*, float*, unsigned int))
 .text._ZN5daisy9DaisySeed15AudioSampleRateEv
                0x0000000008001920        0x8 ../../DaisyExamples/libDaisy/build/libdaisy.a(daisy_seed.o)
                0x0000000008001920                daisy::DaisySeed::AudioSampleRate()
 .text._ZN5daisy9DaisySeed17SetAudioBlockSizeEj
                0x0000000008001928       0x38 ../../DaisyExamples/libDaisy/build/libdaisy.a(daisy_seed.o)
                0x0000000008001928                daisy::DaisySeed::SetAudioBlockSize(unsigned int)
 .text._ZNK5daisy9DaisySeed17AudioCallbackRateEv
                0x0000000008001960        0x8 ../../DaisyExamples/libDaisy/build/libdaisy.a(daisy_seed.o)
                0x0000000008001960                daisy::DaisySeed::AudioCallbackRate() const
 .text._ZN5daisy9DaisySeed17CheckBoardVersionEv
                0x0000000008001968       0x6c ../../DaisyExamples/libDaisy/build/libdaisy.a(daisy_seed.o)
                0x0000000008001968                daisy::DaisySeed::CheckBoardVersion()
 .text._ZN5daisy9DaisySeed14ConfigureAudioEv
                0x00000000080019d4      0x10c ../../DaisyExamples/libDaisy/build/libdaisy.a(daisy_seed.o)
                0x00000000080019d4                daisy::DaisySeed::ConfigureAudio()
 .text._ZN5daisy9DaisySeed4InitEb
                0x0000000008001ae0      0x108 ../../DaisyExamples/libDaisy/build/libdaisy.a(daisy_seed.o)
                0x0000000008001ae0                daisy::DaisySeed::Init(bool)
 .text._ZN5daisy6Ak45564InitE12dsy_gpio_pin
                0x0000000008001be8       0x44 ../../DaisyExamples/libDaisy/build/libdaisy.a(codec_ak4556.o)
                0x0000000008001be8                daisy::Ak4556::Init(dsy_gpio_pin)
 .text._ZN5daisy6Wm873120WriteControlRegisterEht
                0x0000000008001c2c       0x3c ../../DaisyExamples/libDaisy/build/libdaisy.a(codec_wm8731.o)
                0x0000000008001c2c                daisy::Wm8731::WriteControlRegister(unsigned char, unsigned short)
 .text._ZN5daisy6Wm87314InitERKNS0_6ConfigENS_9I2CHandleE
                0x0000000008001c68      0x1bc ../../DaisyExamples/libDaisy/build/libdaisy.a(codec_wm8731.o)
                0x0000000008001c68                daisy::Wm8731::Init(daisy::Wm8731::Config const&, daisy::I2CHandle)
 .text._ZN11SdramHandle10DeviceInitEv
                0x0000000008001e24       0x98 ../../DaisyExamples/libDaisy/build/libdaisy.a(sdram.o)
                0x0000000008001e24                SdramHandle::DeviceInit()
 .text._ZN11SdramHandle4InitEv
                0x0000000008001ebc       0x7c ../../DaisyExamples/libDaisy/build/libdaisy.a(sdram.o)
                0x0000000008001ebc                SdramHandle::Init()
 .text.HAL_SDRAM_MspInit
                0x0000000008001f38      0x1a8 ../../DaisyExamples/libDaisy/build/libdaisy.a(sdram.o)
                0x0000000008001f38                HAL_SDRAM_MspInit
 .text._ZN5daisy11AudioHandle4Impl16InternalCallbackEPlS2_j
                0x00000000080020e0      0xbbc ../../DaisyExamples/libDaisy/build/libdaisy.a(audio.o)
                0x00000000080020e0                daisy::AudioHandle::Impl::InternalCallback(long*, long*, unsigned int)
 .text._ZN5daisy11AudioHandle4InitERKNS0_6ConfigENS_9SaiHandleE
                0x0000000008002c9c       0x70 ../../DaisyExamples/libDaisy/build/libdaisy.a(audio.o)
                0x0000000008002c9c                daisy::AudioHandle::Init(daisy::AudioHandle::Config const&, daisy::SaiHandle)
 .text._ZNK5daisy11AudioHandle9GetConfigEv
                0x0000000008002d0c        0x8 ../../DaisyExamples/libDaisy/build/libdaisy.a(audio.o)
                0x0000000008002d0c                daisy::AudioHandle::GetConfig() const
 .text._ZN5daisy11AudioHandle12SetBlockSizeEj
                0x0000000008002d14       0x1c ../../DaisyExamples/libDaisy/build/libdaisy.a(audio.o)
                0x0000000008002d14                daisy::AudioHandle::SetBlockSize(unsigned int)
 .text._ZN5daisy11AudioHandle13GetSampleRateEv
                0x0000000008002d30        0x8 ../../DaisyExamples/libDaisy/build/libdaisy.a(audio.o)
                0x0000000008002d30                daisy::AudioHandle::GetSampleRate()
 .text._ZN5daisy11AudioHandle5StartEPFvPKfPfjE
                0x0000000008002d38       0x2c ../../DaisyExamples/libDaisy/build/libdaisy.a(audio.o)
                0x0000000008002d38                daisy::AudioHandle::Start(void (*)(float const*, float*, unsigned int))
 .text.startup._GLOBAL__sub_I__ZN5daisy11AudioHandle4Impl4InitENS0_6ConfigENS_9SaiHandleE
                0x0000000008002d64       0x24 ../../DaisyExamples/libDaisy/build/libdaisy.a(audio.o)
 .text._ZN5daisy13AnalogControl4InitEPtfbbf
                0x0000000008002d88       0x64 ../../DaisyExamples/libDaisy/build/libdaisy.a(ctrl.o)
                0x0000000008002d88                daisy::AnalogControl::Init(unsigned short*, float, bool, bool, float)
 .text._ZN5daisy13AnalogControl7ProcessEv
                0x0000000008002dec       0x48 ../../DaisyExamples/libDaisy/build/libdaisy.a(ctrl.o)
                0x0000000008002dec                daisy::AnalogControl::Process()
 .text._ZN5daisy13AnalogControl13SetSampleRateEf
                0x0000000008002e34       0x58 ../../DaisyExamples/libDaisy/build/libdaisy.a(ctrl.o)
                0x0000000008002e34                daisy::AnalogControl::SetSampleRate(float)
 .text._ZN5daisy7Encoder4InitE12dsy_gpio_pinS1_S1_f
                0x0000000008002e8c       0x60 ../../DaisyExamples/libDaisy/build/libdaisy.a(encoder.o)
                0x0000000008002e8c                daisy::Encoder::Init(dsy_gpio_pin, dsy_gpio_pin, dsy_gpio_pin, float)
 .text._ZN5daisy7Encoder8DebounceEv
                0x0000000008002eec       0x7c ../../DaisyExamples/libDaisy/build/libdaisy.a(encoder.o)
                0x0000000008002eec                daisy::Encoder::Debounce()
 .text._ZN5daisy17MidiUartTransport6ConfigC2Ev
                0x0000000008002f68       0x28 ../../DaisyExamples/libDaisy/build/libdaisy.a(midi.o)
                0x0000000008002f68                daisy::MidiUartTransport::Config::Config()
                0x0000000008002f68                daisy::MidiUartTransport::Config::Config()
 .text._ZN5daisy10MidiParser5ParseEhPNS_9MidiEventE
                0x0000000008002f90      0x170 ../../DaisyExamples/libDaisy/build/libdaisy.a(midi_parser.o)
                0x0000000008002f90                daisy::MidiParser::Parse(unsigned char, daisy::MidiEvent*)
 .text._ZN5daisy10MidiParser5ResetEv
                0x0000000008003100        0xc ../../DaisyExamples/libDaisy/build/libdaisy.a(midi_parser.o)
                0x0000000008003100                daisy::MidiParser::Reset()
 .text._ZN5daisy9Parameter4InitENS_13AnalogControlEffNS0_5CurveE
                0x000000000800310c       0x60 ../../DaisyExamples/libDaisy/build/libdaisy.a(parameter.o)
                0x000000000800310c                daisy::Parameter::Init(daisy::AnalogControl, float, float, daisy::Parameter::Curve)
 .text._ZN5daisy9Parameter7ProcessEv
                0x000000000800316c       0xac ../../DaisyExamples/libDaisy/build/libdaisy.a(parameter.o)
                0x000000000800316c                daisy::Parameter::Process()
 .text._ZN5daisy6RgbLed4InitE12dsy_gpio_pinS1_S1_b
                0x0000000008003218       0x50 ../../DaisyExamples/libDaisy/build/libdaisy.a(rgb_led.o)
                0x0000000008003218                daisy::RgbLed::Init(dsy_gpio_pin, dsy_gpio_pin, dsy_gpio_pin, bool)
 .text._ZN5daisy6RgbLed3SetEfff
                0x0000000008003268       0x34 ../../DaisyExamples/libDaisy/build/libdaisy.a(rgb_led.o)
                0x0000000008003268                daisy::RgbLed::Set(float, float, float)
 .text._ZN5daisy6RgbLed8SetColorENS_5ColorE
                0x000000000800329c       0x2c ../../DaisyExamples/libDaisy/build/libdaisy.a(rgb_led.o)
                0x000000000800329c                daisy::RgbLed::SetColor(daisy::Color)
 .text._ZN5daisy6RgbLed6UpdateEv
                0x00000000080032c8       0x1c ../../DaisyExamples/libDaisy/build/libdaisy.a(rgb_led.o)
                0x00000000080032c8                daisy::RgbLed::Update()
 .text._ZN5daisy6Switch4InitE12dsy_gpio_pinf
                0x00000000080032e4       0x34 ../../DaisyExamples/libDaisy/build/libdaisy.a(switch.o)
                0x00000000080032e4                daisy::Switch::Init(dsy_gpio_pin, float)
 .text._ZN5daisy6Switch8DebounceEv
                0x0000000008003318       0x5c ../../DaisyExamples/libDaisy/build/libdaisy.a(switch.o)
                0x0000000008003318                daisy::Switch::Debounce()
 .text._ZN5daisy16MidiUsbTransport4ImplD2Ev
                0x0000000008003374        0x4 ../../DaisyExamples/libDaisy/build/libdaisy.a(usb_midi.o)
                0x0000000008003374                daisy::MidiUsbTransport::Impl::~Impl()
                0x0000000008003374                daisy::MidiUsbTransport::Impl::~Impl()
 .text._ZN5daisy16MidiUsbTransport4Impl5ParseEv
                0x0000000008003378       0x68 ../../DaisyExamples/libDaisy/build/libdaisy.a(usb_midi.o)
                0x0000000008003378                daisy::MidiUsbTransport::Impl::Parse()
 .text._Z15ReceiveCallbackPhPm
                0x00000000080033e0       0x9c ../../DaisyExamples/libDaisy/build/libdaisy.a(usb_midi.o)
                0x00000000080033e0                ReceiveCallback(unsigned char*, unsigned long*)
 .text._ZN5daisy16MidiUsbTransport4InitENS0_6ConfigE
                0x000000000800347c       0x54 ../../DaisyExamples/libDaisy/build/libdaisy.a(usb_midi.o)
                0x000000000800347c                daisy::MidiUsbTransport::Init(daisy::MidiUsbTransport::Config)
 .text._ZN5daisy16MidiUsbTransport7StartRxEPFvPhjPvES2_
                0x00000000080034d0       0x14 ../../DaisyExamples/libDaisy/build/libdaisy.a(usb_midi.o)
                0x00000000080034d0                daisy::MidiUsbTransport::StartRx(void (*)(unsigned char*, unsigned int, void*), void*)
 .text._ZN5daisy16MidiUsbTransport8RxActiveEv
                0x00000000080034e4        0x8 ../../DaisyExamples/libDaisy/build/libdaisy.a(usb_midi.o)
                0x00000000080034e4                daisy::MidiUsbTransport::RxActive()
 .text._ZN5daisy16MidiUsbTransport7FlushRxEv
                0x00000000080034ec        0xc ../../DaisyExamples/libDaisy/build/libdaisy.a(usb_midi.o)
                0x00000000080034ec                daisy::MidiUsbTransport::FlushRx()
 .text.startup._GLOBAL__sub_I__Z15ReceiveCallbackPhPm
                0x00000000080034f8       0x60 ../../DaisyExamples/libDaisy/build/libdaisy.a(usb_midi.o)
 .text._ZN5daisy16AdcChannelConfig10InitSingleE12dsy_gpio_pinNS0_15ConversionSpeedE
                0x0000000008003558       0x28 ../../DaisyExamples/libDaisy/build/libdaisy.a(adc.o)
                0x0000000008003558                daisy::AdcChannelConfig::InitSingle(dsy_gpio_pin, daisy::AdcChannelConfig::ConversionSpeed)
 .text._ZN5daisy9AdcHandle4InitEPNS_16AdcChannelConfigEjNS0_12OverSamplingE
                0x0000000008003580      0x41c ../../DaisyExamples/libDaisy/build/libdaisy.a(adc.o)
                0x0000000008003580                daisy::AdcHandle::Init(daisy::AdcChannelConfig*, unsigned int, daisy::AdcHandle::OverSampling)
 .text._ZN5daisy9AdcHandle5StartEv
                0x000000000800399c       0x2c ../../DaisyExamples/libDaisy/build/libdaisy.a(adc.o)
                0x000000000800399c                daisy::AdcHandle::Start()
 .text._ZNK5daisy9AdcHandle6GetPtrEh
                0x00000000080039c8       0x14 ../../DaisyExamples/libDaisy/build/libdaisy.a(adc.o)
                0x00000000080039c8                daisy::AdcHandle::GetPtr(unsigned char) const
 .text.HAL_ADC_MspInit
                0x00000000080039dc       0x98 ../../DaisyExamples/libDaisy/build/libdaisy.a(adc.o)
                0x00000000080039dc                HAL_ADC_MspInit
 .text.DMA1_Stream2_IRQHandler
                0x0000000008003a74        0xc ../../DaisyExamples/libDaisy/build/libdaisy.a(adc.o)
                0x0000000008003a74                DMA1_Stream2_IRQHandler
 .text.HAL_ADC_ConvCpltCallback
                0x0000000008003a80      0x148 ../../DaisyExamples/libDaisy/build/libdaisy.a(adc.o)
                0x0000000008003a80                HAL_ADC_ConvCpltCallback
 .text.HAL_ADC_ErrorCallback
                0x0000000008003bc8        0x4 ../../DaisyExamples/libDaisy/build/libdaisy.a(adc.o)
                0x0000000008003bc8                HAL_ADC_ErrorCallback
 .text._ZN5daisy4GPIO4InitENS_3PinENS0_4ModeENS0_4PullENS0_5SpeedE
                0x0000000008003bcc      0x1cc ../../DaisyExamples/libDaisy/build/libdaisy.a(gpio.o)
                0x0000000008003bcc                daisy::GPIO::Init(daisy::Pin, daisy::GPIO::Mode, daisy::GPIO::Pull, daisy::GPIO::Speed)
 .text._ZN5daisy4GPIO4ReadEv
                0x0000000008003d98       0x18 ../../DaisyExamples/libDaisy/build/libdaisy.a(gpio.o)
                0x0000000008003d98                daisy::GPIO::Read()
 .text._ZN5daisy4GPIO5WriteEb
                0x0000000008003db0       0x14 ../../DaisyExamples/libDaisy/build/libdaisy.a(gpio.o)
                0x0000000008003db0                daisy::GPIO::Write(bool)
 .text.dsy_gpio_init
                0x0000000008003dc4      0x1b8 ../../DaisyExamples/libDaisy/build/libdaisy.a(gpio.o)
                0x0000000008003dc4                dsy_gpio_init
 .text.dsy_gpio_read
                0x0000000008003f7c       0x1c ../../DaisyExamples/libDaisy/build/libdaisy.a(gpio.o)
                0x0000000008003f7c                dsy_gpio_read
 .text.dsy_gpio_write
                0x0000000008003f98       0x24 ../../DaisyExamples/libDaisy/build/libdaisy.a(gpio.o)
                0x0000000008003f98                dsy_gpio_write
 .text._ZN5daisy9I2CHandle4Impl8InitPinsEv
                0x0000000008003fbc       0x58 ../../DaisyExamples/libDaisy/build/libdaisy.a(i2c.o)
                0x0000000008003fbc                daisy::I2CHandle::Impl::InitPins()
 .text.HAL_I2C_MspInit
                0x0000000008004014      0x1b4 ../../DaisyExamples/libDaisy/build/libdaisy.a(i2c.o)
                0x0000000008004014                HAL_I2C_MspInit
 .text.dsy_i2c_global_init
                0x00000000080041c8       0x78 ../../DaisyExamples/libDaisy/build/libdaisy.a(i2c.o)
                0x00000000080041c8                dsy_i2c_global_init
 .text.DMA1_Stream6_IRQHandler
                0x0000000008004240       0x34 ../../DaisyExamples/libDaisy/build/libdaisy.a(i2c.o)
                0x0000000008004240                DMA1_Stream6_IRQHandler
 .text.I2C1_EV_IRQHandler
                0x0000000008004274        0xc ../../DaisyExamples/libDaisy/build/libdaisy.a(i2c.o)
                0x0000000008004274                I2C1_EV_IRQHandler
 .text.I2C2_EV_IRQHandler
                0x0000000008004280        0xc ../../DaisyExamples/libDaisy/build/libdaisy.a(i2c.o)
                0x0000000008004280                I2C2_EV_IRQHandler
 .text.I2C3_EV_IRQHandler
                0x000000000800428c        0xc ../../DaisyExamples/libDaisy/build/libdaisy.a(i2c.o)
                0x000000000800428c                I2C3_EV_IRQHandler
 .text._ZN5daisy9I2CHandle4InitERKNS0_6ConfigE
                0x0000000008004298      0x12c ../../DaisyExamples/libDaisy/build/libdaisy.a(i2c.o)
                0x0000000008004298                daisy::I2CHandle::Init(daisy::I2CHandle::Config const&)
 .text._ZN5daisy9I2CHandle16TransmitBlockingEtPhtm
                0x00000000080043c4       0x50 ../../DaisyExamples/libDaisy/build/libdaisy.a(i2c.o)
                0x00000000080043c4                daisy::I2CHandle::TransmitBlocking(unsigned short, unsigned char*, unsigned short, unsigned long)
 .text.startup._GLOBAL__sub_I__ZN5daisy9I2CHandle4Impl10GlobalInitEv
                0x0000000008004414       0x18 ../../DaisyExamples/libDaisy/build/libdaisy.a(i2c.o)
 .text._ZN5daisy10QSPIHandle4Impl11WriteEnableEv
                0x000000000800442c       0x8c ../../DaisyExamples/libDaisy/build/libdaisy.a(qspi.o)
                0x000000000800442c                daisy::QSPIHandle::Impl::WriteEnable()
 .text._ZN5daisy10QSPIHandle4Impl17DummyCyclesConfigENS0_6Config6DeviceE
                0x00000000080044b8      0x118 ../../DaisyExamples/libDaisy/build/libdaisy.a(qspi.o)
                0x00000000080044b8                daisy::QSPIHandle::Impl::DummyCyclesConfig(daisy::QSPIHandle::Config::Device)
 .text._ZN5daisy10QSPIHandle4Impl10QuadEnableEv
                0x00000000080045d0      0x158 ../../DaisyExamples/libDaisy/build/libdaisy.a(qspi.o)
                0x00000000080045d0                daisy::QSPIHandle::Impl::QuadEnable()
 .text._ZN5daisy10QSPIHandle4InitERKNS0_6ConfigE
                0x0000000008004728      0x198 ../../DaisyExamples/libDaisy/build/libdaisy.a(qspi.o)
                0x0000000008004728                daisy::QSPIHandle::Init(daisy::QSPIHandle::Config const&)
 .text.HAL_QSPI_MspInit
                0x00000000080048c0      0x11c ../../DaisyExamples/libDaisy/build/libdaisy.a(qspi.o)
                0x00000000080048c0                HAL_QSPI_MspInit
 .text.HAL_QSPI_MspDeInit
                0x00000000080049dc       0x54 ../../DaisyExamples/libDaisy/build/libdaisy.a(qspi.o)
                0x00000000080049dc                HAL_QSPI_MspDeInit
 .text.QUADSPI_IRQHandler
                0x0000000008004a30        0xc ../../DaisyExamples/libDaisy/build/libdaisy.a(qspi.o)
                0x0000000008004a30                QUADSPI_IRQHandler
 .text.startup._GLOBAL__sub_I__ZN5daisy10QSPIHandle4Impl4InitERKNS0_6ConfigE
                0x0000000008004a3c       0x28 ../../DaisyExamples/libDaisy/build/libdaisy.a(qspi.o)
 .text._ZN5daisy9SaiHandle4Impl7InitDmaENS1_15PeripheralBlockE
                0x0000000008004a64       0xa0 ../../DaisyExamples/libDaisy/build/libdaisy.a(sai.o)
                0x0000000008004a64                daisy::SaiHandle::Impl::InitDma(daisy::SaiHandle::Impl::PeripheralBlock)
 .text._ZN5daisy9SaiHandle4Impl8InitPinsEv
                0x0000000008004b04       0xa8 ../../DaisyExamples/libDaisy/build/libdaisy.a(sai.o)
                0x0000000008004b04                daisy::SaiHandle::Impl::InitPins()
 .text.HAL_SAI_MspInit
                0x0000000008004bac      0x164 ../../DaisyExamples/libDaisy/build/libdaisy.a(sai.o)
                0x0000000008004bac                HAL_SAI_MspInit
 .text.DMA1_Stream0_IRQHandler
                0x0000000008004d10        0xc ../../DaisyExamples/libDaisy/build/libdaisy.a(sai.o)
                0x0000000008004d10                DMA1_Stream0_IRQHandler
 .text.DMA1_Stream1_IRQHandler
                0x0000000008004d1c        0xc ../../DaisyExamples/libDaisy/build/libdaisy.a(sai.o)
                0x0000000008004d1c                DMA1_Stream1_IRQHandler
 .text.DMA1_Stream3_IRQHandler
                0x0000000008004d28        0xc ../../DaisyExamples/libDaisy/build/libdaisy.a(sai.o)
                0x0000000008004d28                DMA1_Stream3_IRQHandler
 .text.DMA1_Stream4_IRQHandler
                0x0000000008004d34        0xc ../../DaisyExamples/libDaisy/build/libdaisy.a(sai.o)
                0x0000000008004d34                DMA1_Stream4_IRQHandler
 .text.HAL_SAI_RxHalfCpltCallback
                0x0000000008004d40       0x78 ../../DaisyExamples/libDaisy/build/libdaisy.a(sai.o)
                0x0000000008004d40                HAL_SAI_RxHalfCpltCallback
 .text.HAL_SAI_RxCpltCallback
                0x0000000008004db8       0x70 ../../DaisyExamples/libDaisy/build/libdaisy.a(sai.o)
                0x0000000008004db8                HAL_SAI_RxCpltCallback
 .text._ZN5daisy9SaiHandle4InitERKNS0_6ConfigE
                0x0000000008004e28      0x1f0 ../../DaisyExamples/libDaisy/build/libdaisy.a(sai.o)
                0x0000000008004e28                daisy::SaiHandle::Init(daisy::SaiHandle::Config const&)
 .text._ZNK5daisy9SaiHandle9GetConfigEv
                0x0000000008005018        0x4 ../../DaisyExamples/libDaisy/build/libdaisy.a(sai.o)
                0x0000000008005018                daisy::SaiHandle::GetConfig() const
 .text._ZN5daisy9SaiHandle8StartDmaEPlS1_jPFvS1_S1_jE
                0x000000000800501c       0xbc ../../DaisyExamples/libDaisy/build/libdaisy.a(sai.o)
                0x000000000800501c                daisy::SaiHandle::StartDma(long*, long*, unsigned int, void (*)(long*, long*, unsigned int))
 .text._ZN5daisy9SaiHandle13GetSampleRateEv
                0x00000000080050d8       0x24 ../../DaisyExamples/libDaisy/build/libdaisy.a(sai.o)
                0x00000000080050d8                daisy::SaiHandle::GetSampleRate()
 .text._ZNK5daisy9SaiHandle9GetOffsetEv
                0x00000000080050fc        0x8 ../../DaisyExamples/libDaisy/build/libdaisy.a(sai.o)
                0x00000000080050fc                daisy::SaiHandle::GetOffset() const
 .text._ZL20UART_CheckRxListenerPN5daisy11UartHandler4ImplE
                0x0000000008005104       0x84 ../../DaisyExamples/libDaisy/build/libdaisy.a(uart.o)
 .text._ZN5daisy11UartHandler4Impl10StartDmaTxEPhjPFvPvEPFvS3_NS0_6ResultEES3_
                0x0000000008005188      0x184 ../../DaisyExamples/libDaisy/build/libdaisy.a(uart.o)
                0x0000000008005188                daisy::UartHandler::Impl::StartDmaTx(unsigned char*, unsigned int, void (*)(void*), void (*)(void*, daisy::UartHandler::Result), void*)
 .text._ZN5daisy11UartHandler4Impl10StartDmaRxEPhjPFvPvEPFvS3_NS0_6ResultEES3_
                0x000000000800530c      0x184 ../../DaisyExamples/libDaisy/build/libdaisy.a(uart.o)
                0x000000000800530c                daisy::UartHandler::Impl::StartDmaRx(unsigned char*, unsigned int, void (*)(void*), void (*)(void*, daisy::UartHandler::Result), void*)
 .text._ZN5daisy11UartHandler4Impl19DmaTransferFinishedEP20__UART_HandleTypeDefNS0_6ResultE
                0x0000000008005490       0xc0 ../../DaisyExamples/libDaisy/build/libdaisy.a(uart.o)
                0x0000000008005490                daisy::UartHandler::Impl::DmaTransferFinished(__UART_HandleTypeDef*, daisy::UartHandler::Result)
 .text._ZN5daisy11UartHandler4Impl8InitPinsEv
                0x0000000008005550      0x154 ../../DaisyExamples/libDaisy/build/libdaisy.a(uart.o)
                0x0000000008005550                daisy::UartHandler::Impl::InitPins()
 .text.HAL_UART_MspInit
                0x00000000080056a4      0x210 ../../DaisyExamples/libDaisy/build/libdaisy.a(uart.o)
                0x00000000080056a4                HAL_UART_MspInit
 .text.dsy_uart_global_init
                0x00000000080058b4       0xfc ../../DaisyExamples/libDaisy/build/libdaisy.a(uart.o)
                0x00000000080058b4                dsy_uart_global_init
 .text.USART1_IRQHandler
                0x00000000080059b0       0x2c ../../DaisyExamples/libDaisy/build/libdaisy.a(uart.o)
                0x00000000080059b0                USART1_IRQHandler
 .text.USART2_IRQHandler
                0x00000000080059dc       0x34 ../../DaisyExamples/libDaisy/build/libdaisy.a(uart.o)
                0x00000000080059dc                USART2_IRQHandler
 .text.USART3_IRQHandler
                0x0000000008005a10       0x34 ../../DaisyExamples/libDaisy/build/libdaisy.a(uart.o)
                0x0000000008005a10                USART3_IRQHandler
 .text.UART4_IRQHandler
                0x0000000008005a44       0x34 ../../DaisyExamples/libDaisy/build/libdaisy.a(uart.o)
                0x0000000008005a44                UART4_IRQHandler
 .text.UART5_IRQHandler
                0x0000000008005a78       0x34 ../../DaisyExamples/libDaisy/build/libdaisy.a(uart.o)
                0x0000000008005a78                UART5_IRQHandler
 .text.USART6_IRQHandler
                0x0000000008005aac       0x34 ../../DaisyExamples/libDaisy/build/libdaisy.a(uart.o)
                0x0000000008005aac                USART6_IRQHandler
 .text.UART7_IRQHandler
                0x0000000008005ae0       0x34 ../../DaisyExamples/libDaisy/build/libdaisy.a(uart.o)
                0x0000000008005ae0                UART7_IRQHandler
 .text.UART8_IRQHandler
                0x0000000008005b14       0x34 ../../DaisyExamples/libDaisy/build/libdaisy.a(uart.o)
                0x0000000008005b14                UART8_IRQHandler
 .text.LPUART1_IRQHandler
                0x0000000008005b48       0x34 ../../DaisyExamples/libDaisy/build/libdaisy.a(uart.o)
                0x0000000008005b48                LPUART1_IRQHandler
 .text.DMA1_Stream5_IRQHandler
                0x0000000008005b7c       0x34 ../../DaisyExamples/libDaisy/build/libdaisy.a(uart.o)
                0x0000000008005b7c                DMA1_Stream5_IRQHandler
 .text.DMA2_Stream4_IRQHandler
                0x0000000008005bb0       0x38 ../../DaisyExamples/libDaisy/build/libdaisy.a(uart.o)
                0x0000000008005bb0                DMA2_Stream4_IRQHandler
 .text.HAL_UART_TxCpltCallback
                0x0000000008005be8        0x8 ../../DaisyExamples/libDaisy/build/libdaisy.a(uart.o)
                0x0000000008005be8                HAL_UART_TxCpltCallback
 .text.HAL_UART_RxCpltCallback
                0x0000000008005bf0       0x94 ../../DaisyExamples/libDaisy/build/libdaisy.a(uart.o)
                0x0000000008005bf0                HAL_UART_RxCpltCallback
 .text.HAL_UART_RxHalfCpltCallback
                0x0000000008005c84       0x90 ../../DaisyExamples/libDaisy/build/libdaisy.a(uart.o)
                0x0000000008005c84                HAL_UART_RxHalfCpltCallback
 .text.HAL_UART_ErrorCallback
                0x0000000008005d14        0x8 ../../DaisyExamples/libDaisy/build/libdaisy.a(uart.o)
                0x0000000008005d14                HAL_UART_ErrorCallback
 .text._ZN5daisy11UartHandler4InitERKNS0_6ConfigE
                0x0000000008005d1c       0xd4 ../../DaisyExamples/libDaisy/build/libdaisy.a(uart.o)
                0x0000000008005d1c                daisy::UartHandler::Init(daisy::UartHandler::Config const&)
 .text.startup._GLOBAL__sub_I__Z19MapInstanceToHandleP13USART_TypeDef
                0x0000000008005df0      0x194 ../../DaisyExamples/libDaisy/build/libdaisy.a(uart.o)
 .text.dsy_dma_init
                0x0000000008005f84      0x100 ../../DaisyExamples/libDaisy/build/libdaisy.a(dma.o)
                0x0000000008005f84                dsy_dma_init
 .text.dsy_dma_invalidate_cache_for_buffer
                0x0000000008006084       0x2c ../../DaisyExamples/libDaisy/build/libdaisy.a(dma.o)
                0x0000000008006084                dsy_dma_invalidate_cache_for_buffer
 .text._ZN5daisy11TimerHandleD2Ev
                0x00000000080060b0        0x4 ../../DaisyExamples/libDaisy/build/libdaisy.a(system.o)
                0x00000000080060b0                daisy::TimerHandle::~TimerHandle()
                0x00000000080060b0                daisy::TimerHandle::~TimerHandle()
 .text.SysTick_Handler
                0x00000000080060b4       0x10 ../../DaisyExamples/libDaisy/build/libdaisy.a(system.o)
                0x00000000080060b4                SysTick_Handler
 .text.OTG_HS_EP1_OUT_IRQHandler
                0x00000000080060c4       0x24 ../../DaisyExamples/libDaisy/build/libdaisy.a(system.o)
                0x00000000080060c4                OTG_HS_EP1_OUT_IRQHandler
 .text.OTG_HS_EP1_IN_IRQHandler
                0x00000000080060e8       0x24 ../../DaisyExamples/libDaisy/build/libdaisy.a(system.o)
                0x00000000080060e8                OTG_HS_EP1_IN_IRQHandler
 .text.OTG_HS_IRQHandler
                0x000000000800610c       0x24 ../../DaisyExamples/libDaisy/build/libdaisy.a(system.o)
                0x000000000800610c                OTG_HS_IRQHandler
 .text.HardFault_Handler
                0x0000000008006130       0xe0 ../../DaisyExamples/libDaisy/build/libdaisy.a(system.o)
                0x0000000008006130                HardFault_Handler
 .text._ZN5daisy6System6GetNowEv
                0x0000000008006210        0x4 ../../DaisyExamples/libDaisy/build/libdaisy.a(system.o)
                0x0000000008006210                daisy::System::GetNow()
 .text._ZN5daisy6System5DelayEm
                0x0000000008006214        0x4 ../../DaisyExamples/libDaisy/build/libdaisy.a(system.o)
                0x0000000008006214                daisy::System::Delay(unsigned long)
 .text._ZN5daisy6System20GetBootloaderVersionEv
                0x0000000008006218       0x34 ../../DaisyExamples/libDaisy/build/libdaisy.a(system.o)
                0x0000000008006218                daisy::System::GetBootloaderVersion()
 .text._ZN5daisy6System15ConfigureClocksEv
                0x000000000800624c      0x194 ../../DaisyExamples/libDaisy/build/libdaisy.a(system.o)
                0x000000000800624c                daisy::System::ConfigureClocks()
 .text._ZN5daisy6System12ConfigureMpuEv
                0x00000000080063e0       0x7c ../../DaisyExamples/libDaisy/build/libdaisy.a(system.o)
                0x00000000080063e0                daisy::System::ConfigureMpu()
 .text._ZN5daisy6System4InitERKNS0_6ConfigE
                0x000000000800645c       0xec ../../DaisyExamples/libDaisy/build/libdaisy.a(system.o)
                0x000000000800645c                daisy::System::Init(daisy::System::Config const&)
 .text._ZN5daisy6System12GetPClk1FreqEv
                0x0000000008006548        0x4 ../../DaisyExamples/libDaisy/build/libdaisy.a(system.o)
                0x0000000008006548                daisy::System::GetPClk1Freq()
 .text._ZN5daisy6System22GetProgramMemoryRegionEv
                0x000000000800654c       0x78 ../../DaisyExamples/libDaisy/build/libdaisy.a(system.o)
                0x000000000800654c                daisy::System::GetProgramMemoryRegion()
 .text.startup._GLOBAL__sub_I__ZN5daisy9boot_infoE
                0x00000000080065c4       0x1c ../../DaisyExamples/libDaisy/build/libdaisy.a(system.o)
 .text.SystemInit
                0x00000000080065e0       0x9c ../../DaisyExamples/libDaisy/build/libdaisy.a(system_stm32h7xx.o)
                0x00000000080065e0                SystemInit
 .text.HAL_PCD_MspInit
                0x000000000800667c      0x144 ../../DaisyExamples/libDaisy/build/libdaisy.a(usbd_conf.o)
                0x000000000800667c                HAL_PCD_MspInit
 .text.HAL_PCD_SetupStageCallback
                0x00000000080067c0        0xc ../../DaisyExamples/libDaisy/build/libdaisy.a(usbd_conf.o)
                0x00000000080067c0                HAL_PCD_SetupStageCallback
 .text.HAL_PCD_DataOutStageCallback
                0x00000000080067cc       0x14 ../../DaisyExamples/libDaisy/build/libdaisy.a(usbd_conf.o)
                0x00000000080067cc                HAL_PCD_DataOutStageCallback
 .text.HAL_PCD_DataInStageCallback
                0x00000000080067e0       0x14 ../../DaisyExamples/libDaisy/build/libdaisy.a(usbd_conf.o)
                0x00000000080067e0                HAL_PCD_DataInStageCallback
 .text.HAL_PCD_SOFCallback
                0x00000000080067f4        0x8 ../../DaisyExamples/libDaisy/build/libdaisy.a(usbd_conf.o)
                0x00000000080067f4                HAL_PCD_SOFCallback
 .text.HAL_PCD_ResetCallback
                0x00000000080067fc       0x24 ../../DaisyExamples/libDaisy/build/libdaisy.a(usbd_conf.o)
                0x00000000080067fc                HAL_PCD_ResetCallback
 .text.HAL_PCD_SuspendCallback
                0x0000000008006820       0x30 ../../DaisyExamples/libDaisy/build/libdaisy.a(usbd_conf.o)
                0x0000000008006820                HAL_PCD_SuspendCallback
 .text.HAL_PCD_ResumeCallback
                0x0000000008006850        0x8 ../../DaisyExamples/libDaisy/build/libdaisy.a(usbd_conf.o)
                0x0000000008006850                HAL_PCD_ResumeCallback
 .text.HAL_PCD_ISOOUTIncompleteCallback
                0x0000000008006858        0x8 ../../DaisyExamples/libDaisy/build/libdaisy.a(usbd_conf.o)
                0x0000000008006858                HAL_PCD_ISOOUTIncompleteCallback
 .text.HAL_PCD_ISOINIncompleteCallback
                0x0000000008006860        0x8 ../../DaisyExamples/libDaisy/build/libdaisy.a(usbd_conf.o)
                0x0000000008006860                HAL_PCD_ISOINIncompleteCallback
 .text.HAL_PCD_ConnectCallback
                0x0000000008006868        0x8 ../../DaisyExamples/libDaisy/build/libdaisy.a(usbd_conf.o)
                0x0000000008006868                HAL_PCD_ConnectCallback
 .text.HAL_PCD_DisconnectCallback
                0x0000000008006870        0x8 ../../DaisyExamples/libDaisy/build/libdaisy.a(usbd_conf.o)
                0x0000000008006870                HAL_PCD_DisconnectCallback
 .text.USBD_LL_Init
                0x0000000008006878       0xe4 ../../DaisyExamples/libDaisy/build/libdaisy.a(usbd_conf.o)
                0x0000000008006878                USBD_LL_Init
 .text.USBD_LL_Start
                0x000000000800695c       0x1c ../../DaisyExamples/libDaisy/build/libdaisy.a(usbd_conf.o)
                0x000000000800695c                USBD_LL_Start
 .text.USBD_LL_OpenEP
                0x0000000008006978       0x24 ../../DaisyExamples/libDaisy/build/libdaisy.a(usbd_conf.o)
                0x0000000008006978                USBD_LL_OpenEP
 .text.USBD_LL_CloseEP
                0x000000000800699c       0x1c ../../DaisyExamples/libDaisy/build/libdaisy.a(usbd_conf.o)
                0x000000000800699c                USBD_LL_CloseEP
 .text.USBD_LL_StallEP
                0x00000000080069b8       0x1c ../../DaisyExamples/libDaisy/build/libdaisy.a(usbd_conf.o)
                0x00000000080069b8                USBD_LL_StallEP
 .text.USBD_LL_ClearStallEP
                0x00000000080069d4       0x1c ../../DaisyExamples/libDaisy/build/libdaisy.a(usbd_conf.o)
                0x00000000080069d4                USBD_LL_ClearStallEP
 .text.USBD_LL_IsStallEP
                0x00000000080069f0       0x28 ../../DaisyExamples/libDaisy/build/libdaisy.a(usbd_conf.o)
                0x00000000080069f0                USBD_LL_IsStallEP
 .text.USBD_LL_SetUSBAddress
                0x0000000008006a18       0x1c ../../DaisyExamples/libDaisy/build/libdaisy.a(usbd_conf.o)
                0x0000000008006a18                USBD_LL_SetUSBAddress
 .text.USBD_LL_Transmit
                0x0000000008006a34       0x1c ../../DaisyExamples/libDaisy/build/libdaisy.a(usbd_conf.o)
                0x0000000008006a34                USBD_LL_Transmit
 .text.USBD_LL_PrepareReceive
                0x0000000008006a50       0x1c ../../DaisyExamples/libDaisy/build/libdaisy.a(usbd_conf.o)
                0x0000000008006a50                USBD_LL_PrepareReceive
 .text.USBD_LL_GetRxDataSize
                0x0000000008006a6c        0x8 ../../DaisyExamples/libDaisy/build/libdaisy.a(usbd_conf.o)
                0x0000000008006a6c                USBD_LL_GetRxDataSize
 .text.HAL_HCD_SOF_Callback
                0x0000000008006a74        0x8 ../../DaisyExamples/libDaisy/build/libdaisy.a(usbh_conf.o)
                0x0000000008006a74                HAL_HCD_SOF_Callback
 .text.HAL_HCD_Connect_Callback
                0x0000000008006a7c        0x8 ../../DaisyExamples/libDaisy/build/libdaisy.a(usbh_conf.o)
                0x0000000008006a7c                HAL_HCD_Connect_Callback
 .text.HAL_HCD_Disconnect_Callback
                0x0000000008006a84        0x8 ../../DaisyExamples/libDaisy/build/libdaisy.a(usbh_conf.o)
                0x0000000008006a84                HAL_HCD_Disconnect_Callback
 .text.HAL_HCD_HC_NotifyURBChange_Callback
                0x0000000008006a8c        0x4 ../../DaisyExamples/libDaisy/build/libdaisy.a(usbh_conf.o)
                0x0000000008006a8c                HAL_HCD_HC_NotifyURBChange_Callback
 .text.HAL_HCD_PortEnabled_Callback
                0x0000000008006a90        0x8 ../../DaisyExamples/libDaisy/build/libdaisy.a(usbh_conf.o)
                0x0000000008006a90                HAL_HCD_PortEnabled_Callback
 .text.HAL_HCD_PortDisabled_Callback
                0x0000000008006a98        0x8 ../../DaisyExamples/libDaisy/build/libdaisy.a(usbh_conf.o)
                0x0000000008006a98                HAL_HCD_PortDisabled_Callback
 .text.USBH_LL_Stop
                0x0000000008006aa0       0x1c ../../DaisyExamples/libDaisy/build/libdaisy.a(usbh_conf.o)
                0x0000000008006aa0                USBH_LL_Stop
 .text._ZN5daisy5Color4InitENS0_11PresetColorE
                0x0000000008006abc       0x20 ../../DaisyExamples/libDaisy/build/libdaisy.a(color.o)
                0x0000000008006abc                daisy::Color::Init(daisy::Color::PresetColor)
 .text.dsy_hal_map_get_port
                0x0000000008006adc       0x10 ../../DaisyExamples/libDaisy/build/libdaisy.a(hal_map.o)
                0x0000000008006adc                dsy_hal_map_get_port
 .text.dsy_hal_map_get_pin
                0x0000000008006aec       0x10 ../../DaisyExamples/libDaisy/build/libdaisy.a(hal_map.o)
                0x0000000008006aec                dsy_hal_map_get_pin
 .text.dsy_hal_map_gpio_clk_enable
                0x0000000008006afc      0x150 ../../DaisyExamples/libDaisy/build/libdaisy.a(hal_map.o)
                0x0000000008006afc                dsy_hal_map_gpio_clk_enable
 .text.HAL_MspInit
                0x0000000008006c4c        0x4 ../../DaisyExamples/libDaisy/build/libdaisy.a(stm32h7xx_hal.o)
                0x0000000008006c4c                HAL_MspInit
 .text.HAL_InitTick
                0x0000000008006c50       0x4c ../../DaisyExamples/libDaisy/build/libdaisy.a(stm32h7xx_hal.o)
                0x0000000008006c50                HAL_InitTick
 .text.HAL_Init
                0x0000000008006c9c       0x60 ../../DaisyExamples/libDaisy/build/libdaisy.a(stm32h7xx_hal.o)
                0x0000000008006c9c                HAL_Init
 .text.HAL_IncTick
                0x0000000008006cfc       0x18 ../../DaisyExamples/libDaisy/build/libdaisy.a(stm32h7xx_hal.o)
                0x0000000008006cfc                HAL_IncTick
 .text.HAL_GetTick
                0x0000000008006d14        0xc ../../DaisyExamples/libDaisy/build/libdaisy.a(stm32h7xx_hal.o)
                0x0000000008006d14                HAL_GetTick
 .text.HAL_Delay
                0x0000000008006d20       0x24 ../../DaisyExamples/libDaisy/build/libdaisy.a(stm32h7xx_hal.o)
                0x0000000008006d20                HAL_Delay
 .text.HAL_GetREVID
                0x0000000008006d44        0xc ../../DaisyExamples/libDaisy/build/libdaisy.a(stm32h7xx_hal.o)
                0x0000000008006d44                HAL_GetREVID
 .text.HAL_ADC_ConvHalfCpltCallback
                0x0000000008006d50        0x4 ../../DaisyExamples/libDaisy/build/libdaisy.a(stm32h7xx_hal_adc.o)
                0x0000000008006d50                HAL_ADC_ConvHalfCpltCallback
 .text.ADC_DMAHalfConvCplt
                0x0000000008006d54        0xc ../../DaisyExamples/libDaisy/build/libdaisy.a(stm32h7xx_hal_adc.o)
                0x0000000008006d54                ADC_DMAHalfConvCplt
 .text.ADC_DMAConvCplt
                0x0000000008006d60       0x6c ../../DaisyExamples/libDaisy/build/libdaisy.a(stm32h7xx_hal_adc.o)
                0x0000000008006d60                ADC_DMAConvCplt
 .text.ADC_DMAError
                0x0000000008006dcc       0x1c ../../DaisyExamples/libDaisy/build/libdaisy.a(stm32h7xx_hal_adc.o)
                0x0000000008006dcc                ADC_DMAError
 .text.HAL_ADC_ConfigChannel
                0x0000000008006de8      0x3fc ../../DaisyExamples/libDaisy/build/libdaisy.a(stm32h7xx_hal_adc.o)
                0x0000000008006de8                HAL_ADC_ConfigChannel
 .text.ADC_Enable
                0x00000000080071e4       0xac ../../DaisyExamples/libDaisy/build/libdaisy.a(stm32h7xx_hal_adc.o)
                0x00000000080071e4                ADC_Enable
 .text.HAL_ADC_Start_DMA
                0x0000000008007290      0x114 ../../DaisyExamples/libDaisy/build/libdaisy.a(stm32h7xx_hal_adc.o)
                0x0000000008007290                HAL_ADC_Start_DMA
 .text.ADC_Disable
                0x00000000080073a4       0x68 ../../DaisyExamples/libDaisy/build/libdaisy.a(stm32h7xx_hal_adc.o)
                0x00000000080073a4                ADC_Disable
 .text.ADC_ConfigureBoostMode
                0x000000000800740c      0x184 ../../DaisyExamples/libDaisy/build/libdaisy.a(stm32h7xx_hal_adc.o)
                0x000000000800740c                ADC_ConfigureBoostMode
 .text.HAL_ADC_Init
                0x0000000008007590      0x218 ../../DaisyExamples/libDaisy/build/libdaisy.a(stm32h7xx_hal_adc.o)
                0x0000000008007590                HAL_ADC_Init
 .text.HAL_ADCEx_Calibration_Start
                0x00000000080077a8       0xa4 ../../DaisyExamples/libDaisy/build/libdaisy.a(stm32h7xx_hal_adc_ex.o)
                0x00000000080077a8                HAL_ADCEx_Calibration_Start
 .text.HAL_ADCEx_MultiModeConfigChannel
                0x000000000800784c       0xc4 ../../DaisyExamples/libDaisy/build/libdaisy.a(stm32h7xx_hal_adc_ex.o)
                0x000000000800784c                HAL_ADCEx_MultiModeConfigChannel
 .text.HAL_NVIC_SetPriorityGrouping
                0x0000000008007910       0x24 ../../DaisyExamples/libDaisy/build/libdaisy.a(stm32h7xx_hal_cortex.o)
                0x0000000008007910                HAL_NVIC_SetPriorityGrouping
 .text.HAL_NVIC_SetPriority
                0x0000000008007934       0x7c ../../DaisyExamples/libDaisy/build/libdaisy.a(stm32h7xx_hal_cortex.o)
                0x0000000008007934                HAL_NVIC_SetPriority
 .text.HAL_NVIC_EnableIRQ
                0x00000000080079b0       0x1c ../../DaisyExamples/libDaisy/build/libdaisy.a(stm32h7xx_hal_cortex.o)
                0x00000000080079b0                HAL_NVIC_EnableIRQ
 .text.HAL_NVIC_DisableIRQ
                0x00000000080079cc       0x28 ../../DaisyExamples/libDaisy/build/libdaisy.a(stm32h7xx_hal_cortex.o)
                0x00000000080079cc                HAL_NVIC_DisableIRQ
 .text.HAL_SYSTICK_Config
                0x00000000080079f4       0x2c ../../DaisyExamples/libDaisy/build/libdaisy.a(stm32h7xx_hal_cortex.o)
                0x00000000080079f4                HAL_SYSTICK_Config
 .text.HAL_MPU_Disable
                0x0000000008007a20       0x1c ../../DaisyExamples/libDaisy/build/libdaisy.a(stm32h7xx_hal_cortex.o)
                0x0000000008007a20                HAL_MPU_Disable
 .text.HAL_MPU_Enable
                0x0000000008007a3c       0x20 ../../DaisyExamples/libDaisy/build/libdaisy.a(stm32h7xx_hal_cortex.o)
                0x0000000008007a3c                HAL_MPU_Enable
 .text.HAL_MPU_ConfigRegion
                0x0000000008007a5c       0x64 ../../DaisyExamples/libDaisy/build/libdaisy.a(stm32h7xx_hal_cortex.o)
                0x0000000008007a5c                HAL_MPU_ConfigRegion
 .text.HAL_SYSTICK_Callback
                0x0000000008007ac0        0x4 ../../DaisyExamples/libDaisy/build/libdaisy.a(stm32h7xx_hal_cortex.o)
                0x0000000008007ac0                HAL_SYSTICK_Callback
 .text.HAL_SYSTICK_IRQHandler
                0x0000000008007ac4        0x8 ../../DaisyExamples/libDaisy/build/libdaisy.a(stm32h7xx_hal_cortex.o)
                0x0000000008007ac4                HAL_SYSTICK_IRQHandler
 .text.DMA_CalcBaseAndBitshift
                0x0000000008007acc       0xf4 ../../DaisyExamples/libDaisy/build/libdaisy.a(stm32h7xx_hal_dma.o)
 .text.DMA_CalcDMAMUXChannelBaseAndMask
                0x0000000008007bc0       0xd8 ../../DaisyExamples/libDaisy/build/libdaisy.a(stm32h7xx_hal_dma.o)
 .text.HAL_DMA_Init
                0x0000000008007c98      0x37c ../../DaisyExamples/libDaisy/build/libdaisy.a(stm32h7xx_hal_dma.o)
                0x0000000008007c98                HAL_DMA_Init
 .text.HAL_DMA_Start_IT
                0x0000000008008014      0x240 ../../DaisyExamples/libDaisy/build/libdaisy.a(stm32h7xx_hal_dma.o)
                0x0000000008008014                HAL_DMA_Start_IT
 .text.HAL_DMA_Abort_IT
                0x0000000008008254      0x134 ../../DaisyExamples/libDaisy/build/libdaisy.a(stm32h7xx_hal_dma.o)
                0x0000000008008254                HAL_DMA_Abort_IT
 .text.HAL_DMA_IRQHandler
                0x0000000008008388      0x6a0 ../../DaisyExamples/libDaisy/build/libdaisy.a(stm32h7xx_hal_dma.o)
                0x0000000008008388                HAL_DMA_IRQHandler
 .text.HAL_DMA_GetError
                0x0000000008008a28        0x4 ../../DaisyExamples/libDaisy/build/libdaisy.a(stm32h7xx_hal_dma.o)
                0x0000000008008a28                HAL_DMA_GetError
 .text.HAL_GPIO_Init
                0x0000000008008a2c      0x280 ../../DaisyExamples/libDaisy/build/libdaisy.a(stm32h7xx_hal_gpio.o)
                0x0000000008008a2c                HAL_GPIO_Init
 .text.HAL_GPIO_DeInit
                0x0000000008008cac      0x190 ../../DaisyExamples/libDaisy/build/libdaisy.a(stm32h7xx_hal_gpio.o)
                0x0000000008008cac                HAL_GPIO_DeInit
 .text.HAL_GPIO_ReadPin
                0x0000000008008e3c        0xc ../../DaisyExamples/libDaisy/build/libdaisy.a(stm32h7xx_hal_gpio.o)
                0x0000000008008e3c                HAL_GPIO_ReadPin
 .text.HAL_GPIO_WritePin
                0x0000000008008e48        0x8 ../../DaisyExamples/libDaisy/build/libdaisy.a(stm32h7xx_hal_gpio.o)
                0x0000000008008e48                HAL_GPIO_WritePin
 .text.HAL_HCD_IRQHandler
                0x0000000008008e50      0x780 ../../DaisyExamples/libDaisy/build/libdaisy.a(stm32h7xx_hal_hcd.o)
                0x0000000008008e50                HAL_HCD_IRQHandler
 .text.HAL_HCD_Stop
                0x00000000080095d0       0x28 ../../DaisyExamples/libDaisy/build/libdaisy.a(stm32h7xx_hal_hcd.o)
                0x00000000080095d0                HAL_HCD_Stop
 .text.I2C_WaitOnTXISFlagUntilTimeout
                0x00000000080095f8       0xb8 ../../DaisyExamples/libDaisy/build/libdaisy.a(stm32h7xx_hal_i2c.o)
 .text.I2C_WaitOnSTOPFlagUntilTimeout
                0x00000000080096b0       0xac ../../DaisyExamples/libDaisy/build/libdaisy.a(stm32h7xx_hal_i2c.o)
 .text.HAL_I2C_Init
                0x000000000800975c       0xac ../../DaisyExamples/libDaisy/build/libdaisy.a(stm32h7xx_hal_i2c.o)
                0x000000000800975c                HAL_I2C_Init
 .text.HAL_I2C_Master_Transmit
                0x0000000008009808      0x1a8 ../../DaisyExamples/libDaisy/build/libdaisy.a(stm32h7xx_hal_i2c.o)
                0x0000000008009808                HAL_I2C_Master_Transmit
 .text.HAL_I2C_Slave_Transmit
                0x00000000080099b0      0x1c8 ../../DaisyExamples/libDaisy/build/libdaisy.a(stm32h7xx_hal_i2c.o)
                0x00000000080099b0                HAL_I2C_Slave_Transmit
 .text.HAL_I2C_EV_IRQHandler
                0x0000000008009b78       0x10 ../../DaisyExamples/libDaisy/build/libdaisy.a(stm32h7xx_hal_i2c.o)
                0x0000000008009b78                HAL_I2C_EV_IRQHandler
 .text.HAL_I2C_GetState
                0x0000000008009b88        0x8 ../../DaisyExamples/libDaisy/build/libdaisy.a(stm32h7xx_hal_i2c.o)
                0x0000000008009b88                HAL_I2C_GetState
 .text.HAL_I2CEx_ConfigAnalogFilter
                0x0000000008009b90       0x54 ../../DaisyExamples/libDaisy/build/libdaisy.a(stm32h7xx_hal_i2c_ex.o)
                0x0000000008009b90                HAL_I2CEx_ConfigAnalogFilter
 .text.HAL_I2CEx_ConfigDigitalFilter
                0x0000000008009be4       0x58 ../../DaisyExamples/libDaisy/build/libdaisy.a(stm32h7xx_hal_i2c_ex.o)
                0x0000000008009be4                HAL_I2CEx_ConfigDigitalFilter
 .text.HAL_PCD_Init
                0x0000000008009c3c      0x12c ../../DaisyExamples/libDaisy/build/libdaisy.a(stm32h7xx_hal_pcd.o)
                0x0000000008009c3c                HAL_PCD_Init
 .text.HAL_PCD_Start
                0x0000000008009d68       0x44 ../../DaisyExamples/libDaisy/build/libdaisy.a(stm32h7xx_hal_pcd.o)
                0x0000000008009d68                HAL_PCD_Start
 .text.HAL_PCD_IRQHandler
                0x0000000008009dac      0x69c ../../DaisyExamples/libDaisy/build/libdaisy.a(stm32h7xx_hal_pcd.o)
                0x0000000008009dac                HAL_PCD_IRQHandler
 .text.HAL_PCD_SetAddress
                0x000000000800a448       0x2c ../../DaisyExamples/libDaisy/build/libdaisy.a(stm32h7xx_hal_pcd.o)
                0x000000000800a448                HAL_PCD_SetAddress
 .text.HAL_PCD_EP_Open
                0x000000000800a474       0x7c ../../DaisyExamples/libDaisy/build/libdaisy.a(stm32h7xx_hal_pcd.o)
                0x000000000800a474                HAL_PCD_EP_Open
 .text.HAL_PCD_EP_Close
                0x000000000800a4f0       0x6c ../../DaisyExamples/libDaisy/build/libdaisy.a(stm32h7xx_hal_pcd.o)
                0x000000000800a4f0                HAL_PCD_EP_Close
 .text.HAL_PCD_EP_Receive
                0x000000000800a55c       0x50 ../../DaisyExamples/libDaisy/build/libdaisy.a(stm32h7xx_hal_pcd.o)
                0x000000000800a55c                HAL_PCD_EP_Receive
 .text.HAL_PCD_EP_GetRxCount
                0x000000000800a5ac       0x14 ../../DaisyExamples/libDaisy/build/libdaisy.a(stm32h7xx_hal_pcd.o)
                0x000000000800a5ac                HAL_PCD_EP_GetRxCount
 .text.HAL_PCD_EP_Transmit
                0x000000000800a5c0       0x50 ../../DaisyExamples/libDaisy/build/libdaisy.a(stm32h7xx_hal_pcd.o)
                0x000000000800a5c0                HAL_PCD_EP_Transmit
 .text.HAL_PCD_EP_SetStall
                0x000000000800a610       0x88 ../../DaisyExamples/libDaisy/build/libdaisy.a(stm32h7xx_hal_pcd.o)
                0x000000000800a610                HAL_PCD_EP_SetStall
 .text.HAL_PCD_EP_ClrStall
                0x000000000800a698       0x78 ../../DaisyExamples/libDaisy/build/libdaisy.a(stm32h7xx_hal_pcd.o)
                0x000000000800a698                HAL_PCD_EP_ClrStall
 .text.HAL_PCDEx_SetTxFiFo
                0x000000000800a710       0x54 ../../DaisyExamples/libDaisy/build/libdaisy.a(stm32h7xx_hal_pcd_ex.o)
                0x000000000800a710                HAL_PCDEx_SetTxFiFo
 .text.HAL_PCDEx_SetRxFiFo
                0x000000000800a764        0xc ../../DaisyExamples/libDaisy/build/libdaisy.a(stm32h7xx_hal_pcd_ex.o)
                0x000000000800a764                HAL_PCDEx_SetRxFiFo
 .text.HAL_PCDEx_ActivateLPM
                0x000000000800a770       0x30 ../../DaisyExamples/libDaisy/build/libdaisy.a(stm32h7xx_hal_pcd_ex.o)
                0x000000000800a770                HAL_PCDEx_ActivateLPM
 .text.HAL_PCDEx_LPM_Callback
                0x000000000800a7a0        0x4 ../../DaisyExamples/libDaisy/build/libdaisy.a(stm32h7xx_hal_pcd_ex.o)
                0x000000000800a7a0                HAL_PCDEx_LPM_Callback
 .text.HAL_PWREx_ConfigSupply
                0x000000000800a7a4       0x4c ../../DaisyExamples/libDaisy/build/libdaisy.a(stm32h7xx_hal_pwr_ex.o)
                0x000000000800a7a4                HAL_PWREx_ConfigSupply
 .text.HAL_PWREx_EnableUSBVoltageDetector
                0x000000000800a7f0       0x10 ../../DaisyExamples/libDaisy/build/libdaisy.a(stm32h7xx_hal_pwr_ex.o)
                0x000000000800a7f0                HAL_PWREx_EnableUSBVoltageDetector
 .text.QSPI_Config
                0x000000000800a800      0x174 ../../DaisyExamples/libDaisy/build/libdaisy.a(stm32h7xx_hal_qspi.o)
 .text.HAL_QSPI_Init
                0x000000000800a974       0xd8 ../../DaisyExamples/libDaisy/build/libdaisy.a(stm32h7xx_hal_qspi.o)
                0x000000000800a974                HAL_QSPI_Init
 .text.HAL_QSPI_DeInit
                0x000000000800aa4c       0x3c ../../DaisyExamples/libDaisy/build/libdaisy.a(stm32h7xx_hal_qspi.o)
                0x000000000800aa4c                HAL_QSPI_DeInit
 .text.HAL_QSPI_Command
                0x000000000800aa88       0xd4 ../../DaisyExamples/libDaisy/build/libdaisy.a(stm32h7xx_hal_qspi.o)
                0x000000000800aa88                HAL_QSPI_Command
 .text.HAL_QSPI_Transmit
                0x000000000800ab5c       0xfc ../../DaisyExamples/libDaisy/build/libdaisy.a(stm32h7xx_hal_qspi.o)
                0x000000000800ab5c                HAL_QSPI_Transmit
 .text.HAL_QSPI_Receive
                0x000000000800ac58      0x108 ../../DaisyExamples/libDaisy/build/libdaisy.a(stm32h7xx_hal_qspi.o)
                0x000000000800ac58                HAL_QSPI_Receive
 .text.HAL_QSPI_AutoPolling
                0x000000000800ad60       0xf0 ../../DaisyExamples/libDaisy/build/libdaisy.a(stm32h7xx_hal_qspi.o)
                0x000000000800ad60                HAL_QSPI_AutoPolling
 .text.HAL_QSPI_MemoryMapped
                0x000000000800ae50       0xc0 ../../DaisyExamples/libDaisy/build/libdaisy.a(stm32h7xx_hal_qspi.o)
                0x000000000800ae50                HAL_QSPI_MemoryMapped
 .text.HAL_QSPI_ErrorCallback
                0x000000000800af10        0x4 ../../DaisyExamples/libDaisy/build/libdaisy.a(stm32h7xx_hal_qspi.o)
                0x000000000800af10                HAL_QSPI_ErrorCallback
 .text.QSPI_DMAAbortCplt
                0x000000000800af14       0x38 ../../DaisyExamples/libDaisy/build/libdaisy.a(stm32h7xx_hal_qspi.o)
 .text.HAL_QSPI_AbortCpltCallback
                0x000000000800af4c        0x4 ../../DaisyExamples/libDaisy/build/libdaisy.a(stm32h7xx_hal_qspi.o)
                0x000000000800af4c                HAL_QSPI_AbortCpltCallback
 .text.HAL_QSPI_CmdCpltCallback
                0x000000000800af50        0x4 ../../DaisyExamples/libDaisy/build/libdaisy.a(stm32h7xx_hal_qspi.o)
                0x000000000800af50                HAL_QSPI_CmdCpltCallback
 .text.HAL_QSPI_RxCpltCallback
                0x000000000800af54        0x4 ../../DaisyExamples/libDaisy/build/libdaisy.a(stm32h7xx_hal_qspi.o)
                0x000000000800af54                HAL_QSPI_RxCpltCallback
 .text.HAL_QSPI_TxCpltCallback
                0x000000000800af58        0x4 ../../DaisyExamples/libDaisy/build/libdaisy.a(stm32h7xx_hal_qspi.o)
                0x000000000800af58                HAL_QSPI_TxCpltCallback
 .text.HAL_QSPI_FifoThresholdCallback
                0x000000000800af5c        0x4 ../../DaisyExamples/libDaisy/build/libdaisy.a(stm32h7xx_hal_qspi.o)
                0x000000000800af5c                HAL_QSPI_FifoThresholdCallback
 .text.HAL_QSPI_StatusMatchCallback
                0x000000000800af60        0x4 ../../DaisyExamples/libDaisy/build/libdaisy.a(stm32h7xx_hal_qspi.o)
                0x000000000800af60                HAL_QSPI_StatusMatchCallback
 .text.HAL_QSPI_TimeOutCallback
                0x000000000800af64        0x4 ../../DaisyExamples/libDaisy/build/libdaisy.a(stm32h7xx_hal_qspi.o)
                0x000000000800af64                HAL_QSPI_TimeOutCallback
 .text.HAL_QSPI_IRQHandler
                0x000000000800af68      0x210 ../../DaisyExamples/libDaisy/build/libdaisy.a(stm32h7xx_hal_qspi.o)
                0x000000000800af68                HAL_QSPI_IRQHandler
 .text.HAL_RCC_OscConfig
                0x000000000800b178      0x51c ../../DaisyExamples/libDaisy/build/libdaisy.a(stm32h7xx_hal_rcc.o)
                0x000000000800b178                HAL_RCC_OscConfig
 .text.HAL_RCC_GetSysClockFreq
                0x000000000800b694      0x140 ../../DaisyExamples/libDaisy/build/libdaisy.a(stm32h7xx_hal_rcc.o)
                0x000000000800b694                HAL_RCC_GetSysClockFreq
 .text.HAL_RCC_ClockConfig
                0x000000000800b7d4      0x234 ../../DaisyExamples/libDaisy/build/libdaisy.a(stm32h7xx_hal_rcc.o)
                0x000000000800b7d4                HAL_RCC_ClockConfig
 .text.HAL_RCC_GetHCLKFreq
                0x000000000800ba08       0x2c ../../DaisyExamples/libDaisy/build/libdaisy.a(stm32h7xx_hal_rcc.o)
                0x000000000800ba08                HAL_RCC_GetHCLKFreq
 .text.HAL_RCC_GetPCLK1Freq
                0x000000000800ba34       0x38 ../../DaisyExamples/libDaisy/build/libdaisy.a(stm32h7xx_hal_rcc.o)
                0x000000000800ba34                HAL_RCC_GetPCLK1Freq
 .text.HAL_RCC_GetPCLK2Freq
                0x000000000800ba6c       0x38 ../../DaisyExamples/libDaisy/build/libdaisy.a(stm32h7xx_hal_rcc.o)
                0x000000000800ba6c                HAL_RCC_GetPCLK2Freq
 .text.RCCEx_PLL2_Config
                0x000000000800baa4       0xf4 ../../DaisyExamples/libDaisy/build/libdaisy.a(stm32h7xx_hal_rcc_ex.o)
 .text.RCCEx_PLL3_Config
                0x000000000800bb98       0xf4 ../../DaisyExamples/libDaisy/build/libdaisy.a(stm32h7xx_hal_rcc_ex.o)
 .text.HAL_RCCEx_PeriphCLKConfig
                0x000000000800bc8c      0xa7c ../../DaisyExamples/libDaisy/build/libdaisy.a(stm32h7xx_hal_rcc_ex.o)
                0x000000000800bc8c                HAL_RCCEx_PeriphCLKConfig
 .text.HAL_RCCEx_GetD3PCLK1Freq
                0x000000000800c708       0x24 ../../DaisyExamples/libDaisy/build/libdaisy.a(stm32h7xx_hal_rcc_ex.o)
                0x000000000800c708                HAL_RCCEx_GetD3PCLK1Freq
 .text.HAL_RCCEx_GetPLL2ClockFreq
                0x000000000800c72c      0x17c ../../DaisyExamples/libDaisy/build/libdaisy.a(stm32h7xx_hal_rcc_ex.o)
                0x000000000800c72c                HAL_RCCEx_GetPLL2ClockFreq
 .text.HAL_RCCEx_GetPLL3ClockFreq
                0x000000000800c8a8      0x17c ../../DaisyExamples/libDaisy/build/libdaisy.a(stm32h7xx_hal_rcc_ex.o)
                0x000000000800c8a8                HAL_RCCEx_GetPLL3ClockFreq
 .text.HAL_RCCEx_GetPLL1ClockFreq
                0x000000000800ca24      0x17c ../../DaisyExamples/libDaisy/build/libdaisy.a(stm32h7xx_hal_rcc_ex.o)
                0x000000000800ca24                HAL_RCCEx_GetPLL1ClockFreq
 .text.HAL_RCCEx_GetPeriphCLKFreq
                0x000000000800cba0      0x198 ../../DaisyExamples/libDaisy/build/libdaisy.a(stm32h7xx_hal_rcc_ex.o)
                0x000000000800cba0                HAL_RCCEx_GetPeriphCLKFreq
 .text.HAL_RCCEx_GetD1SysClockFreq
                0x000000000800cd38       0x2c ../../DaisyExamples/libDaisy/build/libdaisy.a(stm32h7xx_hal_rcc_ex.o)
                0x000000000800cd38                HAL_RCCEx_GetD1SysClockFreq
 .text.HAL_SAI_Init.part.0
                0x000000000800cd64      0x348 ../../DaisyExamples/libDaisy/build/libdaisy.a(stm32h7xx_hal_sai.o)
 .text.HAL_SAI_InitProtocol
                0x000000000800d0ac      0x178 ../../DaisyExamples/libDaisy/build/libdaisy.a(stm32h7xx_hal_sai.o)
                0x000000000800d0ac                HAL_SAI_InitProtocol
 .text.HAL_SAI_Transmit_DMA
                0x000000000800d224      0x124 ../../DaisyExamples/libDaisy/build/libdaisy.a(stm32h7xx_hal_sai.o)
                0x000000000800d224                HAL_SAI_Transmit_DMA
 .text.HAL_SAI_Receive_DMA
                0x000000000800d348       0xd0 ../../DaisyExamples/libDaisy/build/libdaisy.a(stm32h7xx_hal_sai.o)
                0x000000000800d348                HAL_SAI_Receive_DMA
 .text.HAL_SAI_TxCpltCallback
                0x000000000800d418        0x4 ../../DaisyExamples/libDaisy/build/libdaisy.a(stm32h7xx_hal_sai.o)
                0x000000000800d418                HAL_SAI_TxCpltCallback
 .text.SAI_DMATxCplt
                0x000000000800d41c       0x64 ../../DaisyExamples/libDaisy/build/libdaisy.a(stm32h7xx_hal_sai.o)
 .text.HAL_SAI_TxHalfCpltCallback
                0x000000000800d480        0x4 ../../DaisyExamples/libDaisy/build/libdaisy.a(stm32h7xx_hal_sai.o)
                0x000000000800d480                HAL_SAI_TxHalfCpltCallback
 .text.SAI_DMATxHalfCplt
                0x000000000800d484        0xc ../../DaisyExamples/libDaisy/build/libdaisy.a(stm32h7xx_hal_sai.o)
 .text.SAI_DMARxCplt
                0x000000000800d490       0x64 ../../DaisyExamples/libDaisy/build/libdaisy.a(stm32h7xx_hal_sai.o)
 .text.SAI_DMARxHalfCplt
                0x000000000800d4f4        0xc ../../DaisyExamples/libDaisy/build/libdaisy.a(stm32h7xx_hal_sai.o)
 .text.HAL_SAI_ErrorCallback
                0x000000000800d500        0x4 ../../DaisyExamples/libDaisy/build/libdaisy.a(stm32h7xx_hal_sai.o)
                0x000000000800d500                HAL_SAI_ErrorCallback
 .text.SAI_DMAError
                0x000000000800d504       0x6c ../../DaisyExamples/libDaisy/build/libdaisy.a(stm32h7xx_hal_sai.o)
 .text.HAL_SDRAM_Init
                0x000000000800d570       0x54 ../../DaisyExamples/libDaisy/build/libdaisy.a(stm32h7xx_hal_sdram.o)
                0x000000000800d570                HAL_SDRAM_Init
 .text.HAL_SDRAM_SendCommand
                0x000000000800d5c4       0x40 ../../DaisyExamples/libDaisy/build/libdaisy.a(stm32h7xx_hal_sdram.o)
                0x000000000800d5c4                HAL_SDRAM_SendCommand
 .text.HAL_SDRAM_ProgramRefreshRate
                0x000000000800d604       0x30 ../../DaisyExamples/libDaisy/build/libdaisy.a(stm32h7xx_hal_sdram.o)
                0x000000000800d604                HAL_SDRAM_ProgramRefreshRate
 .text.HAL_UART_Transmit_DMA
                0x000000000800d634       0xa4 ../../DaisyExamples/libDaisy/build/libdaisy.a(stm32h7xx_hal_uart.o)
                0x000000000800d634                HAL_UART_Transmit_DMA
 .text.HAL_UART_Receive_DMA
                0x000000000800d6d8       0xac ../../DaisyExamples/libDaisy/build/libdaisy.a(stm32h7xx_hal_uart.o)
                0x000000000800d6d8                HAL_UART_Receive_DMA
 .text.UART_DMATransmitCplt
                0x000000000800d784       0x2c ../../DaisyExamples/libDaisy/build/libdaisy.a(stm32h7xx_hal_uart.o)
 .text.HAL_UART_TxHalfCpltCallback
                0x000000000800d7b0        0x4 ../../DaisyExamples/libDaisy/build/libdaisy.a(stm32h7xx_hal_uart.o)
                0x000000000800d7b0                HAL_UART_TxHalfCpltCallback
 .text.UART_DMATxHalfCplt
                0x000000000800d7b4        0xc ../../DaisyExamples/libDaisy/build/libdaisy.a(stm32h7xx_hal_uart.o)
 .text.UART_DMAReceiveCplt
                0x000000000800d7c0       0x38 ../../DaisyExamples/libDaisy/build/libdaisy.a(stm32h7xx_hal_uart.o)
 .text.UART_DMARxHalfCplt
                0x000000000800d7f8        0xc ../../DaisyExamples/libDaisy/build/libdaisy.a(stm32h7xx_hal_uart.o)
 .text.UART_DMAError
                0x000000000800d804       0x78 ../../DaisyExamples/libDaisy/build/libdaisy.a(stm32h7xx_hal_uart.o)
 .text.HAL_UART_IRQHandler
                0x000000000800d87c      0x1d0 ../../DaisyExamples/libDaisy/build/libdaisy.a(stm32h7xx_hal_uart.o)
                0x000000000800d87c                HAL_UART_IRQHandler
 .text.UART_DMAAbortOnError
                0x000000000800da4c       0x14 ../../DaisyExamples/libDaisy/build/libdaisy.a(stm32h7xx_hal_uart.o)
 .text.HAL_UART_GetState
                0x000000000800da60        0xc ../../DaisyExamples/libDaisy/build/libdaisy.a(stm32h7xx_hal_uart.o)
                0x000000000800da60                HAL_UART_GetState
 .text.UART_SetConfig
                0x000000000800da6c     0x14b8 ../../DaisyExamples/libDaisy/build/libdaisy.a(stm32h7xx_hal_uart.o)
                0x000000000800da6c                UART_SetConfig
 .text.UART_AdvFeatureConfig
                0x000000000800ef24       0xb0 ../../DaisyExamples/libDaisy/build/libdaisy.a(stm32h7xx_hal_uart.o)
                0x000000000800ef24                UART_AdvFeatureConfig
 .text.UART_CheckIdleState
                0x000000000800efd4       0x84 ../../DaisyExamples/libDaisy/build/libdaisy.a(stm32h7xx_hal_uart.o)
                0x000000000800efd4                UART_CheckIdleState
 .text.HAL_UART_Init
                0x000000000800f058       0x68 ../../DaisyExamples/libDaisy/build/libdaisy.a(stm32h7xx_hal_uart.o)
                0x000000000800f058                HAL_UART_Init
 .text.HAL_UARTEx_WakeupCallback
                0x000000000800f0c0        0x4 ../../DaisyExamples/libDaisy/build/libdaisy.a(stm32h7xx_hal_uart_ex.o)
                0x000000000800f0c0                HAL_UARTEx_WakeupCallback
 .text.HAL_UARTEx_RxFifoFullCallback
                0x000000000800f0c4        0x4 ../../DaisyExamples/libDaisy/build/libdaisy.a(stm32h7xx_hal_uart_ex.o)
                0x000000000800f0c4                HAL_UARTEx_RxFifoFullCallback
 .text.HAL_UARTEx_TxFifoEmptyCallback
                0x000000000800f0c8        0x4 ../../DaisyExamples/libDaisy/build/libdaisy.a(stm32h7xx_hal_uart_ex.o)
                0x000000000800f0c8                HAL_UARTEx_TxFifoEmptyCallback
 .text.HAL_UARTEx_DisableFifoMode
                0x000000000800f0cc       0x3c ../../DaisyExamples/libDaisy/build/libdaisy.a(stm32h7xx_hal_uart_ex.o)
                0x000000000800f0cc                HAL_UARTEx_DisableFifoMode
 .text.HAL_UARTEx_SetTxFifoThreshold
                0x000000000800f108       0xa4 ../../DaisyExamples/libDaisy/build/libdaisy.a(stm32h7xx_hal_uart_ex.o)
                0x000000000800f108                HAL_UARTEx_SetTxFifoThreshold
 .text.HAL_UARTEx_SetRxFifoThreshold
                0x000000000800f1ac       0xa4 ../../DaisyExamples/libDaisy/build/libdaisy.a(stm32h7xx_hal_uart_ex.o)
                0x000000000800f1ac                HAL_UARTEx_SetRxFifoThreshold
 .text.FMC_SDRAM_Init
                0x000000000800f250       0x7c ../../DaisyExamples/libDaisy/build/libdaisy.a(stm32h7xx_ll_fmc.o)
                0x000000000800f250                FMC_SDRAM_Init
 .text.FMC_SDRAM_Timing_Init
                0x000000000800f2cc       0x98 ../../DaisyExamples/libDaisy/build/libdaisy.a(stm32h7xx_ll_fmc.o)
                0x000000000800f2cc                FMC_SDRAM_Timing_Init
 .text.FMC_SDRAM_SendCommand
                0x000000000800f364       0x28 ../../DaisyExamples/libDaisy/build/libdaisy.a(stm32h7xx_ll_fmc.o)
                0x000000000800f364                FMC_SDRAM_SendCommand
 .text.FMC_SDRAM_ProgramRefreshRate
                0x000000000800f38c       0x1c ../../DaisyExamples/libDaisy/build/libdaisy.a(stm32h7xx_ll_fmc.o)
                0x000000000800f38c                FMC_SDRAM_ProgramRefreshRate
 .text.USB_CoreInit
                0x000000000800f3a8      0x124 ../../DaisyExamples/libDaisy/build/libdaisy.a(stm32h7xx_ll_usb.o)
                0x000000000800f3a8                USB_CoreInit
 .text.USB_SetTurnaroundTime
                0x000000000800f4cc      0x104 ../../DaisyExamples/libDaisy/build/libdaisy.a(stm32h7xx_ll_usb.o)
                0x000000000800f4cc                USB_SetTurnaroundTime
 .text.USB_EnableGlobalInt
                0x000000000800f5d0       0x10 ../../DaisyExamples/libDaisy/build/libdaisy.a(stm32h7xx_ll_usb.o)
                0x000000000800f5d0                USB_EnableGlobalInt
 .text.USB_DisableGlobalInt
                0x000000000800f5e0       0x10 ../../DaisyExamples/libDaisy/build/libdaisy.a(stm32h7xx_ll_usb.o)
                0x000000000800f5e0                USB_DisableGlobalInt
 .text.USB_SetCurrentMode
                0x000000000800f5f0       0x30 ../../DaisyExamples/libDaisy/build/libdaisy.a(stm32h7xx_ll_usb.o)
                0x000000000800f5f0                USB_SetCurrentMode
 .text.USB_DevInit
                0x000000000800f620      0x20c ../../DaisyExamples/libDaisy/build/libdaisy.a(stm32h7xx_ll_usb.o)
                0x000000000800f620                USB_DevInit
 .text.USB_FlushTxFifo
                0x000000000800f82c       0x34 ../../DaisyExamples/libDaisy/build/libdaisy.a(stm32h7xx_ll_usb.o)
                0x000000000800f82c                USB_FlushTxFifo
 .text.USB_GetDevSpeed
                0x000000000800f860       0x24 ../../DaisyExamples/libDaisy/build/libdaisy.a(stm32h7xx_ll_usb.o)
                0x000000000800f860                USB_GetDevSpeed
 .text.USB_ActivateEndpoint
                0x000000000800f884       0x90 ../../DaisyExamples/libDaisy/build/libdaisy.a(stm32h7xx_ll_usb.o)
                0x000000000800f884                USB_ActivateEndpoint
 .text.USB_DeactivateEndpoint
                0x000000000800f914       0x84 ../../DaisyExamples/libDaisy/build/libdaisy.a(stm32h7xx_ll_usb.o)
                0x000000000800f914                USB_DeactivateEndpoint
 .text.USB_EPStartXfer
                0x000000000800f998      0x230 ../../DaisyExamples/libDaisy/build/libdaisy.a(stm32h7xx_ll_usb.o)
                0x000000000800f998                USB_EPStartXfer
 .text.USB_EP0StartXfer
                0x000000000800fbc8      0x174 ../../DaisyExamples/libDaisy/build/libdaisy.a(stm32h7xx_ll_usb.o)
                0x000000000800fbc8                USB_EP0StartXfer
 .text.USB_WritePacket
                0x000000000800fd3c       0x2c ../../DaisyExamples/libDaisy/build/libdaisy.a(stm32h7xx_ll_usb.o)
                0x000000000800fd3c                USB_WritePacket
 .text.USB_ReadPacket
                0x000000000800fd68       0x20 ../../DaisyExamples/libDaisy/build/libdaisy.a(stm32h7xx_ll_usb.o)
                0x000000000800fd68                USB_ReadPacket
 .text.USB_EPSetStall
                0x000000000800fd88       0x68 ../../DaisyExamples/libDaisy/build/libdaisy.a(stm32h7xx_ll_usb.o)
                0x000000000800fd88                USB_EPSetStall
 .text.USB_EPClearStall
                0x000000000800fdf0       0x58 ../../DaisyExamples/libDaisy/build/libdaisy.a(stm32h7xx_ll_usb.o)
                0x000000000800fdf0                USB_EPClearStall
 .text.USB_SetDevAddress
                0x000000000800fe48       0x24 ../../DaisyExamples/libDaisy/build/libdaisy.a(stm32h7xx_ll_usb.o)
                0x000000000800fe48                USB_SetDevAddress
 .text.USB_DevConnect
                0x000000000800fe6c       0x1c ../../DaisyExamples/libDaisy/build/libdaisy.a(stm32h7xx_ll_usb.o)
                0x000000000800fe6c                USB_DevConnect
 .text.USB_DevDisconnect
                0x000000000800fe88       0x1c ../../DaisyExamples/libDaisy/build/libdaisy.a(stm32h7xx_ll_usb.o)
                0x000000000800fe88                USB_DevDisconnect
 .text.USB_ReadInterrupts
                0x000000000800fea4       0x14 ../../DaisyExamples/libDaisy/build/libdaisy.a(stm32h7xx_ll_usb.o)
                0x000000000800fea4                USB_ReadInterrupts
 .text.USB_ReadDevAllOutEpInterrupt
                0x000000000800feb8       0x1c ../../DaisyExamples/libDaisy/build/libdaisy.a(stm32h7xx_ll_usb.o)
                0x000000000800feb8                USB_ReadDevAllOutEpInterrupt
 .text.USB_ReadDevAllInEpInterrupt
                0x000000000800fed4       0x1c ../../DaisyExamples/libDaisy/build/libdaisy.a(stm32h7xx_ll_usb.o)
                0x000000000800fed4                USB_ReadDevAllInEpInterrupt
 .text.USB_ReadDevOutEPInterrupt
                0x000000000800fef0       0x1c ../../DaisyExamples/libDaisy/build/libdaisy.a(stm32h7xx_ll_usb.o)
                0x000000000800fef0                USB_ReadDevOutEPInterrupt
 .text.USB_ReadDevInEPInterrupt
                0x000000000800ff0c       0x38 ../../DaisyExamples/libDaisy/build/libdaisy.a(stm32h7xx_ll_usb.o)
                0x000000000800ff0c                USB_ReadDevInEPInterrupt
 .text.USB_GetMode
                0x000000000800ff44        0x8 ../../DaisyExamples/libDaisy/build/libdaisy.a(stm32h7xx_ll_usb.o)
                0x000000000800ff44                USB_GetMode
 .text.USB_ActivateSetup
                0x000000000800ff4c       0x38 ../../DaisyExamples/libDaisy/build/libdaisy.a(stm32h7xx_ll_usb.o)
                0x000000000800ff4c                USB_ActivateSetup
 .text.USB_EP0_OutStart
                0x000000000800ff84       0x58 ../../DaisyExamples/libDaisy/build/libdaisy.a(stm32h7xx_ll_usb.o)
                0x000000000800ff84                USB_EP0_OutStart
 .text.USB_InitFSLSPClkSel
                0x000000000800ffdc       0x44 ../../DaisyExamples/libDaisy/build/libdaisy.a(stm32h7xx_ll_usb.o)
                0x000000000800ffdc                USB_InitFSLSPClkSel
 .text.USB_HC_ReadInterrupt
                0x0000000008010020        0x8 ../../DaisyExamples/libDaisy/build/libdaisy.a(stm32h7xx_ll_usb.o)
                0x0000000008010020                USB_HC_ReadInterrupt
 .text.USB_HC_Halt
                0x0000000008010028       0xc0 ../../DaisyExamples/libDaisy/build/libdaisy.a(stm32h7xx_ll_usb.o)
                0x0000000008010028                USB_HC_Halt
 .text.USB_StopHost
                0x00000000080100e8      0x2ec ../../DaisyExamples/libDaisy/build/libdaisy.a(stm32h7xx_ll_usb.o)
                0x00000000080100e8                USB_StopHost
 .text.USBD_Init
                0x00000000080103d4       0x44 ../../DaisyExamples/libDaisy/build/libdaisy.a(usbd_core.o)
                0x00000000080103d4                USBD_Init
 .text.USBD_RegisterClass
                0x0000000008010418       0x2c ../../DaisyExamples/libDaisy/build/libdaisy.a(usbd_core.o)
                0x0000000008010418                USBD_RegisterClass
 .text.USBD_Start
                0x0000000008010444        0xc ../../DaisyExamples/libDaisy/build/libdaisy.a(usbd_core.o)
                0x0000000008010444                USBD_Start
 .text.USBD_SetClassConfig
                0x0000000008010450       0x14 ../../DaisyExamples/libDaisy/build/libdaisy.a(usbd_core.o)
                0x0000000008010450                USBD_SetClassConfig
 .text.USBD_ClrClassConfig
                0x0000000008010464       0x10 ../../DaisyExamples/libDaisy/build/libdaisy.a(usbd_core.o)
                0x0000000008010464                USBD_ClrClassConfig
 .text.USBD_LL_SetupStage
                0x0000000008010474       0x5c ../../DaisyExamples/libDaisy/build/libdaisy.a(usbd_core.o)
                0x0000000008010474                USBD_LL_SetupStage
 .text.USBD_LL_DataOutStage
                0x00000000080104d0       0x7c ../../DaisyExamples/libDaisy/build/libdaisy.a(usbd_core.o)
                0x00000000080104d0                USBD_LL_DataOutStage
 .text.USBD_LL_DataInStage
                0x000000000801054c       0xcc ../../DaisyExamples/libDaisy/build/libdaisy.a(usbd_core.o)
                0x000000000801054c                USBD_LL_DataInStage
 .text.USBD_LL_Reset
                0x0000000008010618       0x50 ../../DaisyExamples/libDaisy/build/libdaisy.a(usbd_core.o)
                0x0000000008010618                USBD_LL_Reset
 .text.USBD_LL_SetSpeed
                0x0000000008010668        0x8 ../../DaisyExamples/libDaisy/build/libdaisy.a(usbd_core.o)
                0x0000000008010668                USBD_LL_SetSpeed
 .text.USBD_LL_Suspend
                0x0000000008010670       0x14 ../../DaisyExamples/libDaisy/build/libdaisy.a(usbd_core.o)
                0x0000000008010670                USBD_LL_Suspend
 .text.USBD_LL_Resume
                0x0000000008010684       0x10 ../../DaisyExamples/libDaisy/build/libdaisy.a(usbd_core.o)
                0x0000000008010684                USBD_LL_Resume
 .text.USBD_LL_SOF
                0x0000000008010694       0x1c ../../DaisyExamples/libDaisy/build/libdaisy.a(usbd_core.o)
                0x0000000008010694                USBD_LL_SOF
 .text.USBD_LL_IsoINIncomplete
                0x00000000080106b0        0x4 ../../DaisyExamples/libDaisy/build/libdaisy.a(usbd_core.o)
                0x00000000080106b0                USBD_LL_IsoINIncomplete
 .text.USBD_LL_IsoOUTIncomplete
                0x00000000080106b4        0x4 ../../DaisyExamples/libDaisy/build/libdaisy.a(usbd_core.o)